Archive member included to satisfy reference by file (symbol)

/home/oosman/repos/nextgen/build_wayland/tmp/work/imx8mm_var_dart-fslc-linux/freertos-variscite/2.9.x-r0/gcc-arm-none-eabi-9-2020-q2-update/bin/../lib/gcc/arm-none-eabi/9.3.1/../../../../arm-none-eabi/lib/thumb/v7e-m+fp/hard/libc_nano.a(lib_a-errno.o)
                              CMakeFiles/rpmsg_lite_str_echo_rtos_imxcm4.elf.dir/home/oosman/nextgen/build_wayland/tmp/work/imx8mm_var_dart-fslc-linux/freertos-variscite/2.9.x-r0/git/devices/MIMX8MM6/utilities/str/fsl_str.c.obj (__errno)
/home/oosman/repos/nextgen/build_wayland/tmp/work/imx8mm_var_dart-fslc-linux/freertos-variscite/2.9.x-r0/gcc-arm-none-eabi-9-2020-q2-update/bin/../lib/gcc/arm-none-eabi/9.3.1/../../../../arm-none-eabi/lib/thumb/v7e-m+fp/hard/libc_nano.a(lib_a-exit.o)
                              /home/oosman/repos/nextgen/build_wayland/tmp/work/imx8mm_var_dart-fslc-linux/freertos-variscite/2.9.x-r0/gcc-arm-none-eabi-9-2020-q2-update/bin/../lib/gcc/arm-none-eabi/9.3.1/../../../../arm-none-eabi/lib/thumb/v7e-m+fp/hard/crt0.o (exit)
/home/oosman/repos/nextgen/build_wayland/tmp/work/imx8mm_var_dart-fslc-linux/freertos-variscite/2.9.x-r0/gcc-arm-none-eabi-9-2020-q2-update/bin/../lib/gcc/arm-none-eabi/9.3.1/../../../../arm-none-eabi/lib/thumb/v7e-m+fp/hard/libc_nano.a(lib_a-impure.o)
                              /home/oosman/repos/nextgen/build_wayland/tmp/work/imx8mm_var_dart-fslc-linux/freertos-variscite/2.9.x-r0/gcc-arm-none-eabi-9-2020-q2-update/bin/../lib/gcc/arm-none-eabi/9.3.1/../../../../arm-none-eabi/lib/thumb/v7e-m+fp/hard/libc_nano.a(lib_a-exit.o) (_global_impure_ptr)
/home/oosman/repos/nextgen/build_wayland/tmp/work/imx8mm_var_dart-fslc-linux/freertos-variscite/2.9.x-r0/gcc-arm-none-eabi-9-2020-q2-update/bin/../lib/gcc/arm-none-eabi/9.3.1/../../../../arm-none-eabi/lib/thumb/v7e-m+fp/hard/libc_nano.a(lib_a-init.o)
                              /home/oosman/repos/nextgen/build_wayland/tmp/work/imx8mm_var_dart-fslc-linux/freertos-variscite/2.9.x-r0/gcc-arm-none-eabi-9-2020-q2-update/bin/../lib/gcc/arm-none-eabi/9.3.1/../../../../arm-none-eabi/lib/thumb/v7e-m+fp/hard/crt0.o (__libc_init_array)
/home/oosman/repos/nextgen/build_wayland/tmp/work/imx8mm_var_dart-fslc-linux/freertos-variscite/2.9.x-r0/gcc-arm-none-eabi-9-2020-q2-update/bin/../lib/gcc/arm-none-eabi/9.3.1/../../../../arm-none-eabi/lib/thumb/v7e-m+fp/hard/libc_nano.a(lib_a-malloc.o)
                              CMakeFiles/rpmsg_lite_str_echo_rtos_imxcm4.elf.dir/home/oosman/nextgen/build_wayland/tmp/work/imx8mm_var_dart-fslc-linux/freertos-variscite/2.9.x-r0/git/devices/MIMX8MM6/drivers/fsl_common.c.obj (malloc)
/home/oosman/repos/nextgen/build_wayland/tmp/work/imx8mm_var_dart-fslc-linux/freertos-variscite/2.9.x-r0/gcc-arm-none-eabi-9-2020-q2-update/bin/../lib/gcc/arm-none-eabi/9.3.1/../../../../arm-none-eabi/lib/thumb/v7e-m+fp/hard/libc_nano.a(lib_a-memcpy-stub.o)
                              CMakeFiles/rpmsg_lite_str_echo_rtos_imxcm4.elf.dir/home/oosman/nextgen/local_sources/rpmsg_lite_str_echo_rtos/main_remote.c.obj (memcpy)
/home/oosman/repos/nextgen/build_wayland/tmp/work/imx8mm_var_dart-fslc-linux/freertos-variscite/2.9.x-r0/gcc-arm-none-eabi-9-2020-q2-update/bin/../lib/gcc/arm-none-eabi/9.3.1/../../../../arm-none-eabi/lib/thumb/v7e-m+fp/hard/libc_nano.a(lib_a-memset.o)
                              /home/oosman/repos/nextgen/build_wayland/tmp/work/imx8mm_var_dart-fslc-linux/freertos-variscite/2.9.x-r0/gcc-arm-none-eabi-9-2020-q2-update/bin/../lib/gcc/arm-none-eabi/9.3.1/../../../../arm-none-eabi/lib/thumb/v7e-m+fp/hard/crt0.o (memset)
/home/oosman/repos/nextgen/build_wayland/tmp/work/imx8mm_var_dart-fslc-linux/freertos-variscite/2.9.x-r0/gcc-arm-none-eabi-9-2020-q2-update/bin/../lib/gcc/arm-none-eabi/9.3.1/../../../../arm-none-eabi/lib/thumb/v7e-m+fp/hard/libc_nano.a(lib_a-nano-freer.o)
                              /home/oosman/repos/nextgen/build_wayland/tmp/work/imx8mm_var_dart-fslc-linux/freertos-variscite/2.9.x-r0/gcc-arm-none-eabi-9-2020-q2-update/bin/../lib/gcc/arm-none-eabi/9.3.1/../../../../arm-none-eabi/lib/thumb/v7e-m+fp/hard/libc_nano.a(lib_a-malloc.o) (_free_r)
/home/oosman/repos/nextgen/build_wayland/tmp/work/imx8mm_var_dart-fslc-linux/freertos-variscite/2.9.x-r0/gcc-arm-none-eabi-9-2020-q2-update/bin/../lib/gcc/arm-none-eabi/9.3.1/../../../../arm-none-eabi/lib/thumb/v7e-m+fp/hard/libc_nano.a(lib_a-nano-mallocr.o)
                              /home/oosman/repos/nextgen/build_wayland/tmp/work/imx8mm_var_dart-fslc-linux/freertos-variscite/2.9.x-r0/gcc-arm-none-eabi-9-2020-q2-update/bin/../lib/gcc/arm-none-eabi/9.3.1/../../../../arm-none-eabi/lib/thumb/v7e-m+fp/hard/libc_nano.a(lib_a-malloc.o) (_malloc_r)
/home/oosman/repos/nextgen/build_wayland/tmp/work/imx8mm_var_dart-fslc-linux/freertos-variscite/2.9.x-r0/gcc-arm-none-eabi-9-2020-q2-update/bin/../lib/gcc/arm-none-eabi/9.3.1/../../../../arm-none-eabi/lib/thumb/v7e-m+fp/hard/libc_nano.a(lib_a-printf.o)
[...]
Memory Configuration

Name             Origin             Length             Attributes
m_interrupts     0x000000001ffe0000 0x0000000000000240 xr
m_text           0x000000001ffe0240 0x000000000001fdc0 xr
m_data           0x0000000020000000 0x0000000000020000 rw
m_data2          0x000000007e000000 0x0000000001000000 rw
*default*        0x0000000000000000 0xffffffffffffffff

Linker script and memory map

LOAD /home/oosman/repos/nextgen/build_wayland/tmp/work/imx8mm_var_dart-fslc-linux/freertos-variscite/2.9.x-r0/gcc-arm-none-eabi-9-2020-q2-update/bin/../lib/gcc/arm-none-eabi/9.3.1/thumb/v7e-m+fp/hard/crti.o
LOAD /home/oosman/repos/nextgen/build_wayland/tmp/work/imx8mm_var_dart-fslc-linux/freertos-variscite/2.9.x-r0/gcc-arm-none-eabi-9-2020-q2-update/bin/../lib/gcc/arm-none-eabi/9.3.1/thumb/v7e-m+fp/hard/crtbegin.o
LOAD /home/oosman/repos/nextgen/build_wayland/tmp/work/imx8mm_var_dart-fslc-linux/freertos-variscite/2.9.x-r0/gcc-arm-none-eabi-9-2020-q2-update/bin/../lib/gcc/arm-none-eabi/9.3.1/../../../../arm-none-eabi/lib/thumb/v7e-m+fp/hard/crt0.o
                0x0000000000000400                __stack_size__ = 0x400
                0x0000000000000400                __heap_size__ = 0x400
LOAD CMakeFiles/rpmsg_lite_str_echo_rtos_imxcm4.elf.dir/home/oosman/nextgen/local_sources/rpmsg_lite_str_echo_rtos/main_remote.c.obj
LOAD CMakeFiles/rpmsg_lite_str_echo_rtos_imxcm4.elf.dir/home/oosman/nextgen/local_sources/rpmsg_lite_str_echo_rtos/pin_mux.c.obj
LOAD CMakeFiles/rpmsg_lite_str_echo_rtos_imxcm4.elf.dir/home/oosman/nextgen/local_sources/rpmsg_lite_str_echo_rtos/rsc_table.c.obj
LOAD CMakeFiles/rpmsg_lite_str_echo_rtos_imxcm4.elf.dir/home/oosman/nextgen/local_sources/rpmsg_lite_str_echo_rtos/board.c.obj
LOAD CMakeFiles/rpmsg_lite_str_echo_rtos_imxcm4.elf.dir/home/oosman/nextgen/local_sources/rpmsg_lite_str_echo_rtos/clock_config.c.obj
LOAD CMakeFiles/rpmsg_lite_str_echo_rtos_imxcm4.elf.dir/home/oosman/nextgen/build_wayland/tmp/work/imx8mm_var_dart-fslc-linux/freertos-variscite/2.9.x-r0/git/middleware/multicore/rpmsg_lite/lib/rpmsg_lite/porting/platform/imx8mm_m4/rpmsg_platform.c.obj
LOAD CMakeFiles/rpmsg_lite_str_echo_rtos_imxcm4.elf.dir/home/oosman/nextgen/build_wayland/tmp/work/imx8mm_var_dart-fslc-linux/freertos-variscite/2.9.x-r0/git/middleware/multicore/rpmsg_lite/lib/common/llist.c.obj
LOAD CMakeFiles/rpmsg_lite_str_echo_rtos_imxcm4.elf.dir/home/oosman/nextgen/build_wayland/tmp/work/imx8mm_var_dart-fslc-linux/freertos-variscite/2.9.x-r0/git/middleware/multicore/rpmsg_lite/lib/rpmsg_lite/rpmsg_lite.c.obj
LOAD CMakeFiles/rpmsg_lite_str_echo_rtos_imxcm4.elf.dir/home/oosman/nextgen/build_wayland/tmp/work/imx8mm_var_dart-fslc-linux/freertos-variscite/2.9.x-r0/git/middleware/multicore/rpmsg_lite/lib/rpmsg_lite/rpmsg_ns.c.obj
LOAD CMakeFiles/rpmsg_lite_str_echo_rtos_imxcm4.elf.dir/home/oosman/nextgen/build_wayland/tmp/work/imx8mm_var_dart-fslc-linux/freertos-variscite/2.9.x-r0/git/middleware/multicore/rpmsg_lite/lib/virtio/virtqueue.c.obj
LOAD CMakeFiles/rpmsg_lite_str_echo_rtos_imxcm4.elf.dir/home/oosman/nextgen/build_wayland/tmp/work/imx8mm_var_dart-fslc-linux/freertos-variscite/2.9.x-r0/git/middleware/multicore/rpmsg_lite/lib/rpmsg_lite/porting/environment/rpmsg_env_freertos.c.obj
LOAD CMakeFiles/rpmsg_lite_str_echo_rtos_imxcm4.elf.dir/home/oosman/nextgen/build_wayland/tmp/work/imx8mm_var_dart-fslc-linux/freertos-variscite/2.9.x-r0/git/middleware/multicore/rpmsg_lite/lib/rpmsg_lite/rpmsg_queue.c.obj
LOAD CMakeFiles/rpmsg_lite_str_echo_rtos_imxcm4.elf.dir/home/oosman/nextgen/build_wayland/tmp/work/imx8mm_var_dart-fslc-linux/freertos-variscite/2.9.x-r0/git/rtos/freertos/freertos_kernel/event_groups.c.obj
LOAD CMakeFiles/rpmsg_lite_str_echo_rtos_imxcm4.elf.dir/home/oosman/nextgen/build_wayland/tmp/work/imx8mm_var_dart-fslc-linux/freertos-variscite/2.9.x-r0/git/rtos/freertos/freertos_kernel/croutine.c.obj
LOAD CMakeFiles/rpmsg_lite_str_echo_rtos_imxcm4.elf.dir/home/oosman/nextgen/build_wayland/tmp/work/imx8mm_var_dart-fslc-linux/freertos-variscite/2.9.x-r0/git/rtos/freertos/freertos_kernel/list.c.obj
LOAD CMakeFiles/rpmsg_lite_str_echo_rtos_imxcm4.elf.dir/home/oosman/nextgen/build_wayland/tmp/work/imx8mm_var_dart-fslc-linux/freertos-variscite/2.9.x-r0/git/rtos/freertos/freertos_kernel/portable/GCC/ARM_CM4F/port.c.obj
LOAD CMakeFiles/rpmsg_lite_str_echo_rtos_imxcm4.elf.dir/home/oosman/nextgen/build_wayland/tmp/work/imx8mm_var_dart-fslc-linux/freertos-variscite/2.9.x-r0/git/rtos/freertos/freertos_kernel/queue.c.obj
LOAD CMakeFiles/rpmsg_lite_str_echo_rtos_imxcm4.elf.dir/home/oosman/nextgen/build_wayland/tmp/work/imx8mm_var_dart-fslc-linux/freertos-variscite/2.9.x-r0/git/rtos/freertos/freertos_kernel/stream_buffer.c.obj
LOAD CMakeFiles/rpmsg_lite_str_echo_rtos_imxcm4.elf.dir/home/oosman/nextgen/build_wayland/tmp/work/imx8mm_var_dart-fslc-linux/freertos-variscite/2.9.x-r0/git/rtos/freertos/freertos_kernel/tasks.c.obj
LOAD CMakeFiles/rpmsg_lite_str_echo_rtos_imxcm4.elf.dir/home/oosman/nextgen/build_wayland/tmp/work/imx8mm_var_dart-fslc-linux/freertos-variscite/2.9.x-r0/git/rtos/freertos/freertos_kernel/timers.c.obj
LOAD CMakeFiles/rpmsg_lite_str_echo_rtos_imxcm4.elf.dir/home/oosman/nextgen/build_wayland/tmp/work/imx8mm_var_dart-fslc-linux/freertos-variscite/2.9.x-r0/git/rtos/freertos/freertos_kernel/portable/MemMang/heap_4.c.obj
LOAD CMakeFiles/rpmsg_lite_str_echo_rtos_imxcm4.elf.dir/home/oosman/nextgen/build_wayland/tmp/work/imx8mm_var_dart-fslc-linux/freertos-variscite/2.9.x-r0/git/devices/MIMX8MM6/drivers/fsl_clock.c.obj
LOAD CMakeFiles/rpmsg_lite_str_echo_rtos_imxcm4.elf.dir/home/oosman/nextgen/build_wayland/tmp/work/imx8mm_var_dart-fslc-linux/freertos-variscite/2.9.x-r0/git/devices/MIMX8MM6/drivers/fsl_common.c.obj
LOAD CMakeFiles/rpmsg_lite_str_echo_rtos_imxcm4.elf.dir/home/oosman/nextgen/build_wayland/tmp/work/imx8mm_var_dart-fslc-linux/freertos-variscite/2.9.x-r0/git/devices/MIMX8MM6/drivers/fsl_mu.c.obj
LOAD CMakeFiles/rpmsg_lite_str_echo_rtos_imxcm4.elf.dir/home/oosman/nextgen/build_wayland/tmp/work/imx8mm_var_dart-fslc-linux/freertos-variscite/2.9.x-r0/git/devices/MIMX8MM6/drivers/fsl_rdc.c.obj
LOAD CMakeFiles/rpmsg_lite_str_echo_rtos_imxcm4.elf.dir/home/oosman/nextgen/build_wayland/tmp/work/imx8mm_var_dart-fslc-linux/freertos-variscite/2.9.x-r0/git/devices/MIMX8MM6/utilities/str/fsl_str.c.obj
LOAD CMakeFiles/rpmsg_lite_str_echo_rtos_imxcm4.elf.dir/home/oosman/nextgen/build_wayland/tmp/work/imx8mm_var_dart-fslc-linux/freertos-variscite/2.9.x-r0/git/devices/MIMX8MM6/utilities/debug_console/fsl_debug_console.c.obj
LOAD CMakeFiles/rpmsg_lite_str_echo_rtos_imxcm4.elf.dir/home/oosman/nextgen/build_wayland/tmp/work/imx8mm_var_dart-fslc-linux/freertos-variscite/2.9.x-r0/git/components/serial_manager/fsl_component_serial_manager.c.obj
LOAD CMakeFiles/rpmsg_lite_str_echo_rtos_imxcm4.elf.dir/home/oosman/nextgen/build_wayland/tmp/work/imx8mm_var_dart-fslc-linux/freertos-variscite/2.9.x-r0/git/components/serial_manager/fsl_component_serial_port_uart.c.obj
LOAD CMakeFiles/rpmsg_lite_str_echo_rtos_imxcm4.elf.dir/home/oosman/nextgen/build_wayland/tmp/work/imx8mm_var_dart-fslc-linux/freertos-variscite/2.9.x-r0/git/devices/MIMX8MM6/drivers/fsl_uart.c.obj
LOAD CMakeFiles/rpmsg_lite_str_echo_rtos_imxcm4.elf.dir/home/oosman/nextgen/build_wayland/tmp/work/imx8mm_var_dart-fslc-linux/freertos-variscite/2.9.x-r0/git/components/uart/fsl_adapter_iuart.c.obj
LOAD CMakeFiles/rpmsg_lite_str_echo_rtos_imxcm4.elf.dir/home/oosman/nextgen/build_wayland/tmp/work/imx8mm_var_dart-fslc-linux/freertos-variscite/2.9.x-r0/git/components/lists/fsl_component_generic_list.c.obj
LOAD CMakeFiles/rpmsg_lite_str_echo_rtos_imxcm4.elf.dir/home/oosman/nextgen/build_wayland/tmp/work/imx8mm_var_dart-fslc-linux/freertos-variscite/2.9.x-r0/git/devices/MIMX8MM6/gcc/startup_MIMX8MM6_cm4.S.obj
LOAD CMakeFiles/rpmsg_lite_str_echo_rtos_imxcm4.elf.dir/home/oosman/nextgen/build_wayland/tmp/work/imx8mm_var_dart-fslc-linux/freertos-variscite/2.9.x-r0/git/devices/MIMX8MM6/system_MIMX8MM6_cm4.c.obj
LOAD CMakeFiles/rpmsg_lite_str_echo_rtos_imxcm4.elf.dir/home/oosman/nextgen/build_wayland/tmp/work/imx8mm_var_dart-fslc-linux/freertos-variscite/2.9.x-r0/git/devices/MIMX8MM6/utilities/fsl_assert.c.obj
LOAD CMakeFiles/rpmsg_lite_str_echo_rtos_imxcm4.elf.dir/home/oosman/nextgen/build_wayland/tmp/work/imx8mm_var_dart-fslc-linux/freertos-variscite/2.9.x-r0/git/devices/MIMX8MM6/utilities/fsl_sbrk.c.obj
START GROUP
LOAD /home/oosman/repos/nextgen/build_wayland/tmp/work/imx8mm_var_dart-fslc-linux/freertos-variscite/2.9.x-r0/gcc-arm-none-eabi-9-2020-q2-update/bin/../lib/gcc/arm-none-eabi/9.3.1/../../../../arm-none-eabi/lib/thumb/v7e-m+fp/hard/libm.a
LOAD /home/oosman/repos/nextgen/build_wayland/tmp/work/imx8mm_var_dart-fslc-linux/freertos-variscite/2.9.x-r0/gcc-arm-none-eabi-9-2020-q2-update/bin/../lib/gcc/arm-none-eabi/9.3.1/../../../../arm-none-eabi/lib/thumb/v7e-m+fp/hard/libc_nano.a
LOAD /home/oosman/repos/nextgen/build_wayland/tmp/work/imx8mm_var_dart-fslc-linux/freertos-variscite/2.9.x-r0/gcc-arm-none-eabi-9-2020-q2-update/bin/../lib/gcc/arm-none-eabi/9.3.1/thumb/v7e-m+fp/hard/libgcc.a
LOAD /home/oosman/repos/nextgen/build_wayland/tmp/work/imx8mm_var_dart-fslc-linux/freertos-variscite/2.9.x-r0/gcc-arm-none-eabi-9-2020-q2-update/bin/../lib/gcc/arm-none-eabi/9.3.1/../../../../arm-none-eabi/lib/thumb/v7e-m+fp/hard/libnosys.a
END GROUP
START GROUP
LOAD /home/oosman/repos/nextgen/build_wayland/tmp/work/imx8mm_var_dart-fslc-linux/freertos-variscite/2.9.x-r0/gcc-arm-none-eabi-9-2020-q2-update/bin/../lib/gcc/arm-none-eabi/9.3.1/thumb/v7e-m+fp/hard/libgcc.a
LOAD /home/oosman/repos/nextgen/build_wayland/tmp/work/imx8mm_var_dart-fslc-linux/freertos-variscite/2.9.x-r0/gcc-arm-none-eabi-9-2020-q2-update/bin/../lib/gcc/arm-none-eabi/9.3.1/../../../../arm-none-eabi/lib/thumb/v7e-m+fp/hard/libg_nano.a
LOAD /home/oosman/repos/nextgen/build_wayland/tmp/work/imx8mm_var_dart-fslc-linux/freertos-variscite/2.9.x-r0/gcc-arm-none-eabi-9-2020-q2-update/bin/../lib/gcc/arm-none-eabi/9.3.1/../../../../arm-none-eabi/lib/thumb/v7e-m+fp/hard/libc_nano.a
END GROUP
START GROUP
LOAD /home/oosman/repos/nextgen/build_wayland/tmp/work/imx8mm_var_dart-fslc-linux/freertos-variscite/2.9.x-r0/gcc-arm-none-eabi-9-2020-q2-update/bin/../lib/gcc/arm-none-eabi/9.3.1/thumb/v7e-m+fp/hard/libgcc.a
LOAD /home/oosman/repos/nextgen/build_wayland/tmp/work/imx8mm_var_dart-fslc-linux/freertos-variscite/2.9.x-r0/gcc-arm-none-eabi-9-2020-q2-update/bin/../lib/gcc/arm-none-eabi/9.3.1/../../../../arm-none-eabi/lib/thumb/v7e-m+fp/hard/libc_nano.a
LOAD /home/oosman/repos/nextgen/build_wayland/tmp/work/imx8mm_var_dart-fslc-linux/freertos-variscite/2.9.x-r0/gcc-arm-none-eabi-9-2020-q2-update/bin/../lib/gcc/arm-none-eabi/9.3.1/../../../../arm-none-eabi/lib/thumb/v7e-m+fp/hard/libnosys.a
END GROUP
START GROUP
LOAD /home/oosman/repos/nextgen/build_wayland/tmp/work/imx8mm_var_dart-fslc-linux/freertos-variscite/2.9.x-r0/gcc-arm-none-eabi-9-2020-q2-update/bin/../lib/gcc/arm-none-eabi/9.3.1/thumb/v7e-m+fp/hard/libgcc.a
LOAD /home/oosman/repos/nextgen/build_wayland/tmp/work/imx8mm_var_dart-fslc-linux/freertos-variscite/2.9.x-r0/gcc-arm-none-eabi-9-2020-q2-update/bin/../lib/gcc/arm-none-eabi/9.3.1/../../../../arm-none-eabi/lib/thumb/v7e-m+fp/hard/libc_nano.a
LOAD /home/oosman/repos/nextgen/build_wayland/tmp/work/imx8mm_var_dart-fslc-linux/freertos-variscite/2.9.x-r0/gcc-arm-none-eabi-9-2020-q2-update/bin/../lib/gcc/arm-none-eabi/9.3.1/../../../../arm-none-eabi/lib/thumb/v7e-m+fp/hard/libnosys.a
END GROUP
LOAD /home/oosman/repos/nextgen/build_wayland/tmp/work/imx8mm_var_dart-fslc-linux/freertos-variscite/2.9.x-r0/gcc-arm-none-eabi-9-2020-q2-update/bin/../lib/gcc/arm-none-eabi/9.3.1/thumb/v7e-m+fp/hard/crtend.o
LOAD /home/oosman/repos/nextgen/build_wayland/tmp/work/imx8mm_var_dart-fslc-linux/freertos-variscite/2.9.x-r0/gcc-arm-none-eabi-9-2020-q2-update/bin/../lib/gcc/arm-none-eabi/9.3.1/thumb/v7e-m+fp/hard/crtn.o
                0x0000000000000400                HEAP_SIZE = DEFINED (__heap_size__)?__heap_size__:0x400
                0x0000000000000400                STACK_SIZE = DEFINED (__stack_size__)?__stack_size__:0x400

.interrupts     0x000000001ffe0000      0x240
                0x000000001ffe0000                __VECTOR_TABLE = .
                0x000000001ffe0000                __Vectors = .
                0x000000001ffe0000                . = ALIGN (0x4)
 *(.isr_vector)
 .isr_vector    0x000000001ffe0000      0x240 CMakeFiles/rpmsg_lite_str_echo_rtos_imxcm4.elf.dir/home/oosman/nextgen/build_wayland/tmp/work/imx8mm_var_dart-fslc-linux/freertos-variscite/2.9.x-r0/git/devices/MIMX8MM6/gcc/startup_MIMX8MM6_cm4.S.obj
                0x000000001ffe0000                __isr_vector
                0x000000001ffe0240                . = ALIGN (0x4)

.resource_table
                0x000000001ffe0240       0x58
                0x000000001ffe0240                . = ALIGN (0x8)
 *(.resource_table)
 .resource_table
                0x000000001ffe0240       0x58 CMakeFiles/rpmsg_lite_str_echo_rtos_imxcm4.elf.dir/home/oosman/nextgen/local_sources/rpmsg_lite_str_echo_rtos/rsc_table.c.obj
                0x000000001ffe0240                resources
                0x000000001ffe0298                . = ALIGN (0x8)

.text           0x000000001ffe02a0     0x8ab0
                0x000000001ffe02a0                . = ALIGN (0x4)
 *(.text)
 .text          0x000000001ffe02a0       0x40 /home/oosman/repos/nextgen/build_wayland/tmp/work/imx8mm_var_dart-fslc-linux/freertos-variscite/2.9.x-r0/gcc-arm-none-eabi-9-2020-q2-update/bin/../lib/gcc/arm-none-eabi/9.3.1/thumb/v7e-m+fp/hard/crtbegin.o
 .text          0x000000001ffe02e0       0x7c /home/oosman/repos/nextgen/build_wayland/tmp/work/imx8mm_var_dart-fslc-linux/freertos-variscite/2.9.x-r0/gcc-arm-none-eabi-9-2020-q2-update/bin/../lib/gcc/arm-none-eabi/9.3.1/../../../../arm-none-eabi/lib/thumb/v7e-m+fp/hard/crt0.o
                0x000000001ffe02e0                _stack_init
                0x000000001ffe02e8                _mainCRTStartup
                0x000000001ffe02e8                _start
 .text          0x000000001ffe035c      0x1a0 CMakeFiles/rpmsg_lite_str_echo_rtos_imxcm4.elf.dir/home/oosman/nextgen/build_wayland/tmp/work/imx8mm_var_dart-fslc-linux/freertos-variscite/2.9.x-r0/git/devices/MIMX8MM6/gcc/startup_MIMX8MM6_cm4.S.obj
                0x000000001ffe035c                Reset_Handler
                0x000000001ffe03e8                Reserved96_IRQHandler
                0x000000001ffe03e8                SJC_IRQHandler
                0x000000001ffe03e8                DebugMon_Handler
                0x000000001ffe03e8                DDR_PerformanceMonitor_IRQHandler
                0x000000001ffe03e8                SRC_IRQHandler
                0x000000001ffe03e8                GPIO2_Combined_0_15_IRQHandler
                0x000000001ffe03e8                GPIO1_INT2_IRQHandler
                0x000000001ffe03e8                PWM1_IRQHandler
                0x000000001ffe03e8                CAAM_IRQ1_IRQHandler
                0x000000001ffe03e8                CPU_Error_L2RAM_IRQHandler
                0x000000001ffe03e8                CAAM_ERROR_IRQHandler
                0x000000001ffe03e8                GPIO1_INT7_IRQHandler
                0x000000001ffe03e8                Reserved59_IRQHandler
                0x000000001ffe03e8                PCIE_CTRL1_IRQ0_IRQHandler
                0x000000001ffe03e8                Reserved29_IRQHandler
                0x000000001ffe03e8                QOS_IRQHandler
                0x000000001ffe03e8                PDM_HWVAD_ERROR_IRQHandler
                0x000000001ffe03e8                I2S2_DriverIRQHandler
                0x000000001ffe03e8                GPIO5_Combined_0_15_IRQHandler
                0x000000001ffe03e8                MIPI_DSI_IRQHandler
                0x000000001ffe03e8                I2C3_DriverIRQHandler
                0x000000001ffe03e8                USB1_IRQHandler
                0x000000001ffe03e8                ENET_1588_DriverIRQHandler
                0x000000001ffe03e8                SNVS_IRQHandler
                0x000000001ffe03e8                Reserved116_IRQHandler
                0x000000001ffe03e8                SRC_Combined_IRQHandler
                0x000000001ffe03e8                GPIO4_Combined_0_15_IRQHandler
                0x000000001ffe03e8                Reserved92_IRQHandler
                0x000000001ffe03e8                VPU_G1_IRQHandler
                0x000000001ffe03e8                PERFMON1_IRQHandler
                0x000000001ffe03e8                SCTR_IRQ0_IRQHandler
                0x000000001ffe03e8                PWM3_IRQHandler
                0x000000001ffe03e8                I2C2_DriverIRQHandler
                0x000000001ffe03e8                GPU2D_IRQHandler
                0x000000001ffe03e8                HS_CP0_IRQHandler
                0x000000001ffe03e8                UsageFault_Handler
                0x000000001ffe03e8                WDOG1_IRQHandler
                0x000000001ffe03e8                DAP_IRQHandler
                0x000000001ffe03e8                TEMPMON_LOW_IRQHandler
                0x000000001ffe03e8                GPT1_IRQHandler
                0x000000001ffe03e8                DefaultISR
                0x000000001ffe03e8                VPU_G2_IRQHandler
                0x000000001ffe03e8                Reserved58_IRQHandler
                0x000000001ffe03e8                I2S3_DriverIRQHandler
                0x000000001ffe03e8                SDMA2_DriverIRQHandler
                0x000000001ffe03e8                GPT3_IRQHandler
                0x000000001ffe03e8                SNVS_Security_IRQHandler
                0x000000001ffe03e8                USDHC1_DriverIRQHandler
                0x000000001ffe03e8                GPIO1_INT0_IRQHandler
                0x000000001ffe03e8                CCM_IRQ1_IRQHandler
                0x000000001ffe03e8                CSU_IRQHandler
                0x000000001ffe03e8                ENET_MAC0_Rx_Tx_Done2_DriverIRQHandler
                0x000000001ffe03e8                ECSPI3_DriverIRQHandler
                0x000000001ffe03e8                SDMA1_DriverIRQHandler
                0x000000001ffe03e8                ENET_DriverIRQHandler
                0x000000001ffe03e8                MIPI_CSI1_IRQHandler
                0x000000001ffe03e8                ECSPI2_DriverIRQHandler
                0x000000001ffe03e8                GPIO1_Combined_16_31_IRQHandler
                0x000000001ffe03e8                CPU_CTI_Trigger_IRQHandler
                0x000000001ffe03e8                PERFMON2_IRQHandler
                0x000000001ffe03e8                QSPI_DriverIRQHandler
                0x000000001ffe03e8                GPIO3_Combined_16_31_IRQHandler
                0x000000001ffe03e8                CPU_Error_AXI_IRQHandler
                0x000000001ffe03e8                CSI1_IRQHandler
                0x000000001ffe03e8                RDC_IRQHandler
                0x000000001ffe03e8                WDOG2_IRQHandler
                0x000000001ffe03e8                GPIO1_INT5_IRQHandler
                0x000000001ffe03e8                PWM2_IRQHandler
                0x000000001ffe03e8                GPIO1_INT6_IRQHandler
                0x000000001ffe03e8                SNVS_Consolidated_IRQHandler
                0x000000001ffe03e8                I2S1_DriverIRQHandler
                0x000000001ffe03e8                GPR_IRQ_IRQHandler
                0x000000001ffe03e8                PCIE_CTRL1_IRQ1_IRQHandler
                0x000000001ffe03e8                GPC_IRQHandler
                0x000000001ffe03e8                GPIO3_Combined_0_15_IRQHandler
                0x000000001ffe03e8                I2S56_DriverIRQHandler
                0x000000001ffe03e8                SCTR_IRQ1_IRQHandler
                0x000000001ffe03e8                GPMI_IRQHandler
                0x000000001ffe03e8                GPIO5_Combined_16_31_IRQHandler
                0x000000001ffe03e8                CPU_PerformanceUnit_IRQHandler
                0x000000001ffe03e8                ENET_MAC0_Rx_Tx_Done1_DriverIRQHandler
                0x000000001ffe03e8                PWM4_IRQHandler
                0x000000001ffe03e8                TZASC_IRQHandler
                0x000000001ffe03e8                MU_A53_IRQHandler
                0x000000001ffe03e8                USDHC3_DriverIRQHandler
                0x000000001ffe03e8                GPIO1_INT1_IRQHandler
                0x000000001ffe03e8                DDR_IRQHandler
                0x000000001ffe03e8                PCIE_CTRL1_IRQHandler
                0x000000001ffe03e8                HS_CP1_IRQHandler
                0x000000001ffe03e8                GPIO1_INT4_IRQHandler
                0x000000001ffe03e8                USDHC2_DriverIRQHandler
                0x000000001ffe03e8                MemManage_Handler
                0x000000001ffe03e8                Reserved90_IRQHandler
                0x000000001ffe03e8                GPT4_IRQHandler
                0x000000001ffe03e8                Reserved133_IRQHandler
                0x000000001ffe03e8                PDM_EVENT_DriverIRQHandler
                0x000000001ffe03e8                I2C4_DriverIRQHandler
                0x000000001ffe03e8                USB2_IRQHandler
                0x000000001ffe03e8                PDM_HWVAD_EVENT_IRQHandler
                0x000000001ffe03e8                BCH_IRQHandler
                0x000000001ffe03e8                Reserved142_IRQHandler
                0x000000001ffe03e8                VPU_H1_IRQHandler
                0x000000001ffe03e8                GPIO1_INT3_IRQHandler
                0x000000001ffe03e8                GPIO1_Combined_0_15_IRQHandler
                0x000000001ffe03e8                I2C1_DriverIRQHandler
                0x000000001ffe03e8                Reserved91_IRQHandler
                0x000000001ffe03e8                Reserved127_IRQHandler
                0x000000001ffe03e8                SDMA3_DriverIRQHandler
                0x000000001ffe03e8                ECSPI1_DriverIRQHandler
                0x000000001ffe03e8                PCIE_CTRL1_IRQ3_IRQHandler
                0x000000001ffe03e8                PCIE_CTRL1_IRQ2_IRQHandler
                0x000000001ffe03e8                GPU3D_IRQHandler
                0x000000001ffe03e8                APBHDMA_DriverIRQHandler
                0x000000001ffe03e8                GPIO2_Combined_16_31_IRQHandler
                0x000000001ffe03e8                SPDIF1_DriverIRQHandler
                0x000000001ffe03e8                CAAM_IRQ2_IRQHandler
                0x000000001ffe03e8                GPT2_IRQHandler
                0x000000001ffe03e8                RTIC_IRQHandler
                0x000000001ffe03e8                PDM_ERROR_IRQHandler
                0x000000001ffe03e8                GPT5_IRQHandler
                0x000000001ffe03e8                BusFault_Handler
                0x000000001ffe03e8                GPIO4_Combined_16_31_IRQHandler
                0x000000001ffe03e8                Reserved93_IRQHandler
                0x000000001ffe03e8                GPT6_IRQHandler
                0x000000001ffe03e8                CAAM_IRQ0_IRQHandler
                0x000000001ffe03e8                CCM_IRQ2_IRQHandler
                0x000000001ffe03e8                WDOG3_IRQHandler
                0x000000001ffe03e8                LCDIF_IRQHandler
                0x000000001ffe03ec                NMI_Handler
                0x000000001ffe03f0                HardFault_Handler
                0x000000001ffe0400                SDMA1_IRQHandler
                0x000000001ffe0404                SPDIF1_IRQHandler
                0x000000001ffe0408                APBHDMA_IRQHandler
                0x000000001ffe040c                USDHC1_IRQHandler
                0x000000001ffe0410                USDHC2_IRQHandler
                0x000000001ffe0414                USDHC3_IRQHandler
                0x000000001ffe0418                UART1_IRQHandler
                0x000000001ffe041c                UART2_IRQHandler
                0x000000001ffe0420                UART3_IRQHandler
                0x000000001ffe0424                UART4_IRQHandler
                0x000000001ffe0428                ECSPI1_IRQHandler
                0x000000001ffe042c                ECSPI2_IRQHandler
                0x000000001ffe0430                ECSPI3_IRQHandler
                0x000000001ffe0434                SDMA3_IRQHandler
                0x000000001ffe0438                I2C1_IRQHandler
                0x000000001ffe043c                I2C2_IRQHandler
                0x000000001ffe0440                I2C3_IRQHandler
                0x000000001ffe0444                I2C4_IRQHandler
                0x000000001ffe0448                I2S3_IRQHandler
                0x000000001ffe044c                I2S56_IRQHandler
                0x000000001ffe0450                I2S1_IRQHandler
                0x000000001ffe0454                I2S2_IRQHandler
                0x000000001ffe0458                SDMA2_IRQHandler
                0x000000001ffe045c                QSPI_IRQHandler
                0x000000001ffe0460                PDM_EVENT_IRQHandler
                0x000000001ffe0464                ENET_MAC0_Rx_Tx_Done1_IRQHandler
                0x000000001ffe0468                ENET_MAC0_Rx_Tx_Done2_IRQHandler
                0x000000001ffe046c                ENET_IRQHandler
                0x000000001ffe0470                ENET_1588_IRQHandler
 .text          0x000000001ffe04fc       0x10 /home/oosman/repos/nextgen/build_wayland/tmp/work/imx8mm_var_dart-fslc-linux/freertos-variscite/2.9.x-r0/gcc-arm-none-eabi-9-2020-q2-update/bin/../lib/gcc/arm-none-eabi/9.3.1/../../../../arm-none-eabi/lib/thumb/v7e-m+fp/hard/libc_nano.a(lib_a-strlen.o)
                0x000000001ffe04fc                strlen
 *fill*         0x000000001ffe050c        0x4 
 .text          0x000000001ffe0510       0xa0 /home/oosman/repos/nextgen/build_wayland/tmp/work/imx8mm_var_dart-fslc-linux/freertos-variscite/2.9.x-r0/gcc-arm-none-eabi-9-2020-q2-update/bin/../lib/gcc/arm-none-eabi/9.3.1/../../../../arm-none-eabi/lib/thumb/v7e-m+fp/hard/libc_nano.a(lib_a-memchr.o)
                0x000000001ffe0510                memchr
 .text          0x000000001ffe05b0       0x30 /home/oosman/repos/nextgen/build_wayland/tmp/work/imx8mm_var_dart-fslc-linux/freertos-variscite/2.9.x-r0/gcc-arm-none-eabi-9-2020-q2-update/bin/../lib/gcc/arm-none-eabi/9.3.1/thumb/v7e-m+fp/hard/libgcc.a(_aeabi_uldivmod.o)
                0x000000001ffe05b0                __aeabi_uldivmod
 .text          0x000000001ffe05e0      0x2c4 /home/oosman/repos/nextgen/build_wayland/tmp/work/imx8mm_var_dart-fslc-linux/freertos-variscite/2.9.x-r0/gcc-arm-none-eabi-9-2020-q2-update/bin/../lib/gcc/arm-none-eabi/9.3.1/thumb/v7e-m+fp/hard/libgcc.a(_udivmoddi4.o)
                0x000000001ffe05e0                __udivmoddi4
 .text          0x000000001ffe08a4        0x4 /home/oosman/repos/nextgen/build_wayland/tmp/work/imx8mm_var_dart-fslc-linux/freertos-variscite/2.9.x-r0/gcc-arm-none-eabi-9-2020-q2-update/bin/../lib/gcc/arm-none-eabi/9.3.1/thumb/v7e-m+fp/hard/libgcc.a(_dvmd_tls.o)
                0x000000001ffe08a4                __aeabi_ldiv0
                0x000000001ffe08a4                __aeabi_idiv0
 *(.text*)
 .text.RpmsgChannel_Init
                0x000000001ffe08a8       0xa4 CMakeFiles/rpmsg_lite_str_echo_rtos_imxcm4.elf.dir/home/oosman/nextgen/local_sources/rpmsg_lite_str_echo_rtos/main_remote.c.obj
 .text.PrepareBufferToSend
                0x000000001ffe094c       0x3c CMakeFiles/rpmsg_lite_str_echo_rtos_imxcm4.elf.dir/home/oosman/nextgen/local_sources/rpmsg_lite_str_echo_rtos/main_remote.c.obj
 .text.CopyReceivedMessage
                0x000000001ffe0988       0x80 CMakeFiles/rpmsg_lite_str_echo_rtos_imxcm4.elf.dir/home/oosman/nextgen/local_sources/rpmsg_lite_str_echo_rtos/main_remote.c.obj
 .text.EchoMessageToIMX
                0x000000001ffe0a08       0xa0 CMakeFiles/rpmsg_lite_str_echo_rtos_imxcm4.elf.dir/home/oosman/nextgen/local_sources/rpmsg_lite_str_echo_rtos/main_remote.c.obj
 .text.ReleaseRpmsgRxBuffer
                0x000000001ffe0aa8       0x3c CMakeFiles/rpmsg_lite_str_echo_rtos_imxcm4.elf.dir/home/oosman/nextgen/local_sources/rpmsg_lite_str_echo_rtos/main_remote.c.obj
                0x000000001ffe0aa8                ReleaseRpmsgRxBuffer
 .text.app_task
                0x000000001ffe0ae4      0x100 CMakeFiles/rpmsg_lite_str_echo_rtos_imxcm4.elf.dir/home/oosman/nextgen/local_sources/rpmsg_lite_str_echo_rtos/main_remote.c.obj
 .text.main     0x000000001ffe0be4       0x64 CMakeFiles/rpmsg_lite_str_echo_rtos_imxcm4.elf.dir/home/oosman/nextgen/local_sources/rpmsg_lite_str_echo_rtos/main_remote.c.obj
                0x000000001ffe0be4                main
 .text.IOMUXC_SetPinMux
                0x000000001ffe0c48       0x3e CMakeFiles/rpmsg_lite_str_echo_rtos_imxcm4.elf.dir/home/oosman/nextgen/local_sources/rpmsg_lite_str_echo_rtos/pin_mux.c.obj
 .text.IOMUXC_SetPinConfig
                0x000000001ffe0c86       0x26 CMakeFiles/rpmsg_lite_str_echo_rtos_imxcm4.elf.dir/home/oosman/nextgen/local_sources/rpmsg_lite_str_echo_rtos/pin_mux.c.obj
 .text.BOARD_InitBootPins
                0x000000001ffe0cac        0xc CMakeFiles/rpmsg_lite_str_echo_rtos_imxcm4.elf.dir/home/oosman/nextgen/local_sources/rpmsg_lite_str_echo_rtos/pin_mux.c.obj
                0x000000001ffe0cac                BOARD_InitBootPins
 .text.BOARD_InitPins
                0x000000001ffe0cb8       0x70 CMakeFiles/rpmsg_lite_str_echo_rtos_imxcm4.elf.dir/home/oosman/nextgen/local_sources/rpmsg_lite_str_echo_rtos/pin_mux.c.obj
                0x000000001ffe0cb8                BOARD_InitPins
 .text.copyResourceTable
                0x000000001ffe0d28       0x28 CMakeFiles/rpmsg_lite_str_echo_rtos_imxcm4.elf.dir/home/oosman/nextgen/local_sources/rpmsg_lite_str_echo_rtos/rsc_table.c.obj
                0x000000001ffe0d28                copyResourceTable
 .text.CLOCK_GetRootPreDivider
                0x000000001ffe0d50       0x20 CMakeFiles/rpmsg_lite_str_echo_rtos_imxcm4.elf.dir/home/oosman/nextgen/local_sources/rpmsg_lite_str_echo_rtos/board.c.obj
 .text.CLOCK_GetRootPostDivider
                0x000000001ffe0d70       0x1e CMakeFiles/rpmsg_lite_str_echo_rtos_imxcm4.elf.dir/home/oosman/nextgen/local_sources/rpmsg_lite_str_echo_rtos/board.c.obj
 .text.CLOCK_ControlGate
                0x000000001ffe0d8e       0x1e CMakeFiles/rpmsg_lite_str_echo_rtos_imxcm4.elf.dir/home/oosman/nextgen/local_sources/rpmsg_lite_str_echo_rtos/board.c.obj
 .text.BOARD_InitDebugConsole
                0x000000001ffe0dac       0x5c CMakeFiles/rpmsg_lite_str_echo_rtos_imxcm4.elf.dir/home/oosman/nextgen/local_sources/rpmsg_lite_str_echo_rtos/board.c.obj
                0x000000001ffe0dac                BOARD_InitDebugConsole
 .text.BOARD_InitMemory
                0x000000001ffe0e08      0x140 CMakeFiles/rpmsg_lite_str_echo_rtos_imxcm4.elf.dir/home/oosman/nextgen/local_sources/rpmsg_lite_str_echo_rtos/board.c.obj
                0x000000001ffe0e08                BOARD_InitMemory
 .text.BOARD_RdcInit
                0x000000001ffe0f48       0xb4 CMakeFiles/rpmsg_lite_str_echo_rtos_imxcm4.elf.dir/home/oosman/nextgen/local_sources/rpmsg_lite_str_echo_rtos/board.c.obj
                0x000000001ffe0f48                BOARD_RdcInit
 .text.CLOCK_SetRootMux
                0x000000001ffe0ffc       0x2c CMakeFiles/rpmsg_lite_str_echo_rtos_imxcm4.elf.dir/home/oosman/nextgen/local_sources/rpmsg_lite_str_echo_rtos/clock_config.c.obj
 .text.BOARD_BootClockRUN
                0x000000001ffe1028       0xe4 CMakeFiles/rpmsg_lite_str_echo_rtos_imxcm4.elf.dir/home/oosman/nextgen/local_sources/rpmsg_lite_str_echo_rtos/clock_config.c.obj
                0x000000001ffe1028                BOARD_BootClockRUN
 .text.RL_HANG  0x000000001ffe110c        0x6 CMakeFiles/rpmsg_lite_str_echo_rtos_imxcm4.elf.dir/home/oosman/nextgen/build_wayland/tmp/work/imx8mm_var_dart-fslc-linux/freertos-variscite/2.9.x-r0/git/middleware/multicore/rpmsg_lite/lib/rpmsg_lite/porting/platform/imx8mm_m4/rpmsg_platform.c.obj
 *fill*         0x000000001ffe1112        0x2 
 .text.__NVIC_EnableIRQ
                0x000000001ffe1114       0x3c CMakeFiles/rpmsg_lite_str_echo_rtos_imxcm4.elf.dir/home/oosman/nextgen/build_wayland/tmp/work/imx8mm_var_dart-fslc-linux/freertos-variscite/2.9.x-r0/git/middleware/multicore/rpmsg_lite/lib/rpmsg_lite/porting/platform/imx8mm_m4/rpmsg_platform.c.obj
 .text.__NVIC_DisableIRQ
                0x000000001ffe1150       0x48 CMakeFiles/rpmsg_lite_str_echo_rtos_imxcm4.elf.dir/home/oosman/nextgen/build_wayland/tmp/work/imx8mm_var_dart-fslc-linux/freertos-variscite/2.9.x-r0/git/middleware/multicore/rpmsg_lite/lib/rpmsg_lite/porting/platform/imx8mm_m4/rpmsg_platform.c.obj
 .text.__NVIC_SetPriority
                0x000000001ffe1198       0x54 CMakeFiles/rpmsg_lite_str_echo_rtos_imxcm4.elf.dir/home/oosman/nextgen/build_wayland/tmp/work/imx8mm_var_dart-fslc-linux/freertos-variscite/2.9.x-r0/git/middleware/multicore/rpmsg_lite/lib/rpmsg_lite/porting/platform/imx8mm_m4/rpmsg_platform.c.obj
 .text.MU_ReceiveMsgNonBlocking
                0x000000001ffe11ec       0x3c CMakeFiles/rpmsg_lite_str_echo_rtos_imxcm4.elf.dir/home/oosman/nextgen/build_wayland/tmp/work/imx8mm_var_dart-fslc-linux/freertos-variscite/2.9.x-r0/git/middleware/multicore/rpmsg_lite/lib/rpmsg_lite/porting/platform/imx8mm_m4/rpmsg_platform.c.obj
 .text.MU_GetStatusFlags
                0x000000001ffe1228       0x20 CMakeFiles/rpmsg_lite_str_echo_rtos_imxcm4.elf.dir/home/oosman/nextgen/build_wayland/tmp/work/imx8mm_var_dart-fslc-linux/freertos-variscite/2.9.x-r0/git/middleware/multicore/rpmsg_lite/lib/rpmsg_lite/porting/platform/imx8mm_m4/rpmsg_platform.c.obj
 .text.MU_EnableInterrupts
                0x000000001ffe1248       0x2e CMakeFiles/rpmsg_lite_str_echo_rtos_imxcm4.elf.dir/home/oosman/nextgen/build_wayland/tmp/work/imx8mm_var_dart-fslc-linux/freertos-variscite/2.9.x-r0/git/middleware/multicore/rpmsg_lite/lib/rpmsg_lite/porting/platform/imx8mm_m4/rpmsg_platform.c.obj
 .text.platform_global_isr_disable
                0x000000001ffe1276       0x10 CMakeFiles/rpmsg_lite_str_echo_rtos_imxcm4.elf.dir/home/oosman/nextgen/build_wayland/tmp/work/imx8mm_var_dart-fslc-linux/freertos-variscite/2.9.x-r0/git/middleware/multicore/rpmsg_lite/lib/rpmsg_lite/porting/platform/imx8mm_m4/rpmsg_platform.c.obj
 .text.platform_global_isr_enable
                0x000000001ffe1286       0x10 CMakeFiles/rpmsg_lite_str_echo_rtos_imxcm4.elf.dir/home/oosman/nextgen/build_wayland/tmp/work/imx8mm_var_dart-fslc-linux/freertos-variscite/2.9.x-r0/git/middleware/multicore/rpmsg_lite/lib/rpmsg_lite/porting/platform/imx8mm_m4/rpmsg_platform.c.obj
 *fill*         0x000000001ffe1296        0x2 
 .text.platform_init_interrupt
                0x000000001ffe1298       0x64 CMakeFiles/rpmsg_lite_str_echo_rtos_imxcm4.elf.dir/home/oosman/nextgen/build_wayland/tmp/work/imx8mm_var_dart-fslc-linux/freertos-variscite/2.9.x-r0/git/middleware/multicore/rpmsg_lite/lib/rpmsg_lite/porting/platform/imx8mm_m4/rpmsg_platform.c.obj
                0x000000001ffe1298                platform_init_interrupt
 .text.platform_notify
                0x000000001ffe12fc       0x3c CMakeFiles/rpmsg_lite_str_echo_rtos_imxcm4.elf.dir/home/oosman/nextgen/build_wayland/tmp/work/imx8mm_var_dart-fslc-linux/freertos-variscite/2.9.x-r0/git/middleware/multicore/rpmsg_lite/lib/rpmsg_lite/porting/platform/imx8mm_m4/rpmsg_platform.c.obj
                0x000000001ffe12fc                platform_notify
 .text.MU_M4_IRQHandler
                0x000000001ffe1338       0x40 CMakeFiles/rpmsg_lite_str_echo_rtos_imxcm4.elf.dir/home/oosman/nextgen/build_wayland/tmp/work/imx8mm_var_dart-fslc-linux/freertos-variscite/2.9.x-r0/git/middleware/multicore/rpmsg_lite/lib/rpmsg_lite/porting/platform/imx8mm_m4/rpmsg_platform.c.obj
                0x000000001ffe1338                MU_M4_IRQHandler
 .text.platform_in_isr
                0x000000001ffe1378       0x24 CMakeFiles/rpmsg_lite_str_echo_rtos_imxcm4.elf.dir/home/oosman/nextgen/build_wayland/tmp/work/imx8mm_var_dart-fslc-linux/freertos-variscite/2.9.x-r0/git/middleware/multicore/rpmsg_lite/lib/rpmsg_lite/porting/platform/imx8mm_m4/rpmsg_platform.c.obj
                0x000000001ffe1378                platform_in_isr
 .text.platform_interrupt_enable
                0x000000001ffe139c       0x44 CMakeFiles/rpmsg_lite_str_echo_rtos_imxcm4.elf.dir/home/oosman/nextgen/build_wayland/tmp/work/imx8mm_var_dart-fslc-linux/freertos-variscite/2.9.x-r0/git/middleware/multicore/rpmsg_lite/lib/rpmsg_lite/porting/platform/imx8mm_m4/rpmsg_platform.c.obj
                0x000000001ffe139c                platform_interrupt_enable
 .text.platform_interrupt_disable
                0x000000001ffe13e0       0x44 CMakeFiles/rpmsg_lite_str_echo_rtos_imxcm4.elf.dir/home/oosman/nextgen/build_wayland/tmp/work/imx8mm_var_dart-fslc-linux/freertos-variscite/2.9.x-r0/git/middleware/multicore/rpmsg_lite/lib/rpmsg_lite/porting/platform/imx8mm_m4/rpmsg_platform.c.obj
                0x000000001ffe13e0                platform_interrupt_disable
 .text.platform_patova
                0x000000001ffe1424       0x16 CMakeFiles/rpmsg_lite_str_echo_rtos_imxcm4.elf.dir/home/oosman/nextgen/build_wayland/tmp/work/imx8mm_var_dart-fslc-linux/freertos-variscite/2.9.x-r0/git/middleware/multicore/rpmsg_lite/lib/rpmsg_lite/porting/platform/imx8mm_m4/rpmsg_platform.c.obj
                0x000000001ffe1424                platform_patova
 *fill*         0x000000001ffe143a        0x2 
 .text.platform_init
                0x000000001ffe143c       0x3c CMakeFiles/rpmsg_lite_str_echo_rtos_imxcm4.elf.dir/home/oosman/nextgen/build_wayland/tmp/work/imx8mm_var_dart-fslc-linux/freertos-variscite/2.9.x-r0/git/middleware/multicore/rpmsg_lite/lib/rpmsg_lite/porting/platform/imx8mm_m4/rpmsg_platform.c.obj
                0x000000001ffe143c                platform_init
 .text.add_to_list
                0x000000001ffe1478       0x5a CMakeFiles/rpmsg_lite_str_echo_rtos_imxcm4.elf.dir/home/oosman/nextgen/build_wayland/tmp/work/imx8mm_var_dart-fslc-linux/freertos-variscite/2.9.x-r0/git/middleware/multicore/rpmsg_lite/lib/common/llist.c.obj
                0x000000001ffe1478                add_to_list
 .text.RL_HANG  0x000000001ffe14d2        0x6 CMakeFiles/rpmsg_lite_str_echo_rtos_imxcm4.elf.dir/home/oosman/nextgen/build_wayland/tmp/work/imx8mm_var_dart-fslc-linux/freertos-variscite/2.9.x-r0/git/middleware/multicore/rpmsg_lite/lib/rpmsg_lite/rpmsg_lite.c.obj
 .text.rpmsg_lite_get_endpoint_from_addr
                0x000000001ffe14d8       0x40 CMakeFiles/rpmsg_lite_str_echo_rtos_imxcm4.elf.dir/home/oosman/nextgen/build_wayland/tmp/work/imx8mm_var_dart-fslc-linux/freertos-variscite/2.9.x-r0/git/middleware/multicore/rpmsg_lite/lib/rpmsg_lite/rpmsg_lite.c.obj
 .text.rpmsg_lite_rx_callback
                0x000000001ffe1518       0xb2 CMakeFiles/rpmsg_lite_str_echo_rtos_imxcm4.elf.dir/home/oosman/nextgen/build_wayland/tmp/work/imx8mm_var_dart-fslc-linux/freertos-variscite/2.9.x-r0/git/middleware/multicore/rpmsg_lite/lib/rpmsg_lite/rpmsg_lite.c.obj
 .text.rpmsg_lite_tx_callback
                0x000000001ffe15ca       0x26 CMakeFiles/rpmsg_lite_str_echo_rtos_imxcm4.elf.dir/home/oosman/nextgen/build_wayland/tmp/work/imx8mm_var_dart-fslc-linux/freertos-variscite/2.9.x-r0/git/middleware/multicore/rpmsg_lite/lib/rpmsg_lite/rpmsg_lite.c.obj
 .text.vq_tx_remote
                0x000000001ffe15f0       0x2e CMakeFiles/rpmsg_lite_str_echo_rtos_imxcm4.elf.dir/home/oosman/nextgen/build_wayland/tmp/work/imx8mm_var_dart-fslc-linux/freertos-variscite/2.9.x-r0/git/middleware/multicore/rpmsg_lite/lib/rpmsg_lite/rpmsg_lite.c.obj
 .text.vq_tx_alloc_remote
                0x000000001ffe161e       0x20 CMakeFiles/rpmsg_lite_str_echo_rtos_imxcm4.elf.dir/home/oosman/nextgen/build_wayland/tmp/work/imx8mm_var_dart-fslc-linux/freertos-variscite/2.9.x-r0/git/middleware/multicore/rpmsg_lite/lib/rpmsg_lite/rpmsg_lite.c.obj
 .text.vq_rx_remote
                0x000000001ffe163e       0x20 CMakeFiles/rpmsg_lite_str_echo_rtos_imxcm4.elf.dir/home/oosman/nextgen/build_wayland/tmp/work/imx8mm_var_dart-fslc-linux/freertos-variscite/2.9.x-r0/git/middleware/multicore/rpmsg_lite/lib/rpmsg_lite/rpmsg_lite.c.obj
 .text.vq_rx_free_remote
                0x000000001ffe165e       0x2e CMakeFiles/rpmsg_lite_str_echo_rtos_imxcm4.elf.dir/home/oosman/nextgen/build_wayland/tmp/work/imx8mm_var_dart-fslc-linux/freertos-variscite/2.9.x-r0/git/middleware/multicore/rpmsg_lite/lib/rpmsg_lite/rpmsg_lite.c.obj
 .text.virtqueue_notify
                0x000000001ffe168c       0x1c CMakeFiles/rpmsg_lite_str_echo_rtos_imxcm4.elf.dir/home/oosman/nextgen/build_wayland/tmp/work/imx8mm_var_dart-fslc-linux/freertos-variscite/2.9.x-r0/git/middleware/multicore/rpmsg_lite/lib/rpmsg_lite/rpmsg_lite.c.obj
 .text.rpmsg_lite_create_ept
                0x000000001ffe16a8      0x104 CMakeFiles/rpmsg_lite_str_echo_rtos_imxcm4.elf.dir/home/oosman/nextgen/build_wayland/tmp/work/imx8mm_var_dart-fslc-linux/freertos-variscite/2.9.x-r0/git/middleware/multicore/rpmsg_lite/lib/rpmsg_lite/rpmsg_lite.c.obj
                0x000000001ffe16a8                rpmsg_lite_create_ept
 .text.rpmsg_lite_is_link_up
                0x000000001ffe17ac       0x22 CMakeFiles/rpmsg_lite_str_echo_rtos_imxcm4.elf.dir/home/oosman/nextgen/build_wayland/tmp/work/imx8mm_var_dart-fslc-linux/freertos-variscite/2.9.x-r0/git/middleware/multicore/rpmsg_lite/lib/rpmsg_lite/rpmsg_lite.c.obj
                0x000000001ffe17ac                rpmsg_lite_is_link_up
 *fill*         0x000000001ffe17ce        0x2 
 .text.rpmsg_lite_format_message
                0x000000001ffe17d0      0x130 CMakeFiles/rpmsg_lite_str_echo_rtos_imxcm4.elf.dir/home/oosman/nextgen/build_wayland/tmp/work/imx8mm_var_dart-fslc-linux/freertos-variscite/2.9.x-r0/git/middleware/multicore/rpmsg_lite/lib/rpmsg_lite/rpmsg_lite.c.obj
 .text.rpmsg_lite_send
                0x000000001ffe1900       0x50 CMakeFiles/rpmsg_lite_str_echo_rtos_imxcm4.elf.dir/home/oosman/nextgen/build_wayland/tmp/work/imx8mm_var_dart-fslc-linux/freertos-variscite/2.9.x-r0/git/middleware/multicore/rpmsg_lite/lib/rpmsg_lite/rpmsg_lite.c.obj
                0x000000001ffe1900                rpmsg_lite_send
 .text.rpmsg_lite_alloc_tx_buffer
                0x000000001ffe1950       0xde CMakeFiles/rpmsg_lite_str_echo_rtos_imxcm4.elf.dir/home/oosman/nextgen/build_wayland/tmp/work/imx8mm_var_dart-fslc-linux/freertos-variscite/2.9.x-r0/git/middleware/multicore/rpmsg_lite/lib/rpmsg_lite/rpmsg_lite.c.obj
                0x000000001ffe1950                rpmsg_lite_alloc_tx_buffer
 *fill*         0x000000001ffe1a2e        0x2 
 .text.rpmsg_lite_send_nocopy
                0x000000001ffe1a30       0xc0 CMakeFiles/rpmsg_lite_str_echo_rtos_imxcm4.elf.dir/home/oosman/nextgen/build_wayland/tmp/work/imx8mm_var_dart-fslc-linux/freertos-variscite/2.9.x-r0/git/middleware/multicore/rpmsg_lite/lib/rpmsg_lite/rpmsg_lite.c.obj
                0x000000001ffe1a30                rpmsg_lite_send_nocopy
 .text.rpmsg_lite_release_rx_buffer
                0x000000001ffe1af0       0x70 CMakeFiles/rpmsg_lite_str_echo_rtos_imxcm4.elf.dir/home/oosman/nextgen/build_wayland/tmp/work/imx8mm_var_dart-fslc-linux/freertos-variscite/2.9.x-r0/git/middleware/multicore/rpmsg_lite/lib/rpmsg_lite/rpmsg_lite.c.obj
                0x000000001ffe1af0                rpmsg_lite_release_rx_buffer
 .text.rpmsg_lite_remote_init
                0x000000001ffe1b60      0x1e8 CMakeFiles/rpmsg_lite_str_echo_rtos_imxcm4.elf.dir/home/oosman/nextgen/build_wayland/tmp/work/imx8mm_var_dart-fslc-linux/freertos-variscite/2.9.x-r0/git/middleware/multicore/rpmsg_lite/lib/rpmsg_lite/rpmsg_lite.c.obj
                0x000000001ffe1b60                rpmsg_lite_remote_init
 .text.rpmsg_ns_announce
                0x000000001ffe1d48       0x60 CMakeFiles/rpmsg_lite_str_echo_rtos_imxcm4.elf.dir/home/oosman/nextgen/build_wayland/tmp/work/imx8mm_var_dart-fslc-linux/freertos-variscite/2.9.x-r0/git/middleware/multicore/rpmsg_lite/lib/rpmsg_lite/rpmsg_ns.c.obj
                0x000000001ffe1d48                rpmsg_ns_announce
 .text.vring_size
                0x000000001ffe1da8       0x46 CMakeFiles/rpmsg_lite_str_echo_rtos_imxcm4.elf.dir/home/oosman/nextgen/build_wayland/tmp/work/imx8mm_var_dart-fslc-linux/freertos-variscite/2.9.x-r0/git/middleware/multicore/rpmsg_lite/lib/virtio/virtqueue.c.obj
 .text.vring_init
                0x000000001ffe1dee       0x52 CMakeFiles/rpmsg_lite_str_echo_rtos_imxcm4.elf.dir/home/oosman/nextgen/build_wayland/tmp/work/imx8mm_var_dart-fslc-linux/freertos-variscite/2.9.x-r0/git/middleware/multicore/rpmsg_lite/lib/virtio/virtqueue.c.obj
 .text.vring_need_event
                0x000000001ffe1e40       0x3c CMakeFiles/rpmsg_lite_str_echo_rtos_imxcm4.elf.dir/home/oosman/nextgen/build_wayland/tmp/work/imx8mm_var_dart-fslc-linux/freertos-variscite/2.9.x-r0/git/middleware/multicore/rpmsg_lite/lib/virtio/virtqueue.c.obj
 .text.virtqueue_create
                0x000000001ffe1e7c       0xc4 CMakeFiles/rpmsg_lite_str_echo_rtos_imxcm4.elf.dir/home/oosman/nextgen/build_wayland/tmp/work/imx8mm_var_dart-fslc-linux/freertos-variscite/2.9.x-r0/git/middleware/multicore/rpmsg_lite/lib/virtio/virtqueue.c.obj
                0x000000001ffe1e7c                virtqueue_create
 .text.virtqueue_get_buffer_length
                0x000000001ffe1f40       0x24 CMakeFiles/rpmsg_lite_str_echo_rtos_imxcm4.elf.dir/home/oosman/nextgen/build_wayland/tmp/work/imx8mm_var_dart-fslc-linux/freertos-variscite/2.9.x-r0/git/middleware/multicore/rpmsg_lite/lib/virtio/virtqueue.c.obj
                0x000000001ffe1f40                virtqueue_get_buffer_length
 .text.virtqueue_get_available_buffer
                0x000000001ffe1f64       0x8c CMakeFiles/rpmsg_lite_str_echo_rtos_imxcm4.elf.dir/home/oosman/nextgen/build_wayland/tmp/work/imx8mm_var_dart-fslc-linux/freertos-variscite/2.9.x-r0/git/middleware/multicore/rpmsg_lite/lib/virtio/virtqueue.c.obj
                0x000000001ffe1f64                virtqueue_get_available_buffer
 .text.virtqueue_add_consumed_buffer
                0x000000001ffe1ff0       0x38 CMakeFiles/rpmsg_lite_str_echo_rtos_imxcm4.elf.dir/home/oosman/nextgen/build_wayland/tmp/work/imx8mm_var_dart-fslc-linux/freertos-variscite/2.9.x-r0/git/middleware/multicore/rpmsg_lite/lib/virtio/virtqueue.c.obj
                0x000000001ffe1ff0                virtqueue_add_consumed_buffer
 .text.virtqueue_kick
                0x000000001ffe2028       0x2e CMakeFiles/rpmsg_lite_str_echo_rtos_imxcm4.elf.dir/home/oosman/nextgen/build_wayland/tmp/work/imx8mm_var_dart-fslc-linux/freertos-variscite/2.9.x-r0/git/middleware/multicore/rpmsg_lite/lib/virtio/virtqueue.c.obj
                0x000000001ffe2028                virtqueue_kick
 .text.vq_ring_update_used
                0x000000001ffe2056       0x58 CMakeFiles/rpmsg_lite_str_echo_rtos_imxcm4.elf.dir/home/oosman/nextgen/build_wayland/tmp/work/imx8mm_var_dart-fslc-linux/freertos-variscite/2.9.x-r0/git/middleware/multicore/rpmsg_lite/lib/virtio/virtqueue.c.obj
 .text.virtqueue_notification
                0x000000001ffe20ae       0x26 CMakeFiles/rpmsg_lite_str_echo_rtos_imxcm4.elf.dir/home/oosman/nextgen/build_wayland/tmp/work/imx8mm_var_dart-fslc-linux/freertos-variscite/2.9.x-r0/git/middleware/multicore/rpmsg_lite/lib/virtio/virtqueue.c.obj
                0x000000001ffe20ae                virtqueue_notification
 .text.vq_ring_must_notify_host
                0x000000001ffe20d4       0x6e CMakeFiles/rpmsg_lite_str_echo_rtos_imxcm4.elf.dir/home/oosman/nextgen/build_wayland/tmp/work/imx8mm_var_dart-fslc-linux/freertos-variscite/2.9.x-r0/git/middleware/multicore/rpmsg_lite/lib/virtio/virtqueue.c.obj
 .text.vq_ring_notify_host
                0x000000001ffe2142       0x20 CMakeFiles/rpmsg_lite_str_echo_rtos_imxcm4.elf.dir/home/oosman/nextgen/build_wayland/tmp/work/imx8mm_var_dart-fslc-linux/freertos-variscite/2.9.x-r0/git/middleware/multicore/rpmsg_lite/lib/virtio/virtqueue.c.obj
 .text.RL_HANG  0x000000001ffe2162        0x6 CMakeFiles/rpmsg_lite_str_echo_rtos_imxcm4.elf.dir/home/oosman/nextgen/build_wayland/tmp/work/imx8mm_var_dart-fslc-linux/freertos-variscite/2.9.x-r0/git/middleware/multicore/rpmsg_lite/lib/rpmsg_lite/porting/environment/rpmsg_env_freertos.c.obj
 .text.env_in_isr
                0x000000001ffe2168        0xe CMakeFiles/rpmsg_lite_str_echo_rtos_imxcm4.elf.dir/home/oosman/nextgen/build_wayland/tmp/work/imx8mm_var_dart-fslc-linux/freertos-variscite/2.9.x-r0/git/middleware/multicore/rpmsg_lite/lib/rpmsg_lite/porting/environment/rpmsg_env_freertos.c.obj
 *fill*         0x000000001ffe2176        0x2 
 .text.env_init
                0x000000001ffe2178       0xac CMakeFiles/rpmsg_lite_str_echo_rtos_imxcm4.elf.dir/home/oosman/nextgen/build_wayland/tmp/work/imx8mm_var_dart-fslc-linux/freertos-variscite/2.9.x-r0/git/middleware/multicore/rpmsg_lite/lib/rpmsg_lite/porting/environment/rpmsg_env_freertos.c.obj
                0x000000001ffe2178                env_init
 .text.env_allocate_memory
                0x000000001ffe2224       0x18 CMakeFiles/rpmsg_lite_str_echo_rtos_imxcm4.elf.dir/home/oosman/nextgen/build_wayland/tmp/work/imx8mm_var_dart-fslc-linux/freertos-variscite/2.9.x-r0/git/middleware/multicore/rpmsg_lite/lib/rpmsg_lite/porting/environment/rpmsg_env_freertos.c.obj
                0x000000001ffe2224                env_allocate_memory
 .text.env_free_memory
                0x000000001ffe223c       0x1c CMakeFiles/rpmsg_lite_str_echo_rtos_imxcm4.elf.dir/home/oosman/nextgen/build_wayland/tmp/work/imx8mm_var_dart-fslc-linux/freertos-variscite/2.9.x-r0/git/middleware/multicore/rpmsg_lite/lib/rpmsg_lite/porting/environment/rpmsg_env_freertos.c.obj
                0x000000001ffe223c                env_free_memory
 .text.env_memset
                0x000000001ffe2258       0x1e CMakeFiles/rpmsg_lite_str_echo_rtos_imxcm4.elf.dir/home/oosman/nextgen/build_wayland/tmp/work/imx8mm_var_dart-fslc-linux/freertos-variscite/2.9.x-r0/git/middleware/multicore/rpmsg_lite/lib/rpmsg_lite/porting/environment/rpmsg_env_freertos.c.obj
                0x000000001ffe2258                env_memset
 .text.env_memcpy
                0x000000001ffe2276       0x1e CMakeFiles/rpmsg_lite_str_echo_rtos_imxcm4.elf.dir/home/oosman/nextgen/build_wayland/tmp/work/imx8mm_var_dart-fslc-linux/freertos-variscite/2.9.x-r0/git/middleware/multicore/rpmsg_lite/lib/rpmsg_lite/porting/environment/rpmsg_env_freertos.c.obj
                0x000000001ffe2276                env_memcpy
 .text.env_strncpy
                0x000000001ffe2294       0x1e CMakeFiles/rpmsg_lite_str_echo_rtos_imxcm4.elf.dir/home/oosman/nextgen/build_wayland/tmp/work/imx8mm_var_dart-fslc-linux/freertos-variscite/2.9.x-r0/git/middleware/multicore/rpmsg_lite/lib/rpmsg_lite/porting/environment/rpmsg_env_freertos.c.obj
                0x000000001ffe2294                env_strncpy
 .text.env_mb   0x000000001ffe22b2       0x12 CMakeFiles/rpmsg_lite_str_echo_rtos_imxcm4.elf.dir/home/oosman/nextgen/build_wayland/tmp/work/imx8mm_var_dart-fslc-linux/freertos-variscite/2.9.x-r0/git/middleware/multicore/rpmsg_lite/lib/rpmsg_lite/porting/environment/rpmsg_env_freertos.c.obj
                0x000000001ffe22b2                env_mb
 .text.env_rmb  0x000000001ffe22c4       0x12 CMakeFiles/rpmsg_lite_str_echo_rtos_imxcm4.elf.dir/home/oosman/nextgen/build_wayland/tmp/work/imx8mm_var_dart-fslc-linux/freertos-variscite/2.9.x-r0/git/middleware/multicore/rpmsg_lite/lib/rpmsg_lite/porting/environment/rpmsg_env_freertos.c.obj
                0x000000001ffe22c4                env_rmb
 .text.env_wmb  0x000000001ffe22d6       0x12 CMakeFiles/rpmsg_lite_str_echo_rtos_imxcm4.elf.dir/home/oosman/nextgen/build_wayland/tmp/work/imx8mm_var_dart-fslc-linux/freertos-variscite/2.9.x-r0/git/middleware/multicore/rpmsg_lite/lib/rpmsg_lite/porting/environment/rpmsg_env_freertos.c.obj
                0x000000001ffe22d6                env_wmb
 .text.env_map_patova
                0x000000001ffe22e8       0x18 CMakeFiles/rpmsg_lite_str_echo_rtos_imxcm4.elf.dir/home/oosman/nextgen/build_wayland/tmp/work/imx8mm_var_dart-fslc-linux/freertos-variscite/2.9.x-r0/git/middleware/multicore/rpmsg_lite/lib/rpmsg_lite/porting/environment/rpmsg_env_freertos.c.obj
                0x000000001ffe22e8                env_map_patova
 .text.env_create_mutex
                0x000000001ffe2300       0x3e CMakeFiles/rpmsg_lite_str_echo_rtos_imxcm4.elf.dir/home/oosman/nextgen/build_wayland/tmp/work/imx8mm_var_dart-fslc-linux/freertos-variscite/2.9.x-r0/git/middleware/multicore/rpmsg_lite/lib/rpmsg_lite/porting/environment/rpmsg_env_freertos.c.obj
                0x000000001ffe2300                env_create_mutex
 .text.env_lock_mutex
                0x000000001ffe233e       0x28 CMakeFiles/rpmsg_lite_str_echo_rtos_imxcm4.elf.dir/home/oosman/nextgen/build_wayland/tmp/work/imx8mm_var_dart-fslc-linux/freertos-variscite/2.9.x-r0/git/middleware/multicore/rpmsg_lite/lib/rpmsg_lite/porting/environment/rpmsg_env_freertos.c.obj
                0x000000001ffe233e                env_lock_mutex
 .text.env_unlock_mutex
                0x000000001ffe2366       0x2a CMakeFiles/rpmsg_lite_str_echo_rtos_imxcm4.elf.dir/home/oosman/nextgen/build_wayland/tmp/work/imx8mm_var_dart-fslc-linux/freertos-variscite/2.9.x-r0/git/middleware/multicore/rpmsg_lite/lib/rpmsg_lite/porting/environment/rpmsg_env_freertos.c.obj
                0x000000001ffe2366                env_unlock_mutex
 .text.env_sleep_msec
                0x000000001ffe2390       0x16 CMakeFiles/rpmsg_lite_str_echo_rtos_imxcm4.elf.dir/home/oosman/nextgen/build_wayland/tmp/work/imx8mm_var_dart-fslc-linux/freertos-variscite/2.9.x-r0/git/middleware/multicore/rpmsg_lite/lib/rpmsg_lite/porting/environment/rpmsg_env_freertos.c.obj
                0x000000001ffe2390                env_sleep_msec
 *fill*         0x000000001ffe23a6        0x2 
 .text.env_register_isr
                0x000000001ffe23a8       0x30 CMakeFiles/rpmsg_lite_str_echo_rtos_imxcm4.elf.dir/home/oosman/nextgen/build_wayland/tmp/work/imx8mm_var_dart-fslc-linux/freertos-variscite/2.9.x-r0/git/middleware/multicore/rpmsg_lite/lib/rpmsg_lite/porting/environment/rpmsg_env_freertos.c.obj
                0x000000001ffe23a8                env_register_isr
 .text.env_enable_interrupt
                0x000000001ffe23d8       0x16 CMakeFiles/rpmsg_lite_str_echo_rtos_imxcm4.elf.dir/home/oosman/nextgen/build_wayland/tmp/work/imx8mm_var_dart-fslc-linux/freertos-variscite/2.9.x-r0/git/middleware/multicore/rpmsg_lite/lib/rpmsg_lite/porting/environment/rpmsg_env_freertos.c.obj
                0x000000001ffe23d8                env_enable_interrupt
 .text.env_disable_interrupt
                0x000000001ffe23ee       0x16 CMakeFiles/rpmsg_lite_str_echo_rtos_imxcm4.elf.dir/home/oosman/nextgen/build_wayland/tmp/work/imx8mm_var_dart-fslc-linux/freertos-variscite/2.9.x-r0/git/middleware/multicore/rpmsg_lite/lib/rpmsg_lite/porting/environment/rpmsg_env_freertos.c.obj
                0x000000001ffe23ee                env_disable_interrupt
 .text.env_isr  0x000000001ffe2404       0x38 CMakeFiles/rpmsg_lite_str_echo_rtos_imxcm4.elf.dir/home/oosman/nextgen/build_wayland/tmp/work/imx8mm_var_dart-fslc-linux/freertos-variscite/2.9.x-r0/git/middleware/multicore/rpmsg_lite/lib/rpmsg_lite/porting/environment/rpmsg_env_freertos.c.obj
                0x000000001ffe2404                env_isr
 .text.env_create_queue
                0x000000001ffe243c       0x36 CMakeFiles/rpmsg_lite_str_echo_rtos_imxcm4.elf.dir/home/oosman/nextgen/build_wayland/tmp/work/imx8mm_var_dart-fslc-linux/freertos-variscite/2.9.x-r0/git/middleware/multicore/rpmsg_lite/lib/rpmsg_lite/porting/environment/rpmsg_env_freertos.c.obj
                0x000000001ffe243c                env_create_queue
 *fill*         0x000000001ffe2472        0x2 
 .text.env_put_queue
                0x000000001ffe2474       0x6c CMakeFiles/rpmsg_lite_str_echo_rtos_imxcm4.elf.dir/home/oosman/nextgen/build_wayland/tmp/work/imx8mm_var_dart-fslc-linux/freertos-variscite/2.9.x-r0/git/middleware/multicore/rpmsg_lite/lib/rpmsg_lite/porting/environment/rpmsg_env_freertos.c.obj
                0x000000001ffe2474                env_put_queue
 .text.env_get_queue
                0x000000001ffe24e0       0x6c CMakeFiles/rpmsg_lite_str_echo_rtos_imxcm4.elf.dir/home/oosman/nextgen/build_wayland/tmp/work/imx8mm_var_dart-fslc-linux/freertos-variscite/2.9.x-r0/git/middleware/multicore/rpmsg_lite/lib/rpmsg_lite/porting/environment/rpmsg_env_freertos.c.obj
                0x000000001ffe24e0                env_get_queue
 .text.RL_HANG  0x000000001ffe254c        0x6 CMakeFiles/rpmsg_lite_str_echo_rtos_imxcm4.elf.dir/home/oosman/nextgen/build_wayland/tmp/work/imx8mm_var_dart-fslc-linux/freertos-variscite/2.9.x-r0/git/middleware/multicore/rpmsg_lite/lib/rpmsg_lite/rpmsg_queue.c.obj
 .text.rpmsg_queue_rx_cb
                0x000000001ffe2552       0x46 CMakeFiles/rpmsg_lite_str_echo_rtos_imxcm4.elf.dir/home/oosman/nextgen/build_wayland/tmp/work/imx8mm_var_dart-fslc-linux/freertos-variscite/2.9.x-r0/git/middleware/multicore/rpmsg_lite/lib/rpmsg_lite/rpmsg_queue.c.obj
                0x000000001ffe2552                rpmsg_queue_rx_cb
 .text.rpmsg_queue_create
                0x000000001ffe2598       0x48 CMakeFiles/rpmsg_lite_str_echo_rtos_imxcm4.elf.dir/home/oosman/nextgen/build_wayland/tmp/work/imx8mm_var_dart-fslc-linux/freertos-variscite/2.9.x-r0/git/middleware/multicore/rpmsg_lite/lib/rpmsg_lite/rpmsg_queue.c.obj
                0x000000001ffe2598                rpmsg_queue_create
 .text.rpmsg_queue_recv_nocopy
                0x000000001ffe25e0       0x80 CMakeFiles/rpmsg_lite_str_echo_rtos_imxcm4.elf.dir/home/oosman/nextgen/build_wayland/tmp/work/imx8mm_var_dart-fslc-linux/freertos-variscite/2.9.x-r0/git/middleware/multicore/rpmsg_lite/lib/rpmsg_lite/rpmsg_queue.c.obj
                0x000000001ffe25e0                rpmsg_queue_recv_nocopy
 .text.rpmsg_queue_nocopy_free
                0x000000001ffe2660       0x40 CMakeFiles/rpmsg_lite_str_echo_rtos_imxcm4.elf.dir/home/oosman/nextgen/build_wayland/tmp/work/imx8mm_var_dart-fslc-linux/freertos-variscite/2.9.x-r0/git/middleware/multicore/rpmsg_lite/lib/rpmsg_lite/rpmsg_queue.c.obj
                0x000000001ffe2660                rpmsg_queue_nocopy_free
 .text.vListInitialise
                0x000000001ffe26a0       0x40 CMakeFiles/rpmsg_lite_str_echo_rtos_imxcm4.elf.dir/home/oosman/nextgen/build_wayland/tmp/work/imx8mm_var_dart-fslc-linux/freertos-variscite/2.9.x-r0/git/rtos/freertos/freertos_kernel/list.c.obj
                0x000000001ffe26a0                vListInitialise
 .text.vListInitialiseItem
                0x000000001ffe26e0       0x1a CMakeFiles/rpmsg_lite_str_echo_rtos_imxcm4.elf.dir/home/oosman/nextgen/build_wayland/tmp/work/imx8mm_var_dart-fslc-linux/freertos-variscite/2.9.x-r0/git/rtos/freertos/freertos_kernel/list.c.obj
                0x000000001ffe26e0                vListInitialiseItem
 .text.vListInsertEnd
                0x000000001ffe26fa       0x48 CMakeFiles/rpmsg_lite_str_echo_rtos_imxcm4.elf.dir/home/oosman/nextgen/build_wayland/tmp/work/imx8mm_var_dart-fslc-linux/freertos-variscite/2.9.x-r0/git/rtos/freertos/freertos_kernel/list.c.obj
                0x000000001ffe26fa                vListInsertEnd
 .text.vListInsert
                0x000000001ffe2742       0x72 CMakeFiles/rpmsg_lite_str_echo_rtos_imxcm4.elf.dir/home/oosman/nextgen/build_wayland/tmp/work/imx8mm_var_dart-fslc-linux/freertos-variscite/2.9.x-r0/git/rtos/freertos/freertos_kernel/list.c.obj
                0x000000001ffe2742                vListInsert
 .text.uxListRemove
                0x000000001ffe27b4       0x54 CMakeFiles/rpmsg_lite_str_echo_rtos_imxcm4.elf.dir/home/oosman/nextgen/build_wayland/tmp/work/imx8mm_var_dart-fslc-linux/freertos-variscite/2.9.x-r0/git/rtos/freertos/freertos_kernel/list.c.obj
                0x000000001ffe27b4                uxListRemove
 .text.pxPortInitialiseStack
                0x000000001ffe2808       0x68 CMakeFiles/rpmsg_lite_str_echo_rtos_imxcm4.elf.dir/home/oosman/nextgen/build_wayland/tmp/work/imx8mm_var_dart-fslc-linux/freertos-variscite/2.9.x-r0/git/rtos/freertos/freertos_kernel/portable/GCC/ARM_CM4F/port.c.obj
                0x000000001ffe2808                pxPortInitialiseStack
 .text.prvTaskExitError
                0x000000001ffe2870       0x58 CMakeFiles/rpmsg_lite_str_echo_rtos_imxcm4.elf.dir/home/oosman/nextgen/build_wayland/tmp/work/imx8mm_var_dart-fslc-linux/freertos-variscite/2.9.x-r0/git/rtos/freertos/freertos_kernel/portable/GCC/ARM_CM4F/port.c.obj
 *fill*         0x000000001ffe28c8        0x8 
 .text.SVC_Handler
                0x000000001ffe28d0       0x28 CMakeFiles/rpmsg_lite_str_echo_rtos_imxcm4.elf.dir/home/oosman/nextgen/build_wayland/tmp/work/imx8mm_var_dart-fslc-linux/freertos-variscite/2.9.x-r0/git/rtos/freertos/freertos_kernel/portable/GCC/ARM_CM4F/port.c.obj
                0x000000001ffe28d0                SVC_Handler
 .text.prvPortStartFirstTask
                0x000000001ffe28f8       0x28 CMakeFiles/rpmsg_lite_str_echo_rtos_imxcm4.elf.dir/home/oosman/nextgen/build_wayland/tmp/work/imx8mm_var_dart-fslc-linux/freertos-variscite/2.9.x-r0/git/rtos/freertos/freertos_kernel/portable/GCC/ARM_CM4F/port.c.obj
 .text.xPortStartScheduler
                0x000000001ffe2920      0x144 CMakeFiles/rpmsg_lite_str_echo_rtos_imxcm4.elf.dir/home/oosman/nextgen/build_wayland/tmp/work/imx8mm_var_dart-fslc-linux/freertos-variscite/2.9.x-r0/git/rtos/freertos/freertos_kernel/portable/GCC/ARM_CM4F/port.c.obj
                0x000000001ffe2920                xPortStartScheduler
 .text.vPortEnterCritical
                0x000000001ffe2a64       0x60 CMakeFiles/rpmsg_lite_str_echo_rtos_imxcm4.elf.dir/home/oosman/nextgen/build_wayland/tmp/work/imx8mm_var_dart-fslc-linux/freertos-variscite/2.9.x-r0/git/rtos/freertos/freertos_kernel/portable/GCC/ARM_CM4F/port.c.obj
                0x000000001ffe2a64                vPortEnterCritical
 .text.vPortExitCritical
                0x000000001ffe2ac4       0x54 CMakeFiles/rpmsg_lite_str_echo_rtos_imxcm4.elf.dir/home/oosman/nextgen/build_wayland/tmp/work/imx8mm_var_dart-fslc-linux/freertos-variscite/2.9.x-r0/git/rtos/freertos/freertos_kernel/portable/GCC/ARM_CM4F/port.c.obj
                0x000000001ffe2ac4                vPortExitCritical
 *fill*         0x000000001ffe2b18        0x8 
 .text.PendSV_Handler
                0x000000001ffe2b20       0x68 CMakeFiles/rpmsg_lite_str_echo_rtos_imxcm4.elf.dir/home/oosman/nextgen/build_wayland/tmp/work/imx8mm_var_dart-fslc-linux/freertos-variscite/2.9.x-r0/git/rtos/freertos/freertos_kernel/portable/GCC/ARM_CM4F/port.c.obj
                0x000000001ffe2b20                PendSV_Handler
 .text.SysTick_Handler
                0x000000001ffe2b88       0x44 CMakeFiles/rpmsg_lite_str_echo_rtos_imxcm4.elf.dir/home/oosman/nextgen/build_wayland/tmp/work/imx8mm_var_dart-fslc-linux/freertos-variscite/2.9.x-r0/git/rtos/freertos/freertos_kernel/portable/GCC/ARM_CM4F/port.c.obj
                0x000000001ffe2b88                SysTick_Handler
 .text.vPortSetupTimerInterrupt
                0x000000001ffe2bcc       0x48 CMakeFiles/rpmsg_lite_str_echo_rtos_imxcm4.elf.dir/home/oosman/nextgen/build_wayland/tmp/work/imx8mm_var_dart-fslc-linux/freertos-variscite/2.9.x-r0/git/rtos/freertos/freertos_kernel/portable/GCC/ARM_CM4F/port.c.obj
                0x000000001ffe2bcc                vPortSetupTimerInterrupt
 .text.vPortEnableVFP
                0x000000001ffe2c14       0x14 CMakeFiles/rpmsg_lite_str_echo_rtos_imxcm4.elf.dir/home/oosman/nextgen/build_wayland/tmp/work/imx8mm_var_dart-fslc-linux/freertos-variscite/2.9.x-r0/git/rtos/freertos/freertos_kernel/portable/GCC/ARM_CM4F/port.c.obj
 .text.vPortValidateInterruptPriority
                0x000000001ffe2c28       0x80 CMakeFiles/rpmsg_lite_str_echo_rtos_imxcm4.elf.dir/home/oosman/nextgen/build_wayland/tmp/work/imx8mm_var_dart-fslc-linux/freertos-variscite/2.9.x-r0/git/rtos/freertos/freertos_kernel/portable/GCC/ARM_CM4F/port.c.obj
                0x000000001ffe2c28                vPortValidateInterruptPriority
 .text.xQueueGenericReset
                0x000000001ffe2ca8       0xd0 CMakeFiles/rpmsg_lite_str_echo_rtos_imxcm4.elf.dir/home/oosman/nextgen/build_wayland/tmp/work/imx8mm_var_dart-fslc-linux/freertos-variscite/2.9.x-r0/git/rtos/freertos/freertos_kernel/queue.c.obj
                0x000000001ffe2ca8                xQueueGenericReset
 .text.xQueueGenericCreate
                0x000000001ffe2d78       0x6c CMakeFiles/rpmsg_lite_str_echo_rtos_imxcm4.elf.dir/home/oosman/nextgen/build_wayland/tmp/work/imx8mm_var_dart-fslc-linux/freertos-variscite/2.9.x-r0/git/rtos/freertos/freertos_kernel/queue.c.obj
                0x000000001ffe2d78                xQueueGenericCreate
 .text.prvInitialiseNewQueue
                0x000000001ffe2de4       0x46 CMakeFiles/rpmsg_lite_str_echo_rtos_imxcm4.elf.dir/home/oosman/nextgen/build_wayland/tmp/work/imx8mm_var_dart-fslc-linux/freertos-variscite/2.9.x-r0/git/rtos/freertos/freertos_kernel/queue.c.obj
 .text.xQueueCreateCountingSemaphore
                0x000000001ffe2e2a       0x66 CMakeFiles/rpmsg_lite_str_echo_rtos_imxcm4.elf.dir/home/oosman/nextgen/build_wayland/tmp/work/imx8mm_var_dart-fslc-linux/freertos-variscite/2.9.x-r0/git/rtos/freertos/freertos_kernel/queue.c.obj
                0x000000001ffe2e2a                xQueueCreateCountingSemaphore
 .text.xQueueGenericSend
                0x000000001ffe2e90      0x1fc CMakeFiles/rpmsg_lite_str_echo_rtos_imxcm4.elf.dir/home/oosman/nextgen/build_wayland/tmp/work/imx8mm_var_dart-fslc-linux/freertos-variscite/2.9.x-r0/git/rtos/freertos/freertos_kernel/queue.c.obj
                0x000000001ffe2e90                xQueueGenericSend
 .text.xQueueGenericSendFromISR
                0x000000001ffe308c      0x136 CMakeFiles/rpmsg_lite_str_echo_rtos_imxcm4.elf.dir/home/oosman/nextgen/build_wayland/tmp/work/imx8mm_var_dart-fslc-linux/freertos-variscite/2.9.x-r0/git/rtos/freertos/freertos_kernel/queue.c.obj
                0x000000001ffe308c                xQueueGenericSendFromISR
 *fill*         0x000000001ffe31c2        0x2 
 .text.xQueueReceive
                0x000000001ffe31c4      0x1c0 CMakeFiles/rpmsg_lite_str_echo_rtos_imxcm4.elf.dir/home/oosman/nextgen/build_wayland/tmp/work/imx8mm_var_dart-fslc-linux/freertos-variscite/2.9.x-r0/git/rtos/freertos/freertos_kernel/queue.c.obj
                0x000000001ffe31c4                xQueueReceive
 .text.xQueueSemaphoreTake
                0x000000001ffe3384      0x21c CMakeFiles/rpmsg_lite_str_echo_rtos_imxcm4.elf.dir/home/oosman/nextgen/build_wayland/tmp/work/imx8mm_var_dart-fslc-linux/freertos-variscite/2.9.x-r0/git/rtos/freertos/freertos_kernel/queue.c.obj
                0x000000001ffe3384                xQueueSemaphoreTake
 .text.xQueueReceiveFromISR
                0x000000001ffe35a0      0x100 CMakeFiles/rpmsg_lite_str_echo_rtos_imxcm4.elf.dir/home/oosman/nextgen/build_wayland/tmp/work/imx8mm_var_dart-fslc-linux/freertos-variscite/2.9.x-r0/git/rtos/freertos/freertos_kernel/queue.c.obj
                0x000000001ffe35a0                xQueueReceiveFromISR
 .text.prvGetDisinheritPriorityAfterTimeout
                0x000000001ffe36a0       0x30 CMakeFiles/rpmsg_lite_str_echo_rtos_imxcm4.elf.dir/home/oosman/nextgen/build_wayland/tmp/work/imx8mm_var_dart-fslc-linux/freertos-variscite/2.9.x-r0/git/rtos/freertos/freertos_kernel/queue.c.obj
 .text.prvCopyDataToQueue
                0x000000001ffe36d0       0xd4 CMakeFiles/rpmsg_lite_str_echo_rtos_imxcm4.elf.dir/home/oosman/nextgen/build_wayland/tmp/work/imx8mm_var_dart-fslc-linux/freertos-variscite/2.9.x-r0/git/rtos/freertos/freertos_kernel/queue.c.obj
 .text.prvCopyDataFromQueue
                0x000000001ffe37a4       0x4c CMakeFiles/rpmsg_lite_str_echo_rtos_imxcm4.elf.dir/home/oosman/nextgen/build_wayland/tmp/work/imx8mm_var_dart-fslc-linux/freertos-variscite/2.9.x-r0/git/rtos/freertos/freertos_kernel/queue.c.obj
 .text.prvUnlockQueue
                0x000000001ffe37f0       0xa4 CMakeFiles/rpmsg_lite_str_echo_rtos_imxcm4.elf.dir/home/oosman/nextgen/build_wayland/tmp/work/imx8mm_var_dart-fslc-linux/freertos-variscite/2.9.x-r0/git/rtos/freertos/freertos_kernel/queue.c.obj
 .text.prvIsQueueEmpty
                0x000000001ffe3894       0x2c CMakeFiles/rpmsg_lite_str_echo_rtos_imxcm4.elf.dir/home/oosman/nextgen/build_wayland/tmp/work/imx8mm_var_dart-fslc-linux/freertos-variscite/2.9.x-r0/git/rtos/freertos/freertos_kernel/queue.c.obj
 .text.prvIsQueueFull
                0x000000001ffe38c0       0x30 CMakeFiles/rpmsg_lite_str_echo_rtos_imxcm4.elf.dir/home/oosman/nextgen/build_wayland/tmp/work/imx8mm_var_dart-fslc-linux/freertos-variscite/2.9.x-r0/git/rtos/freertos/freertos_kernel/queue.c.obj
 .text.vQueueAddToRegistry
                0x000000001ffe38f0       0x54 CMakeFiles/rpmsg_lite_str_echo_rtos_imxcm4.elf.dir/home/oosman/nextgen/build_wayland/tmp/work/imx8mm_var_dart-fslc-linux/freertos-variscite/2.9.x-r0/git/rtos/freertos/freertos_kernel/queue.c.obj
                0x000000001ffe38f0                vQueueAddToRegistry
 .text.vQueueWaitForMessageRestricted
                0x000000001ffe3944       0x68 CMakeFiles/rpmsg_lite_str_echo_rtos_imxcm4.elf.dir/home/oosman/nextgen/build_wayland/tmp/work/imx8mm_var_dart-fslc-linux/freertos-variscite/2.9.x-r0/git/rtos/freertos/freertos_kernel/queue.c.obj
                0x000000001ffe3944                vQueueWaitForMessageRestricted
 .text.xTaskCreate
                0x000000001ffe39ac       0x82 CMakeFiles/rpmsg_lite_str_echo_rtos_imxcm4.elf.dir/home/oosman/nextgen/build_wayland/tmp/work/imx8mm_var_dart-fslc-linux/freertos-variscite/2.9.x-r0/git/rtos/freertos/freertos_kernel/tasks.c.obj
                0x000000001ffe39ac                xTaskCreate
 .text.prvInitialiseNewTask
                0x000000001ffe3a2e      0x144 CMakeFiles/rpmsg_lite_str_echo_rtos_imxcm4.elf.dir/home/oosman/nextgen/build_wayland/tmp/work/imx8mm_var_dart-fslc-linux/freertos-variscite/2.9.x-r0/git/rtos/freertos/freertos_kernel/tasks.c.obj
 *fill*         0x000000001ffe3b72        0x2 
 .text.prvAddNewTaskToReadyList
                0x000000001ffe3b74       0xdc CMakeFiles/rpmsg_lite_str_echo_rtos_imxcm4.elf.dir/home/oosman/nextgen/build_wayland/tmp/work/imx8mm_var_dart-fslc-linux/freertos-variscite/2.9.x-r0/git/rtos/freertos/freertos_kernel/tasks.c.obj
 .text.vTaskDelay
                0x000000001ffe3c50       0x68 CMakeFiles/rpmsg_lite_str_echo_rtos_imxcm4.elf.dir/home/oosman/nextgen/build_wayland/tmp/work/imx8mm_var_dart-fslc-linux/freertos-variscite/2.9.x-r0/git/rtos/freertos/freertos_kernel/tasks.c.obj
                0x000000001ffe3c50                vTaskDelay
 .text.vTaskStartScheduler
                0x000000001ffe3cb8       0x9c CMakeFiles/rpmsg_lite_str_echo_rtos_imxcm4.elf.dir/home/oosman/nextgen/build_wayland/tmp/work/imx8mm_var_dart-fslc-linux/freertos-variscite/2.9.x-r0/git/rtos/freertos/freertos_kernel/tasks.c.obj
                0x000000001ffe3cb8                vTaskStartScheduler
 .text.vTaskSuspendAll
                0x000000001ffe3d54       0x1c CMakeFiles/rpmsg_lite_str_echo_rtos_imxcm4.elf.dir/home/oosman/nextgen/build_wayland/tmp/work/imx8mm_var_dart-fslc-linux/freertos-variscite/2.9.x-r0/git/rtos/freertos/freertos_kernel/tasks.c.obj
                0x000000001ffe3d54                vTaskSuspendAll
 .text.xTaskResumeAll
                0x000000001ffe3d70      0x138 CMakeFiles/rpmsg_lite_str_echo_rtos_imxcm4.elf.dir/home/oosman/nextgen/build_wayland/tmp/work/imx8mm_var_dart-fslc-linux/freertos-variscite/2.9.x-r0/git/rtos/freertos/freertos_kernel/tasks.c.obj
                0x000000001ffe3d70                xTaskResumeAll
 .text.xTaskGetTickCount
                0x000000001ffe3ea8       0x20 CMakeFiles/rpmsg_lite_str_echo_rtos_imxcm4.elf.dir/home/oosman/nextgen/build_wayland/tmp/work/imx8mm_var_dart-fslc-linux/freertos-variscite/2.9.x-r0/git/rtos/freertos/freertos_kernel/tasks.c.obj
                0x000000001ffe3ea8                xTaskGetTickCount
 .text.xTaskIncrementTick
                0x000000001ffe3ec8      0x154 CMakeFiles/rpmsg_lite_str_echo_rtos_imxcm4.elf.dir/home/oosman/nextgen/build_wayland/tmp/work/imx8mm_var_dart-fslc-linux/freertos-variscite/2.9.x-r0/git/rtos/freertos/freertos_kernel/tasks.c.obj
                0x000000001ffe3ec8                xTaskIncrementTick
 .text.vTaskSwitchContext
                0x000000001ffe401c       0xb8 CMakeFiles/rpmsg_lite_str_echo_rtos_imxcm4.elf.dir/home/oosman/nextgen/build_wayland/tmp/work/imx8mm_var_dart-fslc-linux/freertos-variscite/2.9.x-r0/git/rtos/freertos/freertos_kernel/tasks.c.obj
                0x000000001ffe401c                vTaskSwitchContext
 .text.vTaskPlaceOnEventList
                0x000000001ffe40d4       0x48 CMakeFiles/rpmsg_lite_str_echo_rtos_imxcm4.elf.dir/home/oosman/nextgen/build_wayland/tmp/work/imx8mm_var_dart-fslc-linux/freertos-variscite/2.9.x-r0/git/rtos/freertos/freertos_kernel/tasks.c.obj
                0x000000001ffe40d4                vTaskPlaceOnEventList
 .text.vTaskPlaceOnEventListRestricted
                0x000000001ffe411c       0x58 CMakeFiles/rpmsg_lite_str_echo_rtos_imxcm4.elf.dir/home/oosman/nextgen/build_wayland/tmp/work/imx8mm_var_dart-fslc-linux/freertos-variscite/2.9.x-r0/git/rtos/freertos/freertos_kernel/tasks.c.obj
                0x000000001ffe411c                vTaskPlaceOnEventListRestricted
 .text.xTaskRemoveFromEventList
                0x000000001ffe4174       0xc4 CMakeFiles/rpmsg_lite_str_echo_rtos_imxcm4.elf.dir/home/oosman/nextgen/build_wayland/tmp/work/imx8mm_var_dart-fslc-linux/freertos-variscite/2.9.x-r0/git/rtos/freertos/freertos_kernel/tasks.c.obj
                0x000000001ffe4174                xTaskRemoveFromEventList
 .text.vTaskInternalSetTimeOutState
                0x000000001ffe4238       0x2c CMakeFiles/rpmsg_lite_str_echo_rtos_imxcm4.elf.dir/home/oosman/nextgen/build_wayland/tmp/work/imx8mm_var_dart-fslc-linux/freertos-variscite/2.9.x-r0/git/rtos/freertos/freertos_kernel/tasks.c.obj
                0x000000001ffe4238                vTaskInternalSetTimeOutState
 .text.xTaskCheckForTimeOut
                0x000000001ffe4264       0xc4 CMakeFiles/rpmsg_lite_str_echo_rtos_imxcm4.elf.dir/home/oosman/nextgen/build_wayland/tmp/work/imx8mm_var_dart-fslc-linux/freertos-variscite/2.9.x-r0/git/rtos/freertos/freertos_kernel/tasks.c.obj
                0x000000001ffe4264                xTaskCheckForTimeOut
 .text.vTaskMissedYield
                0x000000001ffe4328       0x18 CMakeFiles/rpmsg_lite_str_echo_rtos_imxcm4.elf.dir/home/oosman/nextgen/build_wayland/tmp/work/imx8mm_var_dart-fslc-linux/freertos-variscite/2.9.x-r0/git/rtos/freertos/freertos_kernel/tasks.c.obj
                0x000000001ffe4328                vTaskMissedYield
 .text.prvIdleTask
                0x000000001ffe4340       0x30 CMakeFiles/rpmsg_lite_str_echo_rtos_imxcm4.elf.dir/home/oosman/nextgen/build_wayland/tmp/work/imx8mm_var_dart-fslc-linux/freertos-variscite/2.9.x-r0/git/rtos/freertos/freertos_kernel/tasks.c.obj
 .text.prvInitialiseTaskLists
                0x000000001ffe4370       0x80 CMakeFiles/rpmsg_lite_str_echo_rtos_imxcm4.elf.dir/home/oosman/nextgen/build_wayland/tmp/work/imx8mm_var_dart-fslc-linux/freertos-variscite/2.9.x-r0/git/rtos/freertos/freertos_kernel/tasks.c.obj
 .text.prvCheckTasksWaitingTermination
                0x000000001ffe43f0       0x5c CMakeFiles/rpmsg_lite_str_echo_rtos_imxcm4.elf.dir/home/oosman/nextgen/build_wayland/tmp/work/imx8mm_var_dart-fslc-linux/freertos-variscite/2.9.x-r0/git/rtos/freertos/freertos_kernel/tasks.c.obj
 .text.prvDeleteTCB
                0x000000001ffe444c       0x20 CMakeFiles/rpmsg_lite_str_echo_rtos_imxcm4.elf.dir/home/oosman/nextgen/build_wayland/tmp/work/imx8mm_var_dart-fslc-linux/freertos-variscite/2.9.x-r0/git/rtos/freertos/freertos_kernel/tasks.c.obj
 .text.prvResetNextTaskUnblockTime
                0x000000001ffe446c       0x40 CMakeFiles/rpmsg_lite_str_echo_rtos_imxcm4.elf.dir/home/oosman/nextgen/build_wayland/tmp/work/imx8mm_var_dart-fslc-linux/freertos-variscite/2.9.x-r0/git/rtos/freertos/freertos_kernel/tasks.c.obj
 .text.xTaskGetSchedulerState
                0x000000001ffe44ac       0x3c CMakeFiles/rpmsg_lite_str_echo_rtos_imxcm4.elf.dir/home/oosman/nextgen/build_wayland/tmp/work/imx8mm_var_dart-fslc-linux/freertos-variscite/2.9.x-r0/git/rtos/freertos/freertos_kernel/tasks.c.obj
                0x000000001ffe44ac                xTaskGetSchedulerState
 .text.xTaskPriorityInherit
                0x000000001ffe44e8       0xec CMakeFiles/rpmsg_lite_str_echo_rtos_imxcm4.elf.dir/home/oosman/nextgen/build_wayland/tmp/work/imx8mm_var_dart-fslc-linux/freertos-variscite/2.9.x-r0/git/rtos/freertos/freertos_kernel/tasks.c.obj
                0x000000001ffe44e8                xTaskPriorityInherit
 .text.xTaskPriorityDisinherit
                0x000000001ffe45d4      0x10c CMakeFiles/rpmsg_lite_str_echo_rtos_imxcm4.elf.dir/home/oosman/nextgen/build_wayland/tmp/work/imx8mm_var_dart-fslc-linux/freertos-variscite/2.9.x-r0/git/rtos/freertos/freertos_kernel/tasks.c.obj
                0x000000001ffe45d4                xTaskPriorityDisinherit
 .text.vTaskPriorityDisinheritAfterTimeout
                0x000000001ffe46e0      0x11c CMakeFiles/rpmsg_lite_str_echo_rtos_imxcm4.elf.dir/home/oosman/nextgen/build_wayland/tmp/work/imx8mm_var_dart-fslc-linux/freertos-variscite/2.9.x-r0/git/rtos/freertos/freertos_kernel/tasks.c.obj
                0x000000001ffe46e0                vTaskPriorityDisinheritAfterTimeout
 .text.pvTaskIncrementMutexHeldCount
                0x000000001ffe47fc       0x28 CMakeFiles/rpmsg_lite_str_echo_rtos_imxcm4.elf.dir/home/oosman/nextgen/build_wayland/tmp/work/imx8mm_var_dart-fslc-linux/freertos-variscite/2.9.x-r0/git/rtos/freertos/freertos_kernel/tasks.c.obj
                0x000000001ffe47fc                pvTaskIncrementMutexHeldCount
 .text.prvAddCurrentTaskToDelayedList
                0x000000001ffe4824       0xcc CMakeFiles/rpmsg_lite_str_echo_rtos_imxcm4.elf.dir/home/oosman/nextgen/build_wayland/tmp/work/imx8mm_var_dart-fslc-linux/freertos-variscite/2.9.x-r0/git/rtos/freertos/freertos_kernel/tasks.c.obj
 .text.xTimerCreateTimerTask
                0x000000001ffe48f0       0x64 CMakeFiles/rpmsg_lite_str_echo_rtos_imxcm4.elf.dir/home/oosman/nextgen/build_wayland/tmp/work/imx8mm_var_dart-fslc-linux/freertos-variscite/2.9.x-r0/git/rtos/freertos/freertos_kernel/timers.c.obj
                0x000000001ffe48f0                xTimerCreateTimerTask
 .text.xTimerGenericCommand
                0x000000001ffe4954       0x9c CMakeFiles/rpmsg_lite_str_echo_rtos_imxcm4.elf.dir/home/oosman/nextgen/build_wayland/tmp/work/imx8mm_var_dart-fslc-linux/freertos-variscite/2.9.x-r0/git/rtos/freertos/freertos_kernel/timers.c.obj
                0x000000001ffe4954                xTimerGenericCommand
 .text.prvProcessExpiredTimer
                0x000000001ffe49f0       0x98 CMakeFiles/rpmsg_lite_str_echo_rtos_imxcm4.elf.dir/home/oosman/nextgen/build_wayland/tmp/work/imx8mm_var_dart-fslc-linux/freertos-variscite/2.9.x-r0/git/rtos/freertos/freertos_kernel/timers.c.obj
 .text.prvTimerTask
                0x000000001ffe4a88       0x24 CMakeFiles/rpmsg_lite_str_echo_rtos_imxcm4.elf.dir/home/oosman/nextgen/build_wayland/tmp/work/imx8mm_var_dart-fslc-linux/freertos-variscite/2.9.x-r0/git/rtos/freertos/freertos_kernel/timers.c.obj
 .text.prvProcessTimerOrBlockTask
                0x000000001ffe4aac       0x9c CMakeFiles/rpmsg_lite_str_echo_rtos_imxcm4.elf.dir/home/oosman/nextgen/build_wayland/tmp/work/imx8mm_var_dart-fslc-linux/freertos-variscite/2.9.x-r0/git/rtos/freertos/freertos_kernel/timers.c.obj
 .text.prvGetNextExpireTime
                0x000000001ffe4b48       0x48 CMakeFiles/rpmsg_lite_str_echo_rtos_imxcm4.elf.dir/home/oosman/nextgen/build_wayland/tmp/work/imx8mm_var_dart-fslc-linux/freertos-variscite/2.9.x-r0/git/rtos/freertos/freertos_kernel/timers.c.obj
 .text.prvSampleTimeNow
                0x000000001ffe4b90       0x40 CMakeFiles/rpmsg_lite_str_echo_rtos_imxcm4.elf.dir/home/oosman/nextgen/build_wayland/tmp/work/imx8mm_var_dart-fslc-linux/freertos-variscite/2.9.x-r0/git/rtos/freertos/freertos_kernel/timers.c.obj
 .text.prvInsertTimerInActiveList
                0x000000001ffe4bd0       0x84 CMakeFiles/rpmsg_lite_str_echo_rtos_imxcm4.elf.dir/home/oosman/nextgen/build_wayland/tmp/work/imx8mm_var_dart-fslc-linux/freertos-variscite/2.9.x-r0/git/rtos/freertos/freertos_kernel/timers.c.obj
 .text.prvProcessReceivedCommands
                0x000000001ffe4c54      0x1c4 CMakeFiles/rpmsg_lite_str_echo_rtos_imxcm4.elf.dir/home/oosman/nextgen/build_wayland/tmp/work/imx8mm_var_dart-fslc-linux/freertos-variscite/2.9.x-r0/git/rtos/freertos/freertos_kernel/timers.c.obj
 .text.prvSwitchTimerLists
                0x000000001ffe4e18       0xc8 CMakeFiles/rpmsg_lite_str_echo_rtos_imxcm4.elf.dir/home/oosman/nextgen/build_wayland/tmp/work/imx8mm_var_dart-fslc-linux/freertos-variscite/2.9.x-r0/git/rtos/freertos/freertos_kernel/timers.c.obj
 .text.prvCheckForValidListAndQueue
                0x000000001ffe4ee0       0x6c CMakeFiles/rpmsg_lite_str_echo_rtos_imxcm4.elf.dir/home/oosman/nextgen/build_wayland/tmp/work/imx8mm_var_dart-fslc-linux/freertos-variscite/2.9.x-r0/git/rtos/freertos/freertos_kernel/timers.c.obj
 .text.pvPortMalloc
                0x000000001ffe4f4c      0x198 CMakeFiles/rpmsg_lite_str_echo_rtos_imxcm4.elf.dir/home/oosman/nextgen/build_wayland/tmp/work/imx8mm_var_dart-fslc-linux/freertos-variscite/2.9.x-r0/git/rtos/freertos/freertos_kernel/portable/MemMang/heap_4.c.obj
                0x000000001ffe4f4c                pvPortMalloc
 .text.vPortFree
                0x000000001ffe50e4       0xc4 CMakeFiles/rpmsg_lite_str_echo_rtos_imxcm4.elf.dir/home/oosman/nextgen/build_wayland/tmp/work/imx8mm_var_dart-fslc-linux/freertos-variscite/2.9.x-r0/git/rtos/freertos/freertos_kernel/portable/MemMang/heap_4.c.obj
                0x000000001ffe50e4                vPortFree
 .text.prvHeapInit
                0x000000001ffe51a8       0xc4 CMakeFiles/rpmsg_lite_str_echo_rtos_imxcm4.elf.dir/home/oosman/nextgen/build_wayland/tmp/work/imx8mm_var_dart-fslc-linux/freertos-variscite/2.9.x-r0/git/rtos/freertos/freertos_kernel/portable/MemMang/heap_4.c.obj
 .text.prvInsertBlockIntoFreeList
                0x000000001ffe526c       0xb4 CMakeFiles/rpmsg_lite_str_echo_rtos_imxcm4.elf.dir/home/oosman/nextgen/build_wayland/tmp/work/imx8mm_var_dart-fslc-linux/freertos-variscite/2.9.x-r0/git/rtos/freertos/freertos_kernel/portable/MemMang/heap_4.c.obj
 .text.CLOCK_SetPllBypass
                0x000000001ffe5320       0x68 CMakeFiles/rpmsg_lite_str_echo_rtos_imxcm4.elf.dir/home/oosman/nextgen/build_wayland/tmp/work/imx8mm_var_dart-fslc-linux/freertos-variscite/2.9.x-r0/git/devices/MIMX8MM6/drivers/fsl_clock.c.obj
 .text.CLOCK_IsPllBypassed
                0x000000001ffe5388       0x38 CMakeFiles/rpmsg_lite_str_echo_rtos_imxcm4.elf.dir/home/oosman/nextgen/build_wayland/tmp/work/imx8mm_var_dart-fslc-linux/freertos-variscite/2.9.x-r0/git/devices/MIMX8MM6/drivers/fsl_clock.c.obj
 .text.CLOCK_IsPllLocked
                0x000000001ffe53c0       0x24 CMakeFiles/rpmsg_lite_str_echo_rtos_imxcm4.elf.dir/home/oosman/nextgen/build_wayland/tmp/work/imx8mm_var_dart-fslc-linux/freertos-variscite/2.9.x-r0/git/devices/MIMX8MM6/drivers/fsl_clock.c.obj
 .text.CLOCK_EnableAnalogClock
                0x000000001ffe53e4       0x38 CMakeFiles/rpmsg_lite_str_echo_rtos_imxcm4.elf.dir/home/oosman/nextgen/build_wayland/tmp/work/imx8mm_var_dart-fslc-linux/freertos-variscite/2.9.x-r0/git/devices/MIMX8MM6/drivers/fsl_clock.c.obj
 .text.CLOCK_GetPllRefClkFreq
                0x000000001ffe541c       0x7c CMakeFiles/rpmsg_lite_str_echo_rtos_imxcm4.elf.dir/home/oosman/nextgen/build_wayland/tmp/work/imx8mm_var_dart-fslc-linux/freertos-variscite/2.9.x-r0/git/devices/MIMX8MM6/drivers/fsl_clock.c.obj
                0x000000001ffe541c                CLOCK_GetPllRefClkFreq
 .text.CLOCK_GetPllFreq
                0x000000001ffe5498      0x1dc CMakeFiles/rpmsg_lite_str_echo_rtos_imxcm4.elf.dir/home/oosman/nextgen/build_wayland/tmp/work/imx8mm_var_dart-fslc-linux/freertos-variscite/2.9.x-r0/git/devices/MIMX8MM6/drivers/fsl_clock.c.obj
                0x000000001ffe5498                CLOCK_GetPllFreq
 .text.CLOCK_InitAudioPll1
                0x000000001ffe5674       0x68 CMakeFiles/rpmsg_lite_str_echo_rtos_imxcm4.elf.dir/home/oosman/nextgen/build_wayland/tmp/work/imx8mm_var_dart-fslc-linux/freertos-variscite/2.9.x-r0/git/devices/MIMX8MM6/drivers/fsl_clock.c.obj
                0x000000001ffe5674                CLOCK_InitAudioPll1
 .text.CLOCK_InitAudioPll2
                0x000000001ffe56dc       0x74 CMakeFiles/rpmsg_lite_str_echo_rtos_imxcm4.elf.dir/home/oosman/nextgen/build_wayland/tmp/work/imx8mm_var_dart-fslc-linux/freertos-variscite/2.9.x-r0/git/devices/MIMX8MM6/drivers/fsl_clock.c.obj
                0x000000001ffe56dc                CLOCK_InitAudioPll2
 .text.CLOCK_InitFracPll
                0x000000001ffe5750      0x15c CMakeFiles/rpmsg_lite_str_echo_rtos_imxcm4.elf.dir/home/oosman/nextgen/build_wayland/tmp/work/imx8mm_var_dart-fslc-linux/freertos-variscite/2.9.x-r0/git/devices/MIMX8MM6/drivers/fsl_clock.c.obj
                0x000000001ffe5750                CLOCK_InitFracPll
 .text.CLOCK_GetFracPllFreq
                0x000000001ffe58ac      0x11c CMakeFiles/rpmsg_lite_str_echo_rtos_imxcm4.elf.dir/home/oosman/nextgen/build_wayland/tmp/work/imx8mm_var_dart-fslc-linux/freertos-variscite/2.9.x-r0/git/devices/MIMX8MM6/drivers/fsl_clock.c.obj
                0x000000001ffe58ac                CLOCK_GetFracPllFreq
 .text.CLOCK_GetIntegerPllFreq
                0x000000001ffe59c8       0xe8 CMakeFiles/rpmsg_lite_str_echo_rtos_imxcm4.elf.dir/home/oosman/nextgen/build_wayland/tmp/work/imx8mm_var_dart-fslc-linux/freertos-variscite/2.9.x-r0/git/devices/MIMX8MM6/drivers/fsl_clock.c.obj
                0x000000001ffe59c8                CLOCK_GetIntegerPllFreq
 .text.CLOCK_SetRootDivider
                0x000000001ffe5ab0       0x80 CMakeFiles/rpmsg_lite_str_echo_rtos_imxcm4.elf.dir/home/oosman/nextgen/build_wayland/tmp/work/imx8mm_var_dart-fslc-linux/freertos-variscite/2.9.x-r0/git/devices/MIMX8MM6/drivers/fsl_clock.c.obj
                0x000000001ffe5ab0                CLOCK_SetRootDivider
 .text.CLOCK_EnableClock
                0x000000001ffe5b30       0x56 CMakeFiles/rpmsg_lite_str_echo_rtos_imxcm4.elf.dir/home/oosman/nextgen/build_wayland/tmp/work/imx8mm_var_dart-fslc-linux/freertos-variscite/2.9.x-r0/git/devices/MIMX8MM6/drivers/fsl_clock.c.obj
                0x000000001ffe5b30                CLOCK_EnableClock
 *fill*         0x000000001ffe5b86        0x2 
 .text.MU_GetInstance
                0x000000001ffe5b88       0x54 CMakeFiles/rpmsg_lite_str_echo_rtos_imxcm4.elf.dir/home/oosman/nextgen/build_wayland/tmp/work/imx8mm_var_dart-fslc-linux/freertos-variscite/2.9.x-r0/git/devices/MIMX8MM6/drivers/fsl_mu.c.obj
 .text.MU_Init  0x000000001ffe5bdc       0x20 CMakeFiles/rpmsg_lite_str_echo_rtos_imxcm4.elf.dir/home/oosman/nextgen/build_wayland/tmp/work/imx8mm_var_dart-fslc-linux/freertos-variscite/2.9.x-r0/git/devices/MIMX8MM6/drivers/fsl_mu.c.obj
                0x000000001ffe5bdc                MU_Init
 .text.MU_SendMsg
                0x000000001ffe5bfc       0x54 CMakeFiles/rpmsg_lite_str_echo_rtos_imxcm4.elf.dir/home/oosman/nextgen/build_wayland/tmp/work/imx8mm_var_dart-fslc-linux/freertos-variscite/2.9.x-r0/git/devices/MIMX8MM6/drivers/fsl_mu.c.obj
                0x000000001ffe5bfc                MU_SendMsg
 .text.RDC_SetMasterDomainAssignment
                0x000000001ffe5c50       0x48 CMakeFiles/rpmsg_lite_str_echo_rtos_imxcm4.elf.dir/home/oosman/nextgen/build_wayland/tmp/work/imx8mm_var_dart-fslc-linux/freertos-variscite/2.9.x-r0/git/devices/MIMX8MM6/drivers/fsl_rdc.c.obj
                0x000000001ffe5c50                RDC_SetMasterDomainAssignment
 .text.PrintGetWidth
                0x000000001ffe5c98       0x6a CMakeFiles/rpmsg_lite_str_echo_rtos_imxcm4.elf.dir/home/oosman/nextgen/build_wayland/tmp/work/imx8mm_var_dart-fslc-linux/freertos-variscite/2.9.x-r0/git/devices/MIMX8MM6/utilities/str/fsl_str.c.obj
 .text.PrintGetPrecision
                0x000000001ffe5d02       0x8c CMakeFiles/rpmsg_lite_str_echo_rtos_imxcm4.elf.dir/home/oosman/nextgen/build_wayland/tmp/work/imx8mm_var_dart-fslc-linux/freertos-variscite/2.9.x-r0/git/devices/MIMX8MM6/utilities/str/fsl_str.c.obj
 .text.PrintIsobpu
                0x000000001ffe5d8e       0x38 CMakeFiles/rpmsg_lite_str_echo_rtos_imxcm4.elf.dir/home/oosman/nextgen/build_wayland/tmp/work/imx8mm_var_dart-fslc-linux/freertos-variscite/2.9.x-r0/git/devices/MIMX8MM6/utilities/str/fsl_str.c.obj
 .text.PrintIsdi
                0x000000001ffe5dc6       0x2c CMakeFiles/rpmsg_lite_str_echo_rtos_imxcm4.elf.dir/home/oosman/nextgen/build_wayland/tmp/work/imx8mm_var_dart-fslc-linux/freertos-variscite/2.9.x-r0/git/devices/MIMX8MM6/utilities/str/fsl_str.c.obj
 .text.PrintOutputdifFobpu
                0x000000001ffe5df2       0x44 CMakeFiles/rpmsg_lite_str_echo_rtos_imxcm4.elf.dir/home/oosman/nextgen/build_wayland/tmp/work/imx8mm_var_dart-fslc-linux/freertos-variscite/2.9.x-r0/git/devices/MIMX8MM6/utilities/str/fsl_str.c.obj
 .text.PrintOutputxX
                0x000000001ffe5e36       0x44 CMakeFiles/rpmsg_lite_str_echo_rtos_imxcm4.elf.dir/home/oosman/nextgen/build_wayland/tmp/work/imx8mm_var_dart-fslc-linux/freertos-variscite/2.9.x-r0/git/devices/MIMX8MM6/utilities/str/fsl_str.c.obj
 .text.PrintIsfF
                0x000000001ffe5e7a       0x2c CMakeFiles/rpmsg_lite_str_echo_rtos_imxcm4.elf.dir/home/oosman/nextgen/build_wayland/tmp/work/imx8mm_var_dart-fslc-linux/freertos-variscite/2.9.x-r0/git/devices/MIMX8MM6/utilities/str/fsl_str.c.obj
 .text.PrintIsxX
                0x000000001ffe5ea6       0x2c CMakeFiles/rpmsg_lite_str_echo_rtos_imxcm4.elf.dir/home/oosman/nextgen/build_wayland/tmp/work/imx8mm_var_dart-fslc-linux/freertos-variscite/2.9.x-r0/git/devices/MIMX8MM6/utilities/str/fsl_str.c.obj
 .text.PrintFilterLengthFlag
                0x000000001ffe5ed2       0x3e CMakeFiles/rpmsg_lite_str_echo_rtos_imxcm4.elf.dir/home/oosman/nextgen/build_wayland/tmp/work/imx8mm_var_dart-fslc-linux/freertos-variscite/2.9.x-r0/git/devices/MIMX8MM6/utilities/str/fsl_str.c.obj
 .text.PrintGetRadixFromobpu
                0x000000001ffe5f10       0x40 CMakeFiles/rpmsg_lite_str_echo_rtos_imxcm4.elf.dir/home/oosman/nextgen/build_wayland/tmp/work/imx8mm_var_dart-fslc-linux/freertos-variscite/2.9.x-r0/git/devices/MIMX8MM6/utilities/str/fsl_str.c.obj
 .text.ConvertRadixNumToString
                0x000000001ffe5f50      0x110 CMakeFiles/rpmsg_lite_str_echo_rtos_imxcm4.elf.dir/home/oosman/nextgen/build_wayland/tmp/work/imx8mm_var_dart-fslc-linux/freertos-variscite/2.9.x-r0/git/devices/MIMX8MM6/utilities/str/fsl_str.c.obj
 .text.StrFormatPrintf
                0x000000001ffe6060      0x290 CMakeFiles/rpmsg_lite_str_echo_rtos_imxcm4.elf.dir/home/oosman/nextgen/build_wayland/tmp/work/imx8mm_var_dart-fslc-linux/freertos-variscite/2.9.x-r0/git/devices/MIMX8MM6/utilities/str/fsl_str.c.obj
                0x000000001ffe6060                StrFormatPrintf
 .text.DbgConsole_SendDataReliable
                0x000000001ffe62f0       0x50 CMakeFiles/rpmsg_lite_str_echo_rtos_imxcm4.elf.dir/home/oosman/nextgen/build_wayland/tmp/work/imx8mm_var_dart-fslc-linux/freertos-variscite/2.9.x-r0/git/devices/MIMX8MM6/utilities/debug_console/fsl_debug_console.c.obj
                0x000000001ffe62f0                DbgConsole_SendDataReliable
 .text.DbgConsole_PrintCallback
                0x000000001ffe6340       0x66 CMakeFiles/rpmsg_lite_str_echo_rtos_imxcm4.elf.dir/home/oosman/nextgen/build_wayland/tmp/work/imx8mm_var_dart-fslc-linux/freertos-variscite/2.9.x-r0/git/devices/MIMX8MM6/utilities/debug_console/fsl_debug_console.c.obj
 *fill*         0x000000001ffe63a6        0x2 
 .text.DbgConsole_Init
                0x000000001ffe63a8      0x118 CMakeFiles/rpmsg_lite_str_echo_rtos_imxcm4.elf.dir/home/oosman/nextgen/build_wayland/tmp/work/imx8mm_var_dart-fslc-linux/freertos-variscite/2.9.x-r0/git/devices/MIMX8MM6/utilities/debug_console/fsl_debug_console.c.obj
                0x000000001ffe63a8                DbgConsole_Init
 .text.DbgConsole_Printf
                0x000000001ffe64c0       0x78 CMakeFiles/rpmsg_lite_str_echo_rtos_imxcm4.elf.dir/home/oosman/nextgen/build_wayland/tmp/work/imx8mm_var_dart-fslc-linux/freertos-variscite/2.9.x-r0/git/devices/MIMX8MM6/utilities/debug_console/fsl_debug_console.c.obj
                0x000000001ffe64c0                DbgConsole_Printf
 .text.DisableGlobalIRQ
                0x000000001ffe6538       0x22 CMakeFiles/rpmsg_lite_str_echo_rtos_imxcm4.elf.dir/home/oosman/nextgen/build_wayland/tmp/work/imx8mm_var_dart-fslc-linux/freertos-variscite/2.9.x-r0/git/components/serial_manager/fsl_component_serial_manager.c.obj
 .text.EnableGlobalIRQ
                0x000000001ffe655a       0x20 CMakeFiles/rpmsg_lite_str_echo_rtos_imxcm4.elf.dir/home/oosman/nextgen/build_wayland/tmp/work/imx8mm_var_dart-fslc-linux/freertos-variscite/2.9.x-r0/git/components/serial_manager/fsl_component_serial_manager.c.obj
 .text.SerialManager_StartWriting
                0x000000001ffe657a       0x38 CMakeFiles/rpmsg_lite_str_echo_rtos_imxcm4.elf.dir/home/oosman/nextgen/build_wayland/tmp/work/imx8mm_var_dart-fslc-linux/freertos-variscite/2.9.x-r0/git/components/serial_manager/fsl_component_serial_manager.c.obj
 .text.SerialManager_Write
                0x000000001ffe65b2       0x44 CMakeFiles/rpmsg_lite_str_echo_rtos_imxcm4.elf.dir/home/oosman/nextgen/build_wayland/tmp/work/imx8mm_var_dart-fslc-linux/freertos-variscite/2.9.x-r0/git/components/serial_manager/fsl_component_serial_manager.c.obj
 .text.SerialManager_Init
                0x000000001ffe65f6       0x60 CMakeFiles/rpmsg_lite_str_echo_rtos_imxcm4.elf.dir/home/oosman/nextgen/build_wayland/tmp/work/imx8mm_var_dart-fslc-linux/freertos-variscite/2.9.x-r0/git/components/serial_manager/fsl_component_serial_manager.c.obj
                0x000000001ffe65f6                SerialManager_Init
 .text.SerialManager_OpenWriteHandle
                0x000000001ffe6656       0x50 CMakeFiles/rpmsg_lite_str_echo_rtos_imxcm4.elf.dir/home/oosman/nextgen/build_wayland/tmp/work/imx8mm_var_dart-fslc-linux/freertos-variscite/2.9.x-r0/git/components/serial_manager/fsl_component_serial_manager.c.obj
                0x000000001ffe6656                SerialManager_OpenWriteHandle
 .text.SerialManager_OpenReadHandle