Archive member included to satisfy reference by file (symbol)

/home/oosman/repos/nextgen/build_wayland/tmp/work/imx8mm_var_dart-fslc-linux/freertos-variscite/2.9.x-r0/gcc-arm-none-eabi-9-2020-q2-update/bin/../lib/gcc/arm-none-eabi/9.3.1/../../../../arm-none-eabi/lib/thumb/v7e-m+fp/hard/libc_nano.a(lib_a-errno.o)
                              CMakeFiles/rpmsg_lite_str_echo_rtos_imxcm4.elf.dir/home/oosman/repos/nextgen/build_wayland/tmp/work/imx8mm_var_dart-fslc-linux/freertos-variscite/2.9.x-r0/git/devices/MIMX8MM6/utilities/str/fsl_str.c.obj (__errno)
/home/oosman/repos/nextgen/build_wayland/tmp/work/imx8mm_var_dart-fslc-linux/freertos-variscite/2.9.x-r0/gcc-arm-none-eabi-9-2020-q2-update/bin/../lib/gcc/arm-none-eabi/9.3.1/../../../../arm-none-eabi/lib/thumb/v7e-m+fp/hard/libc_nano.a(lib_a-exit.o)
                              /home/oosman/repos/nextgen/build_wayland/tmp/work/imx8mm_var_dart-fslc-linux/freertos-variscite/2.9.x-r0/gcc-arm-none-eabi-9-2020-q2-update/bin/../lib/gcc/arm-none-eabi/9.3.1/../../../../arm-none-eabi/lib/thumb/v7e-m+fp/hard/crt0.o (exit)
/home/oosman/repos/nextgen/build_wayland/tmp/work/imx8mm_var_dart-fslc-linux/freertos-variscite/2.9.x-r0/gcc-arm-none-eabi-9-2020-q2-update/bin/../lib/gcc/arm-none-eabi/9.3.1/../../../../arm-none-eabi/lib/thumb/v7e-m+fp/hard/libc_nano.a(lib_a-impure.o)
                              /home/oosman/repos/nextgen/build_wayland/tmp/work/imx8mm_var_dart-fslc-linux/freertos-variscite/2.9.x-r0/gcc-arm-none-eabi-9-2020-q2-update/bin/../lib/gcc/arm-none-eabi/9.3.1/../../../../arm-none-eabi/lib/thumb/v7e-m+fp/hard/libc_nano.a(lib_a-exit.o) (_global_impure_ptr)
/home/oosman/repos/nextgen/build_wayland/tmp/work/imx8mm_var_dart-fslc-linux/freertos-variscite/2.9.x-r0/gcc-arm-none-eabi-9-2020-q2-update/bin/../lib/gcc/arm-none-eabi/9.3.1/../../../../arm-none-eabi/lib/thumb/v7e-m+fp/hard/libc_nano.a(lib_a-init.o)
                              /home/oosman/repos/nextgen/build_wayland/tmp/work/imx8mm_var_dart-fslc-linux/freertos-variscite/2.9.x-r0/gcc-arm-none-eabi-9-2020-q2-update/bin/../lib/gcc/arm-none-eabi/9.3.1/../../../../arm-none-eabi/lib/thumb/v7e-m+fp/hard/crt0.o (__libc_init_array)
/home/oosman/repos/nextgen/build_wayland/tmp/work/imx8mm_var_dart-fslc-linux/freertos-variscite/2.9.x-r0/gcc-arm-none-eabi-9-2020-q2-update/bin/../lib/gcc/arm-none-eabi/9.3.1/../../../../arm-none-eabi/lib/thumb/v7e-m+fp/hard/libc_nano.a(lib_a-malloc.o)
                              CMakeFiles/rpmsg_lite_str_echo_rtos_imxcm4.elf.dir/home/oosman/repos/nextgen/build_wayland/tmp/work/imx8mm_var_dart-fslc-linux/freertos-variscite/2.9.x-r0/git/devices/MIMX8MM6/drivers/fsl_common.c.obj (malloc)
/home/oosman/repos/nextgen/build_wayland/tmp/work/imx8mm_var_dart-fslc-linux/freertos-variscite/2.9.x-r0/gcc-arm-none-eabi-9-2020-q2-update/bin/../lib/gcc/arm-none-eabi/9.3.1/../../../../arm-none-eabi/lib/thumb/v7e-m+fp/hard/libc_nano.a(lib_a-memcpy-stub.o)
                              CMakeFiles/rpmsg_lite_str_echo_rtos_imxcm4.elf.dir/home/oosman/repos/nextgen/build_wayland/tmp/work/imx8mm_var_dart-fslc-linux/freertos-variscite/2.9.x-r0/git/boards/dart_mx8mm/multicore_examples/rpmsg_lite_str_echo_rtos/main_remote.c.obj (memcpy)
/home/oosman/repos/nextgen/build_wayland/tmp/work/imx8mm_var_dart-fslc-linux/freertos-variscite/2.9.x-r0/gcc-arm-none-eabi-9-2020-q2-update/bin/../lib/gcc/arm-none-eabi/9.3.1/../../../../arm-none-eabi/lib/thumb/v7e-m+fp/hard/libc_nano.a(lib_a-memset.o)
                              /home/oosman/repos/nextgen/build_wayland/tmp/work/imx8mm_var_dart-fslc-linux/freertos-variscite/2.9.x-r0/gcc-arm-none-eabi-9-2020-q2-update/bin/../lib/gcc/arm-none-eabi/9.3.1/../../../../arm-none-eabi/lib/thumb/v7e-m+fp/hard/crt0.o (memset)
/home/oosman/repos/nextgen/build_wayland/tmp/work/imx8mm_var_dart-fslc-linux/freertos-variscite/2.9.x-r0/gcc-arm-none-eabi-9-2020-q2-update/bin/../lib/gcc/arm-none-eabi/9.3.1/../../../../arm-none-eabi/lib/thumb/v7e-m+fp/hard/libc_nano.a(lib_a-nano-freer.o)
                              /home/oosman/repos/nextgen/build_wayland/tmp/work/imx8mm_var_dart-fslc-linux/freertos-variscite/2.9.x-r0/gcc-arm-none-eabi-9-2020-q2-update/bin/../lib/gcc/arm-none-eabi/9.3.1/../../../../arm-none-eabi/lib/thumb/v7e-m+fp/hard/libc_nano.a(lib_a-malloc.o) (_free_r)
/home/oosman/repos/nextgen/build_wayland/tmp/work/imx8mm_var_dart-fslc-linux/freertos-variscite/2.9.x-r0/gcc-arm-none-eabi-9-2020-q2-update/bin/../lib/gcc/arm-none-eabi/9.3.1/../../../../arm-none-eabi/lib/thumb/v7e-m+fp/hard/libc_nano.a(lib_a-nano-mallocr.o)
                              /home/oosman/repos/nextgen/build_wayland/tmp/work/imx8mm_var_dart-fslc-linux/freertos-variscite/2.9.x-r0/gcc-arm-none-eabi-9-2020-q2-update/bin/../lib/gcc/arm-none-eabi/9.3.1/../../../../arm-none-eabi/lib/thumb/v7e-m+fp/hard/libc_nano.a(lib_a-malloc.o) (_malloc_r)
[...]
Memory Configuration

Name             Origin             Length             Attributes
m_interrupts     0x000000001ffe0000 0x0000000000000240 xr
m_text           0x000000001ffe0240 0x000000000001fdc0 xr
m_data           0x0000000020000000 0x0000000000020000 rw
m_data2          0x000000007e000000 0x0000000001000000 rw
*default*        0x0000000000000000 0xffffffffffffffff

Linker script and memory map

LOAD /home/oosman/repos/nextgen/build_wayland/tmp/work/imx8mm_var_dart-fslc-linux/freertos-variscite/2.9.x-r0/gcc-arm-none-eabi-9-2020-q2-update/bin/../lib/gcc/arm-none-eabi/9.3.1/thumb/v7e-m+fp/hard/crti.o
LOAD /home/oosman/repos/nextgen/build_wayland/tmp/work/imx8mm_var_dart-fslc-linux/freertos-variscite/2.9.x-r0/gcc-arm-none-eabi-9-2020-q2-update/bin/../lib/gcc/arm-none-eabi/9.3.1/thumb/v7e-m+fp/hard/crtbegin.o
LOAD /home/oosman/repos/nextgen/build_wayland/tmp/work/imx8mm_var_dart-fslc-linux/freertos-variscite/2.9.x-r0/gcc-arm-none-eabi-9-2020-q2-update/bin/../lib/gcc/arm-none-eabi/9.3.1/../../../../arm-none-eabi/lib/thumb/v7e-m+fp/hard/crt0.o
                0x0000000000000400                __stack_size__ = 0x400
                0x0000000000000400                __heap_size__ = 0x400
LOAD CMakeFiles/rpmsg_lite_str_echo_rtos_imxcm4.elf.dir/home/oosman/repos/nextgen/build_wayland/tmp/work/imx8mm_var_dart-fslc-linux/freertos-variscite/2.9.x-r0/git/boards/dart_mx8mm/multicore_examples/rpmsg_lite_str_echo_rtos/main_remote.c.obj
LOAD CMakeFiles/rpmsg_lite_str_echo_rtos_imxcm4.elf.dir/home/oosman/repos/nextgen/build_wayland/tmp/work/imx8mm_var_dart-fslc-linux/freertos-variscite/2.9.x-r0/git/boards/dart_mx8mm/multicore_examples/rpmsg_lite_str_echo_rtos/pin_mux.c.obj
LOAD CMakeFiles/rpmsg_lite_str_echo_rtos_imxcm4.elf.dir/home/oosman/repos/nextgen/build_wayland/tmp/work/imx8mm_var_dart-fslc-linux/freertos-variscite/2.9.x-r0/git/boards/dart_mx8mm/multicore_examples/rpmsg_lite_str_echo_rtos/rsc_table.c.obj
LOAD CMakeFiles/rpmsg_lite_str_echo_rtos_imxcm4.elf.dir/home/oosman/repos/nextgen/build_wayland/tmp/work/imx8mm_var_dart-fslc-linux/freertos-variscite/2.9.x-r0/git/boards/dart_mx8mm/multicore_examples/rpmsg_lite_str_echo_rtos/board.c.obj
LOAD CMakeFiles/rpmsg_lite_str_echo_rtos_imxcm4.elf.dir/home/oosman/repos/nextgen/build_wayland/tmp/work/imx8mm_var_dart-fslc-linux/freertos-variscite/2.9.x-r0/git/boards/dart_mx8mm/multicore_examples/rpmsg_lite_str_echo_rtos/clock_config.c.obj
LOAD CMakeFiles/rpmsg_lite_str_echo_rtos_imxcm4.elf.dir/home/oosman/repos/nextgen/build_wayland/tmp/work/imx8mm_var_dart-fslc-linux/freertos-variscite/2.9.x-r0/git/middleware/multicore/rpmsg_lite/lib/rpmsg_lite/porting/platform/imx8mm_m4/rpmsg_platform.c.obj
LOAD CMakeFiles/rpmsg_lite_str_echo_rtos_imxcm4.elf.dir/home/oosman/repos/nextgen/build_wayland/tmp/work/imx8mm_var_dart-fslc-linux/freertos-variscite/2.9.x-r0/git/middleware/multicore/rpmsg_lite/lib/common/llist.c.obj
LOAD CMakeFiles/rpmsg_lite_str_echo_rtos_imxcm4.elf.dir/home/oosman/repos/nextgen/build_wayland/tmp/work/imx8mm_var_dart-fslc-linux/freertos-variscite/2.9.x-r0/git/middleware/multicore/rpmsg_lite/lib/rpmsg_lite/rpmsg_lite.c.obj
LOAD CMakeFiles/rpmsg_lite_str_echo_rtos_imxcm4.elf.dir/home/oosman/repos/nextgen/build_wayland/tmp/work/imx8mm_var_dart-fslc-linux/freertos-variscite/2.9.x-r0/git/middleware/multicore/rpmsg_lite/lib/rpmsg_lite/rpmsg_ns.c.obj
LOAD CMakeFiles/rpmsg_lite_str_echo_rtos_imxcm4.elf.dir/home/oosman/repos/nextgen/build_wayland/tmp/work/imx8mm_var_dart-fslc-linux/freertos-variscite/2.9.x-r0/git/middleware/multicore/rpmsg_lite/lib/virtio/virtqueue.c.obj
LOAD CMakeFiles/rpmsg_lite_str_echo_rtos_imxcm4.elf.dir/home/oosman/repos/nextgen/build_wayland/tmp/work/imx8mm_var_dart-fslc-linux/freertos-variscite/2.9.x-r0/git/middleware/multicore/rpmsg_lite/lib/rpmsg_lite/porting/environment/rpmsg_env_freertos.c.obj
LOAD CMakeFiles/rpmsg_lite_str_echo_rtos_imxcm4.elf.dir/home/oosman/repos/nextgen/build_wayland/tmp/work/imx8mm_var_dart-fslc-linux/freertos-variscite/2.9.x-r0/git/middleware/multicore/rpmsg_lite/lib/rpmsg_lite/rpmsg_queue.c.obj
LOAD CMakeFiles/rpmsg_lite_str_echo_rtos_imxcm4.elf.dir/home/oosman/repos/nextgen/build_wayland/tmp/work/imx8mm_var_dart-fslc-linux/freertos-variscite/2.9.x-r0/git/rtos/freertos/freertos_kernel/event_groups.c.obj
LOAD CMakeFiles/rpmsg_lite_str_echo_rtos_imxcm4.elf.dir/home/oosman/repos/nextgen/build_wayland/tmp/work/imx8mm_var_dart-fslc-linux/freertos-variscite/2.9.x-r0/git/rtos/freertos/freertos_kernel/croutine.c.obj
LOAD CMakeFiles/rpmsg_lite_str_echo_rtos_imxcm4.elf.dir/home/oosman/repos/nextgen/build_wayland/tmp/work/imx8mm_var_dart-fslc-linux/freertos-variscite/2.9.x-r0/git/rtos/freertos/freertos_kernel/list.c.obj
LOAD CMakeFiles/rpmsg_lite_str_echo_rtos_imxcm4.elf.dir/home/oosman/repos/nextgen/build_wayland/tmp/work/imx8mm_var_dart-fslc-linux/freertos-variscite/2.9.x-r0/git/rtos/freertos/freertos_kernel/portable/GCC/ARM_CM4F/port.c.obj
LOAD CMakeFiles/rpmsg_lite_str_echo_rtos_imxcm4.elf.dir/home/oosman/repos/nextgen/build_wayland/tmp/work/imx8mm_var_dart-fslc-linux/freertos-variscite/2.9.x-r0/git/rtos/freertos/freertos_kernel/queue.c.obj
LOAD CMakeFiles/rpmsg_lite_str_echo_rtos_imxcm4.elf.dir/home/oosman/repos/nextgen/build_wayland/tmp/work/imx8mm_var_dart-fslc-linux/freertos-variscite/2.9.x-r0/git/rtos/freertos/freertos_kernel/stream_buffer.c.obj
LOAD CMakeFiles/rpmsg_lite_str_echo_rtos_imxcm4.elf.dir/home/oosman/repos/nextgen/build_wayland/tmp/work/imx8mm_var_dart-fslc-linux/freertos-variscite/2.9.x-r0/git/rtos/freertos/freertos_kernel/tasks.c.obj
LOAD CMakeFiles/rpmsg_lite_str_echo_rtos_imxcm4.elf.dir/home/oosman/repos/nextgen/build_wayland/tmp/work/imx8mm_var_dart-fslc-linux/freertos-variscite/2.9.x-r0/git/rtos/freertos/freertos_kernel/timers.c.obj
LOAD CMakeFiles/rpmsg_lite_str_echo_rtos_imxcm4.elf.dir/home/oosman/repos/nextgen/build_wayland/tmp/work/imx8mm_var_dart-fslc-linux/freertos-variscite/2.9.x-r0/git/rtos/freertos/freertos_kernel/portable/MemMang/heap_4.c.obj
LOAD CMakeFiles/rpmsg_lite_str_echo_rtos_imxcm4.elf.dir/home/oosman/repos/nextgen/build_wayland/tmp/work/imx8mm_var_dart-fslc-linux/freertos-variscite/2.9.x-r0/git/devices/MIMX8MM6/drivers/fsl_clock.c.obj
LOAD CMakeFiles/rpmsg_lite_str_echo_rtos_imxcm4.elf.dir/home/oosman/repos/nextgen/build_wayland/tmp/work/imx8mm_var_dart-fslc-linux/freertos-variscite/2.9.x-r0/git/devices/MIMX8MM6/drivers/fsl_common.c.obj
LOAD CMakeFiles/rpmsg_lite_str_echo_rtos_imxcm4.elf.dir/home/oosman/repos/nextgen/build_wayland/tmp/work/imx8mm_var_dart-fslc-linux/freertos-variscite/2.9.x-r0/git/devices/MIMX8MM6/drivers/fsl_mu.c.obj
LOAD CMakeFiles/rpmsg_lite_str_echo_rtos_imxcm4.elf.dir/home/oosman/repos/nextgen/build_wayland/tmp/work/imx8mm_var_dart-fslc-linux/freertos-variscite/2.9.x-r0/git/devices/MIMX8MM6/drivers/fsl_rdc.c.obj
LOAD CMakeFiles/rpmsg_lite_str_echo_rtos_imxcm4.elf.dir/home/oosman/repos/nextgen/build_wayland/tmp/work/imx8mm_var_dart-fslc-linux/freertos-variscite/2.9.x-r0/git/devices/MIMX8MM6/utilities/str/fsl_str.c.obj
LOAD CMakeFiles/rpmsg_lite_str_echo_rtos_imxcm4.elf.dir/home/oosman/repos/nextgen/build_wayland/tmp/work/imx8mm_var_dart-fslc-linux/freertos-variscite/2.9.x-r0/git/devices/MIMX8MM6/utilities/debug_console/fsl_debug_console.c.obj
LOAD CMakeFiles/rpmsg_lite_str_echo_rtos_imxcm4.elf.dir/home/oosman/repos/nextgen/build_wayland/tmp/work/imx8mm_var_dart-fslc-linux/freertos-variscite/2.9.x-r0/git/components/serial_manager/fsl_component_serial_manager.c.obj
LOAD CMakeFiles/rpmsg_lite_str_echo_rtos_imxcm4.elf.dir/home/oosman/repos/nextgen/build_wayland/tmp/work/imx8mm_var_dart-fslc-linux/freertos-variscite/2.9.x-r0/git/components/serial_manager/fsl_component_serial_port_uart.c.obj
LOAD CMakeFiles/rpmsg_lite_str_echo_rtos_imxcm4.elf.dir/home/oosman/repos/nextgen/build_wayland/tmp/work/imx8mm_var_dart-fslc-linux/freertos-variscite/2.9.x-r0/git/devices/MIMX8MM6/drivers/fsl_uart.c.obj
LOAD CMakeFiles/rpmsg_lite_str_echo_rtos_imxcm4.elf.dir/home/oosman/repos/nextgen/build_wayland/tmp/work/imx8mm_var_dart-fslc-linux/freertos-variscite/2.9.x-r0/git/components/uart/fsl_adapter_iuart.c.obj
LOAD CMakeFiles/rpmsg_lite_str_echo_rtos_imxcm4.elf.dir/home/oosman/repos/nextgen/build_wayland/tmp/work/imx8mm_var_dart-fslc-linux/freertos-variscite/2.9.x-r0/git/components/lists/fsl_component_generic_list.c.obj
LOAD CMakeFiles/rpmsg_lite_str_echo_rtos_imxcm4.elf.dir/home/oosman/repos/nextgen/build_wayland/tmp/work/imx8mm_var_dart-fslc-linux/freertos-variscite/2.9.x-r0/git/devices/MIMX8MM6/gcc/startup_MIMX8MM6_cm4.S.obj
LOAD CMakeFiles/rpmsg_lite_str_echo_rtos_imxcm4.elf.dir/home/oosman/repos/nextgen/build_wayland/tmp/work/imx8mm_var_dart-fslc-linux/freertos-variscite/2.9.x-r0/git/devices/MIMX8MM6/system_MIMX8MM6_cm4.c.obj
LOAD CMakeFiles/rpmsg_lite_str_echo_rtos_imxcm4.elf.dir/home/oosman/repos/nextgen/build_wayland/tmp/work/imx8mm_var_dart-fslc-linux/freertos-variscite/2.9.x-r0/git/devices/MIMX8MM6/utilities/fsl_assert.c.obj
LOAD CMakeFiles/rpmsg_lite_str_echo_rtos_imxcm4.elf.dir/home/oosman/repos/nextgen/build_wayland/tmp/work/imx8mm_var_dart-fslc-linux/freertos-variscite/2.9.x-r0/git/devices/MIMX8MM6/utilities/fsl_sbrk.c.obj
START GROUP
LOAD /home/oosman/repos/nextgen/build_wayland/tmp/work/imx8mm_var_dart-fslc-linux/freertos-variscite/2.9.x-r0/gcc-arm-none-eabi-9-2020-q2-update/bin/../lib/gcc/arm-none-eabi/9.3.1/../../../../arm-none-eabi/lib/thumb/v7e-m+fp/hard/libm.a
LOAD /home/oosman/repos/nextgen/build_wayland/tmp/work/imx8mm_var_dart-fslc-linux/freertos-variscite/2.9.x-r0/gcc-arm-none-eabi-9-2020-q2-update/bin/../lib/gcc/arm-none-eabi/9.3.1/../../../../arm-none-eabi/lib/thumb/v7e-m+fp/hard/libc_nano.a
LOAD /home/oosman/repos/nextgen/build_wayland/tmp/work/imx8mm_var_dart-fslc-linux/freertos-variscite/2.9.x-r0/gcc-arm-none-eabi-9-2020-q2-update/bin/../lib/gcc/arm-none-eabi/9.3.1/thumb/v7e-m+fp/hard/libgcc.a
LOAD /home/oosman/repos/nextgen/build_wayland/tmp/work/imx8mm_var_dart-fslc-linux/freertos-variscite/2.9.x-r0/gcc-arm-none-eabi-9-2020-q2-update/bin/../lib/gcc/arm-none-eabi/9.3.1/../../../../arm-none-eabi/lib/thumb/v7e-m+fp/hard/libnosys.a
END GROUP
START GROUP
LOAD /home/oosman/repos/nextgen/build_wayland/tmp/work/imx8mm_var_dart-fslc-linux/freertos-variscite/2.9.x-r0/gcc-arm-none-eabi-9-2020-q2-update/bin/../lib/gcc/arm-none-eabi/9.3.1/thumb/v7e-m+fp/hard/libgcc.a
LOAD /home/oosman/repos/nextgen/build_wayland/tmp/work/imx8mm_var_dart-fslc-linux/freertos-variscite/2.9.x-r0/gcc-arm-none-eabi-9-2020-q2-update/bin/../lib/gcc/arm-none-eabi/9.3.1/../../../../arm-none-eabi/lib/thumb/v7e-m+fp/hard/libg_nano.a
LOAD /home/oosman/repos/nextgen/build_wayland/tmp/work/imx8mm_var_dart-fslc-linux/freertos-variscite/2.9.x-r0/gcc-arm-none-eabi-9-2020-q2-update/bin/../lib/gcc/arm-none-eabi/9.3.1/../../../../arm-none-eabi/lib/thumb/v7e-m+fp/hard/libc_nano.a
END GROUP
START GROUP
LOAD /home/oosman/repos/nextgen/build_wayland/tmp/work/imx8mm_var_dart-fslc-linux/freertos-variscite/2.9.x-r0/gcc-arm-none-eabi-9-2020-q2-update/bin/../lib/gcc/arm-none-eabi/9.3.1/thumb/v7e-m+fp/hard/libgcc.a
LOAD /home/oosman/repos/nextgen/build_wayland/tmp/work/imx8mm_var_dart-fslc-linux/freertos-variscite/2.9.x-r0/gcc-arm-none-eabi-9-2020-q2-update/bin/../lib/gcc/arm-none-eabi/9.3.1/../../../../arm-none-eabi/lib/thumb/v7e-m+fp/hard/libc_nano.a
LOAD /home/oosman/repos/nextgen/build_wayland/tmp/work/imx8mm_var_dart-fslc-linux/freertos-variscite/2.9.x-r0/gcc-arm-none-eabi-9-2020-q2-update/bin/../lib/gcc/arm-none-eabi/9.3.1/../../../../arm-none-eabi/lib/thumb/v7e-m+fp/hard/libnosys.a
END GROUP
START GROUP
LOAD /home/oosman/repos/nextgen/build_wayland/tmp/work/imx8mm_var_dart-fslc-linux/freertos-variscite/2.9.x-r0/gcc-arm-none-eabi-9-2020-q2-update/bin/../lib/gcc/arm-none-eabi/9.3.1/thumb/v7e-m+fp/hard/libgcc.a
LOAD /home/oosman/repos/nextgen/build_wayland/tmp/work/imx8mm_var_dart-fslc-linux/freertos-variscite/2.9.x-r0/gcc-arm-none-eabi-9-2020-q2-update/bin/../lib/gcc/arm-none-eabi/9.3.1/../../../../arm-none-eabi/lib/thumb/v7e-m+fp/hard/libc_nano.a
LOAD /home/oosman/repos/nextgen/build_wayland/tmp/work/imx8mm_var_dart-fslc-linux/freertos-variscite/2.9.x-r0/gcc-arm-none-eabi-9-2020-q2-update/bin/../lib/gcc/arm-none-eabi/9.3.1/../../../../arm-none-eabi/lib/thumb/v7e-m+fp/hard/libnosys.a
END GROUP
LOAD /home/oosman/repos/nextgen/build_wayland/tmp/work/imx8mm_var_dart-fslc-linux/freertos-variscite/2.9.x-r0/gcc-arm-none-eabi-9-2020-q2-update/bin/../lib/gcc/arm-none-eabi/9.3.1/thumb/v7e-m+fp/hard/crtend.o
LOAD /home/oosman/repos/nextgen/build_wayland/tmp/work/imx8mm_var_dart-fslc-linux/freertos-variscite/2.9.x-r0/gcc-arm-none-eabi-9-2020-q2-update/bin/../lib/gcc/arm-none-eabi/9.3.1/thumb/v7e-m+fp/hard/crtn.o
                0x0000000000000400                HEAP_SIZE = DEFINED (__heap_size__)?__heap_size__:0x400
                0x0000000000000400                STACK_SIZE = DEFINED (__stack_size__)?__stack_size__:0x400

.interrupts     0x000000001ffe0000      0x240
                0x000000001ffe0000                __VECTOR_TABLE = .
                0x000000001ffe0000                __Vectors = .
                0x000000001ffe0000                . = ALIGN (0x4)
 *(.isr_vector)
 .isr_vector    0x000000001ffe0000      0x240 CMakeFiles/rpmsg_lite_str_echo_rtos_imxcm4.elf.dir/home/oosman/repos/nextgen/build_wayland/tmp/work/imx8mm_var_dart-fslc-linux/freertos-variscite/2.9.x-r0/git/devices/MIMX8MM6/gcc/startup_MIMX8MM6_cm4.S.obj
                0x000000001ffe0000                __isr_vector
                0x000000001ffe0240                . = ALIGN (0x4)

.resource_table
                0x000000001ffe0240       0x58
                0x000000001ffe0240                . = ALIGN (0x8)
 *(.resource_table)
 .resource_table
                0x000000001ffe0240       0x58 CMakeFiles/rpmsg_lite_str_echo_rtos_imxcm4.elf.dir/home/oosman/repos/nextgen/build_wayland/tmp/work/imx8mm_var_dart-fslc-linux/freertos-variscite/2.9.x-r0/git/boards/dart_mx8mm/multicore_examples/rpmsg_lite_str_echo_rtos/rsc_table.c.obj
                0x000000001ffe0240                resources
                0x000000001ffe0298                . = ALIGN (0x8)

.text           0x000000001ffe02a0     0x8030
                0x000000001ffe02a0                . = ALIGN (0x4)
 *(.text)
 .text          0x000000001ffe02a0       0x40 /home/oosman/repos/nextgen/build_wayland/tmp/work/imx8mm_var_dart-fslc-linux/freertos-variscite/2.9.x-r0/gcc-arm-none-eabi-9-2020-q2-update/bin/../lib/gcc/arm-none-eabi/9.3.1/thumb/v7e-m+fp/hard/crtbegin.o
 .text          0x000000001ffe02e0       0x7c /home/oosman/repos/nextgen/build_wayland/tmp/work/imx8mm_var_dart-fslc-linux/freertos-variscite/2.9.x-r0/gcc-arm-none-eabi-9-2020-q2-update/bin/../lib/gcc/arm-none-eabi/9.3.1/../../../../arm-none-eabi/lib/thumb/v7e-m+fp/hard/crt0.o
                0x000000001ffe02e0                _stack_init
                0x000000001ffe02e8                _mainCRTStartup
                0x000000001ffe02e8                _start
 .text          0x000000001ffe035c      0x1a0 CMakeFiles/rpmsg_lite_str_echo_rtos_imxcm4.elf.dir/home/oosman/repos/nextgen/build_wayland/tmp/work/imx8mm_var_dart-fslc-linux/freertos-variscite/2.9.x-r0/git/devices/MIMX8MM6/gcc/startup_MIMX8MM6_cm4.S.obj
                0x000000001ffe035c                Reset_Handler
                0x000000001ffe03e8                Reserved96_IRQHandler
                0x000000001ffe03e8                SJC_IRQHandler
                0x000000001ffe03e8                DebugMon_Handler
                0x000000001ffe03e8                DDR_PerformanceMonitor_IRQHandler
                0x000000001ffe03e8                SRC_IRQHandler
                0x000000001ffe03e8                GPIO2_Combined_0_15_IRQHandler
                0x000000001ffe03e8                GPIO1_INT2_IRQHandler
                0x000000001ffe03e8                PWM1_IRQHandler
                0x000000001ffe03e8                CAAM_IRQ1_IRQHandler
                0x000000001ffe03e8                CPU_Error_L2RAM_IRQHandler
                0x000000001ffe03e8                CAAM_ERROR_IRQHandler
                0x000000001ffe03e8                GPIO1_INT7_IRQHandler
                0x000000001ffe03e8                Reserved59_IRQHandler
                0x000000001ffe03e8                PCIE_CTRL1_IRQ0_IRQHandler
                0x000000001ffe03e8                Reserved29_IRQHandler
                0x000000001ffe03e8                QOS_IRQHandler
                0x000000001ffe03e8                PDM_HWVAD_ERROR_IRQHandler
                0x000000001ffe03e8                I2S2_DriverIRQHandler
                0x000000001ffe03e8                GPIO5_Combined_0_15_IRQHandler
                0x000000001ffe03e8                MIPI_DSI_IRQHandler
                0x000000001ffe03e8                I2C3_DriverIRQHandler
                0x000000001ffe03e8                USB1_IRQHandler
                0x000000001ffe03e8                ENET_1588_DriverIRQHandler
                0x000000001ffe03e8                SNVS_IRQHandler
                0x000000001ffe03e8                Reserved116_IRQHandler
                0x000000001ffe03e8                SRC_Combined_IRQHandler
                0x000000001ffe03e8                GPIO4_Combined_0_15_IRQHandler
                0x000000001ffe03e8                Reserved92_IRQHandler
                0x000000001ffe03e8                VPU_G1_IRQHandler
                0x000000001ffe03e8                PERFMON1_IRQHandler
                0x000000001ffe03e8                SCTR_IRQ0_IRQHandler
                0x000000001ffe03e8                PWM3_IRQHandler
                0x000000001ffe03e8                I2C2_DriverIRQHandler
                0x000000001ffe03e8                GPU2D_IRQHandler
                0x000000001ffe03e8                HS_CP0_IRQHandler
                0x000000001ffe03e8                UsageFault_Handler
                0x000000001ffe03e8                WDOG1_IRQHandler
                0x000000001ffe03e8                DAP_IRQHandler
                0x000000001ffe03e8                TEMPMON_LOW_IRQHandler
                0x000000001ffe03e8                GPT1_IRQHandler
                0x000000001ffe03e8                DefaultISR
                0x000000001ffe03e8                VPU_G2_IRQHandler
                0x000000001ffe03e8                Reserved58_IRQHandler
                0x000000001ffe03e8                I2S3_DriverIRQHandler
                0x000000001ffe03e8                SDMA2_DriverIRQHandler
                0x000000001ffe03e8                GPT3_IRQHandler
                0x000000001ffe03e8                SNVS_Security_IRQHandler
                0x000000001ffe03e8                USDHC1_DriverIRQHandler
                0x000000001ffe03e8                GPIO1_INT0_IRQHandler
                0x000000001ffe03e8                CCM_IRQ1_IRQHandler
                0x000000001ffe03e8                CSU_IRQHandler
                0x000000001ffe03e8                ENET_MAC0_Rx_Tx_Done2_DriverIRQHandler
                0x000000001ffe03e8                ECSPI3_DriverIRQHandler
                0x000000001ffe03e8                SDMA1_DriverIRQHandler
                0x000000001ffe03e8                ENET_DriverIRQHandler
                0x000000001ffe03e8                MIPI_CSI1_IRQHandler
                0x000000001ffe03e8                ECSPI2_DriverIRQHandler
                0x000000001ffe03e8                GPIO1_Combined_16_31_IRQHandler
                0x000000001ffe03e8                CPU_CTI_Trigger_IRQHandler
                0x000000001ffe03e8                PERFMON2_IRQHandler
                0x000000001ffe03e8                QSPI_DriverIRQHandler
                0x000000001ffe03e8                GPIO3_Combined_16_31_IRQHandler
                0x000000001ffe03e8                CPU_Error_AXI_IRQHandler
                0x000000001ffe03e8                CSI1_IRQHandler
                0x000000001ffe03e8                RDC_IRQHandler
                0x000000001ffe03e8                WDOG2_IRQHandler
                0x000000001ffe03e8                GPIO1_INT5_IRQHandler
                0x000000001ffe03e8                PWM2_IRQHandler
                0x000000001ffe03e8                GPIO1_INT6_IRQHandler
                0x000000001ffe03e8                SNVS_Consolidated_IRQHandler
                0x000000001ffe03e8                I2S1_DriverIRQHandler
                0x000000001ffe03e8                GPR_IRQ_IRQHandler
                0x000000001ffe03e8                PCIE_CTRL1_IRQ1_IRQHandler
                0x000000001ffe03e8                GPC_IRQHandler
                0x000000001ffe03e8                GPIO3_Combined_0_15_IRQHandler
                0x000000001ffe03e8                I2S56_DriverIRQHandler
                0x000000001ffe03e8                SCTR_IRQ1_IRQHandler
                0x000000001ffe03e8                GPMI_IRQHandler
                0x000000001ffe03e8                GPIO5_Combined_16_31_IRQHandler
                0x000000001ffe03e8                CPU_PerformanceUnit_IRQHandler
                0x000000001ffe03e8                ENET_MAC0_Rx_Tx_Done1_DriverIRQHandler
                0x000000001ffe03e8                PWM4_IRQHandler
                0x000000001ffe03e8                TZASC_IRQHandler
                0x000000001ffe03e8                MU_A53_IRQHandler
                0x000000001ffe03e8                USDHC3_DriverIRQHandler
                0x000000001ffe03e8                GPIO1_INT1_IRQHandler
                0x000000001ffe03e8                DDR_IRQHandler
                0x000000001ffe03e8                PCIE_CTRL1_IRQHandler
                0x000000001ffe03e8                HS_CP1_IRQHandler
                0x000000001ffe03e8                GPIO1_INT4_IRQHandler
                0x000000001ffe03e8                USDHC2_DriverIRQHandler
                0x000000001ffe03e8                MemManage_Handler
                0x000000001ffe03e8                Reserved90_IRQHandler
                0x000000001ffe03e8                GPT4_IRQHandler
                0x000000001ffe03e8                Reserved133_IRQHandler
                0x000000001ffe03e8                PDM_EVENT_DriverIRQHandler
                0x000000001ffe03e8                I2C4_DriverIRQHandler
                0x000000001ffe03e8                USB2_IRQHandler
                0x000000001ffe03e8                PDM_HWVAD_EVENT_IRQHandler
                0x000000001ffe03e8                BCH_IRQHandler
                0x000000001ffe03e8                Reserved142_IRQHandler
                0x000000001ffe03e8                VPU_H1_IRQHandler
                0x000000001ffe03e8                GPIO1_INT3_IRQHandler
                0x000000001ffe03e8                GPIO1_Combined_0_15_IRQHandler
                0x000000001ffe03e8                I2C1_DriverIRQHandler
                0x000000001ffe03e8                Reserved91_IRQHandler
                0x000000001ffe03e8                Reserved127_IRQHandler
                0x000000001ffe03e8                SDMA3_DriverIRQHandler
                0x000000001ffe03e8                ECSPI1_DriverIRQHandler
                0x000000001ffe03e8                PCIE_CTRL1_IRQ3_IRQHandler
                0x000000001ffe03e8                PCIE_CTRL1_IRQ2_IRQHandler
                0x000000001ffe03e8                GPU3D_IRQHandler
                0x000000001ffe03e8                APBHDMA_DriverIRQHandler
                0x000000001ffe03e8                GPIO2_Combined_16_31_IRQHandler
                0x000000001ffe03e8                SPDIF1_DriverIRQHandler
                0x000000001ffe03e8                CAAM_IRQ2_IRQHandler
                0x000000001ffe03e8                GPT2_IRQHandler
                0x000000001ffe03e8                RTIC_IRQHandler
                0x000000001ffe03e8                PDM_ERROR_IRQHandler
                0x000000001ffe03e8                GPT5_IRQHandler
                0x000000001ffe03e8                BusFault_Handler
                0x000000001ffe03e8                GPIO4_Combined_16_31_IRQHandler
                0x000000001ffe03e8                Reserved93_IRQHandler
                0x000000001ffe03e8                GPT6_IRQHandler
                0x000000001ffe03e8                CAAM_IRQ0_IRQHandler
                0x000000001ffe03e8                CCM_IRQ2_IRQHandler
                0x000000001ffe03e8                WDOG3_IRQHandler
                0x000000001ffe03e8                LCDIF_IRQHandler
                0x000000001ffe03ec                NMI_Handler
                0x000000001ffe03f0                HardFault_Handler
                0x000000001ffe0400                SDMA1_IRQHandler
                0x000000001ffe0404                SPDIF1_IRQHandler
                0x000000001ffe0408                APBHDMA_IRQHandler
                0x000000001ffe040c                USDHC1_IRQHandler
                0x000000001ffe0410                USDHC2_IRQHandler
                0x000000001ffe0414                USDHC3_IRQHandler
                0x000000001ffe0418                UART1_IRQHandler
                0x000000001ffe041c                UART2_IRQHandler
                0x000000001ffe0420                UART3_IRQHandler
                0x000000001ffe0424                UART4_IRQHandler
                0x000000001ffe0428                ECSPI1_IRQHandler
                0x000000001ffe042c                ECSPI2_IRQHandler
                0x000000001ffe0430                ECSPI3_IRQHandler
                0x000000001ffe0434                SDMA3_IRQHandler
                0x000000001ffe0438                I2C1_IRQHandler
                0x000000001ffe043c                I2C2_IRQHandler
                0x000000001ffe0440                I2C3_IRQHandler
                0x000000001ffe0444                I2C4_IRQHandler
                0x000000001ffe0448                I2S3_IRQHandler
                0x000000001ffe044c                I2S56_IRQHandler
                0x000000001ffe0450                I2S1_IRQHandler
                0x000000001ffe0454                I2S2_IRQHandler
                0x000000001ffe0458                SDMA2_IRQHandler
                0x000000001ffe045c                QSPI_IRQHandler
                0x000000001ffe0460                PDM_EVENT_IRQHandler
                0x000000001ffe0464                ENET_MAC0_Rx_Tx_Done1_IRQHandler
                0x000000001ffe0468                ENET_MAC0_Rx_Tx_Done2_IRQHandler
                0x000000001ffe046c                ENET_IRQHandler
                0x000000001ffe0470                ENET_1588_IRQHandler
 .text          0x000000001ffe04fc       0x10 /home/oosman/repos/nextgen/build_wayland/tmp/work/imx8mm_var_dart-fslc-linux/freertos-variscite/2.9.x-r0/gcc-arm-none-eabi-9-2020-q2-update/bin/../lib/gcc/arm-none-eabi/9.3.1/../../../../arm-none-eabi/lib/thumb/v7e-m+fp/hard/libc_nano.a(lib_a-strlen.o)
                0x000000001ffe04fc                strlen
 .text          0x000000001ffe050c       0x30 /home/oosman/repos/nextgen/build_wayland/tmp/work/imx8mm_var_dart-fslc-linux/freertos-variscite/2.9.x-r0/gcc-arm-none-eabi-9-2020-q2-update/bin/../lib/gcc/arm-none-eabi/9.3.1/thumb/v7e-m+fp/hard/libgcc.a(_aeabi_uldivmod.o)
                0x000000001ffe050c                __aeabi_uldivmod
 .text          0x000000001ffe053c      0x2c4 /home/oosman/repos/nextgen/build_wayland/tmp/work/imx8mm_var_dart-fslc-linux/freertos-variscite/2.9.x-r0/gcc-arm-none-eabi-9-2020-q2-update/bin/../lib/gcc/arm-none-eabi/9.3.1/thumb/v7e-m+fp/hard/libgcc.a(_udivmoddi4.o)
                0x000000001ffe053c                __udivmoddi4
 .text          0x000000001ffe0800        0x4 /home/oosman/repos/nextgen/build_wayland/tmp/work/imx8mm_var_dart-fslc-linux/freertos-variscite/2.9.x-r0/gcc-arm-none-eabi-9-2020-q2-update/bin/../lib/gcc/arm-none-eabi/9.3.1/thumb/v7e-m+fp/hard/libgcc.a(_dvmd_tls.o)
                0x000000001ffe0800                __aeabi_ldiv0
                0x000000001ffe0800                __aeabi_idiv0
 *(.text*)
 .text.app_task
                0x000000001ffe0804      0x184 CMakeFiles/rpmsg_lite_str_echo_rtos_imxcm4.elf.dir/home/oosman/repos/nextgen/build_wayland/tmp/work/imx8mm_var_dart-fslc-linux/freertos-variscite/2.9.x-r0/git/boards/dart_mx8mm/multicore_examples/rpmsg_lite_str_echo_rtos/main_remote.c.obj
 .text.main     0x000000001ffe0988       0x64 CMakeFiles/rpmsg_lite_str_echo_rtos_imxcm4.elf.dir/home/oosman/repos/nextgen/build_wayland/tmp/work/imx8mm_var_dart-fslc-linux/freertos-variscite/2.9.x-r0/git/boards/dart_mx8mm/multicore_examples/rpmsg_lite_str_echo_rtos/main_remote.c.obj
                0x000000001ffe0988                main
 .text.IOMUXC_SetPinMux
                0x000000001ffe09ec       0x3e CMakeFiles/rpmsg_lite_str_echo_rtos_imxcm4.elf.dir/home/oosman/repos/nextgen/build_wayland/tmp/work/imx8mm_var_dart-fslc-linux/freertos-variscite/2.9.x-r0/git/boards/dart_mx8mm/multicore_examples/rpmsg_lite_str_echo_rtos/pin_mux.c.obj
 .text.IOMUXC_SetPinConfig
                0x000000001ffe0a2a       0x26 CMakeFiles/rpmsg_lite_str_echo_rtos_imxcm4.elf.dir/home/oosman/repos/nextgen/build_wayland/tmp/work/imx8mm_var_dart-fslc-linux/freertos-variscite/2.9.x-r0/git/boards/dart_mx8mm/multicore_examples/rpmsg_lite_str_echo_rtos/pin_mux.c.obj
 .text.BOARD_InitBootPins
                0x000000001ffe0a50        0xc CMakeFiles/rpmsg_lite_str_echo_rtos_imxcm4.elf.dir/home/oosman/repos/nextgen/build_wayland/tmp/work/imx8mm_var_dart-fslc-linux/freertos-variscite/2.9.x-r0/git/boards/dart_mx8mm/multicore_examples/rpmsg_lite_str_echo_rtos/pin_mux.c.obj
                0x000000001ffe0a50                BOARD_InitBootPins
 .text.BOARD_InitPins
                0x000000001ffe0a5c       0x70 CMakeFiles/rpmsg_lite_str_echo_rtos_imxcm4.elf.dir/home/oosman/repos/nextgen/build_wayland/tmp/work/imx8mm_var_dart-fslc-linux/freertos-variscite/2.9.x-r0/git/boards/dart_mx8mm/multicore_examples/rpmsg_lite_str_echo_rtos/pin_mux.c.obj
                0x000000001ffe0a5c                BOARD_InitPins
 .text.copyResourceTable
                0x000000001ffe0acc       0x28 CMakeFiles/rpmsg_lite_str_echo_rtos_imxcm4.elf.dir/home/oosman/repos/nextgen/build_wayland/tmp/work/imx8mm_var_dart-fslc-linux/freertos-variscite/2.9.x-r0/git/boards/dart_mx8mm/multicore_examples/rpmsg_lite_str_echo_rtos/rsc_table.c.obj
                0x000000001ffe0acc                copyResourceTable
 .text.CLOCK_GetRootPreDivider
                0x000000001ffe0af4       0x20 CMakeFiles/rpmsg_lite_str_echo_rtos_imxcm4.elf.dir/home/oosman/repos/nextgen/build_wayland/tmp/work/imx8mm_var_dart-fslc-linux/freertos-variscite/2.9.x-r0/git/boards/dart_mx8mm/multicore_examples/rpmsg_lite_str_echo_rtos/board.c.obj
 .text.CLOCK_GetRootPostDivider
                0x000000001ffe0b14       0x1e CMakeFiles/rpmsg_lite_str_echo_rtos_imxcm4.elf.dir/home/oosman/repos/nextgen/build_wayland/tmp/work/imx8mm_var_dart-fslc-linux/freertos-variscite/2.9.x-r0/git/boards/dart_mx8mm/multicore_examples/rpmsg_lite_str_echo_rtos/board.c.obj
 .text.CLOCK_ControlGate
                0x000000001ffe0b32       0x1e CMakeFiles/rpmsg_lite_str_echo_rtos_imxcm4.elf.dir/home/oosman/repos/nextgen/build_wayland/tmp/work/imx8mm_var_dart-fslc-linux/freertos-variscite/2.9.x-r0/git/boards/dart_mx8mm/multicore_examples/rpmsg_lite_str_echo_rtos/board.c.obj
 .text.BOARD_InitDebugConsole
                0x000000001ffe0b50       0x5c CMakeFiles/rpmsg_lite_str_echo_rtos_imxcm4.elf.dir/home/oosman/repos/nextgen/build_wayland/tmp/work/imx8mm_var_dart-fslc-linux/freertos-variscite/2.9.x-r0/git/boards/dart_mx8mm/multicore_examples/rpmsg_lite_str_echo_rtos/board.c.obj
                0x000000001ffe0b50                BOARD_InitDebugConsole
 .text.BOARD_InitMemory
                0x000000001ffe0bac      0x140 CMakeFiles/rpmsg_lite_str_echo_rtos_imxcm4.elf.dir/home/oosman/repos/nextgen/build_wayland/tmp/work/imx8mm_var_dart-fslc-linux/freertos-variscite/2.9.x-r0/git/boards/dart_mx8mm/multicore_examples/rpmsg_lite_str_echo_rtos/board.c.obj
                0x000000001ffe0bac                BOARD_InitMemory
 .text.BOARD_RdcInit
                0x000000001ffe0cec       0xb4 CMakeFiles/rpmsg_lite_str_echo_rtos_imxcm4.elf.dir/home/oosman/repos/nextgen/build_wayland/tmp/work/imx8mm_var_dart-fslc-linux/freertos-variscite/2.9.x-r0/git/boards/dart_mx8mm/multicore_examples/rpmsg_lite_str_echo_rtos/board.c.obj
                0x000000001ffe0cec                BOARD_RdcInit
 .text.CLOCK_SetRootMux
                0x000000001ffe0da0       0x2c CMakeFiles/rpmsg_lite_str_echo_rtos_imxcm4.elf.dir/home/oosman/repos/nextgen/build_wayland/tmp/work/imx8mm_var_dart-fslc-linux/freertos-variscite/2.9.x-r0/git/boards/dart_mx8mm/multicore_examples/rpmsg_lite_str_echo_rtos/clock_config.c.obj
 .text.BOARD_BootClockRUN
                0x000000001ffe0dcc       0xe4 CMakeFiles/rpmsg_lite_str_echo_rtos_imxcm4.elf.dir/home/oosman/repos/nextgen/build_wayland/tmp/work/imx8mm_var_dart-fslc-linux/freertos-variscite/2.9.x-r0/git/boards/dart_mx8mm/multicore_examples/rpmsg_lite_str_echo_rtos/clock_config.c.obj
                0x000000001ffe0dcc                BOARD_BootClockRUN
 .text.RL_HANG  0x000000001ffe0eb0        0x6 CMakeFiles/rpmsg_lite_str_echo_rtos_imxcm4.elf.dir/home/oosman/repos/nextgen/build_wayland/tmp/work/imx8mm_var_dart-fslc-linux/freertos-variscite/2.9.x-r0/git/middleware/multicore/rpmsg_lite/lib/rpmsg_lite/porting/platform/imx8mm_m4/rpmsg_platform.c.obj
 *fill*         0x000000001ffe0eb6        0x2 
 .text.__NVIC_EnableIRQ
                0x000000001ffe0eb8       0x3c CMakeFiles/rpmsg_lite_str_echo_rtos_imxcm4.elf.dir/home/oosman/repos/nextgen/build_wayland/tmp/work/imx8mm_var_dart-fslc-linux/freertos-variscite/2.9.x-r0/git/middleware/multicore/rpmsg_lite/lib/rpmsg_lite/porting/platform/imx8mm_m4/rpmsg_platform.c.obj
 .text.__NVIC_DisableIRQ
                0x000000001ffe0ef4       0x48 CMakeFiles/rpmsg_lite_str_echo_rtos_imxcm4.elf.dir/home/oosman/repos/nextgen/build_wayland/tmp/work/imx8mm_var_dart-fslc-linux/freertos-variscite/2.9.x-r0/git/middleware/multicore/rpmsg_lite/lib/rpmsg_lite/porting/platform/imx8mm_m4/rpmsg_platform.c.obj
 .text.__NVIC_SetPriority
                0x000000001ffe0f3c       0x54 CMakeFiles/rpmsg_lite_str_echo_rtos_imxcm4.elf.dir/home/oosman/repos/nextgen/build_wayland/tmp/work/imx8mm_var_dart-fslc-linux/freertos-variscite/2.9.x-r0/git/middleware/multicore/rpmsg_lite/lib/rpmsg_lite/porting/platform/imx8mm_m4/rpmsg_platform.c.obj
 .text.MU_ReceiveMsgNonBlocking
                0x000000001ffe0f90       0x3c CMakeFiles/rpmsg_lite_str_echo_rtos_imxcm4.elf.dir/home/oosman/repos/nextgen/build_wayland/tmp/work/imx8mm_var_dart-fslc-linux/freertos-variscite/2.9.x-r0/git/middleware/multicore/rpmsg_lite/lib/rpmsg_lite/porting/platform/imx8mm_m4/rpmsg_platform.c.obj
 .text.MU_GetStatusFlags
                0x000000001ffe0fcc       0x20 CMakeFiles/rpmsg_lite_str_echo_rtos_imxcm4.elf.dir/home/oosman/repos/nextgen/build_wayland/tmp/work/imx8mm_var_dart-fslc-linux/freertos-variscite/2.9.x-r0/git/middleware/multicore/rpmsg_lite/lib/rpmsg_lite/porting/platform/imx8mm_m4/rpmsg_platform.c.obj
 .text.MU_EnableInterrupts
                0x000000001ffe0fec       0x2e CMakeFiles/rpmsg_lite_str_echo_rtos_imxcm4.elf.dir/home/oosman/repos/nextgen/build_wayland/tmp/work/imx8mm_var_dart-fslc-linux/freertos-variscite/2.9.x-r0/git/middleware/multicore/rpmsg_lite/lib/rpmsg_lite/porting/platform/imx8mm_m4/rpmsg_platform.c.obj
 .text.platform_global_isr_disable
                0x000000001ffe101a       0x10 CMakeFiles/rpmsg_lite_str_echo_rtos_imxcm4.elf.dir/home/oosman/repos/nextgen/build_wayland/tmp/work/imx8mm_var_dart-fslc-linux/freertos-variscite/2.9.x-r0/git/middleware/multicore/rpmsg_lite/lib/rpmsg_lite/porting/platform/imx8mm_m4/rpmsg_platform.c.obj
 .text.platform_global_isr_enable
                0x000000001ffe102a       0x10 CMakeFiles/rpmsg_lite_str_echo_rtos_imxcm4.elf.dir/home/oosman/repos/nextgen/build_wayland/tmp/work/imx8mm_var_dart-fslc-linux/freertos-variscite/2.9.x-r0/git/middleware/multicore/rpmsg_lite/lib/rpmsg_lite/porting/platform/imx8mm_m4/rpmsg_platform.c.obj
 *fill*         0x000000001ffe103a        0x2 
 .text.platform_init_interrupt
                0x000000001ffe103c       0x64 CMakeFiles/rpmsg_lite_str_echo_rtos_imxcm4.elf.dir/home/oosman/repos/nextgen/build_wayland/tmp/work/imx8mm_var_dart-fslc-linux/freertos-variscite/2.9.x-r0/git/middleware/multicore/rpmsg_lite/lib/rpmsg_lite/porting/platform/imx8mm_m4/rpmsg_platform.c.obj
                0x000000001ffe103c                platform_init_interrupt
 .text.platform_notify
                0x000000001ffe10a0       0x3c CMakeFiles/rpmsg_lite_str_echo_rtos_imxcm4.elf.dir/home/oosman/repos/nextgen/build_wayland/tmp/work/imx8mm_var_dart-fslc-linux/freertos-variscite/2.9.x-r0/git/middleware/multicore/rpmsg_lite/lib/rpmsg_lite/porting/platform/imx8mm_m4/rpmsg_platform.c.obj
                0x000000001ffe10a0                platform_notify
 .text.MU_M4_IRQHandler
                0x000000001ffe10dc       0x40 CMakeFiles/rpmsg_lite_str_echo_rtos_imxcm4.elf.dir/home/oosman/repos/nextgen/build_wayland/tmp/work/imx8mm_var_dart-fslc-linux/freertos-variscite/2.9.x-r0/git/middleware/multicore/rpmsg_lite/lib/rpmsg_lite/porting/platform/imx8mm_m4/rpmsg_platform.c.obj
                0x000000001ffe10dc                MU_M4_IRQHandler
 .text.platform_in_isr
                0x000000001ffe111c       0x24 CMakeFiles/rpmsg_lite_str_echo_rtos_imxcm4.elf.dir/home/oosman/repos/nextgen/build_wayland/tmp/work/imx8mm_var_dart-fslc-linux/freertos-variscite/2.9.x-r0/git/middleware/multicore/rpmsg_lite/lib/rpmsg_lite/porting/platform/imx8mm_m4/rpmsg_platform.c.obj
                0x000000001ffe111c                platform_in_isr
 .text.platform_interrupt_enable
                0x000000001ffe1140       0x44 CMakeFiles/rpmsg_lite_str_echo_rtos_imxcm4.elf.dir/home/oosman/repos/nextgen/build_wayland/tmp/work/imx8mm_var_dart-fslc-linux/freertos-variscite/2.9.x-r0/git/middleware/multicore/rpmsg_lite/lib/rpmsg_lite/porting/platform/imx8mm_m4/rpmsg_platform.c.obj
                0x000000001ffe1140                platform_interrupt_enable
 .text.platform_interrupt_disable
                0x000000001ffe1184       0x44 CMakeFiles/rpmsg_lite_str_echo_rtos_imxcm4.elf.dir/home/oosman/repos/nextgen/build_wayland/tmp/work/imx8mm_var_dart-fslc-linux/freertos-variscite/2.9.x-r0/git/middleware/multicore/rpmsg_lite/lib/rpmsg_lite/porting/platform/imx8mm_m4/rpmsg_platform.c.obj
                0x000000001ffe1184                platform_interrupt_disable
 .text.platform_patova
                0x000000001ffe11c8       0x16 CMakeFiles/rpmsg_lite_str_echo_rtos_imxcm4.elf.dir/home/oosman/repos/nextgen/build_wayland/tmp/work/imx8mm_var_dart-fslc-linux/freertos-variscite/2.9.x-r0/git/middleware/multicore/rpmsg_lite/lib/rpmsg_lite/porting/platform/imx8mm_m4/rpmsg_platform.c.obj
                0x000000001ffe11c8                platform_patova
 *fill*         0x000000001ffe11de        0x2 
 .text.platform_init
                0x000000001ffe11e0       0x3c CMakeFiles/rpmsg_lite_str_echo_rtos_imxcm4.elf.dir/home/oosman/repos/nextgen/build_wayland/tmp/work/imx8mm_var_dart-fslc-linux/freertos-variscite/2.9.x-r0/git/middleware/multicore/rpmsg_lite/lib/rpmsg_lite/porting/platform/imx8mm_m4/rpmsg_platform.c.obj
                0x000000001ffe11e0                platform_init
 .text.add_to_list
                0x000000001ffe121c       0x5a CMakeFiles/rpmsg_lite_str_echo_rtos_imxcm4.elf.dir/home/oosman/repos/nextgen/build_wayland/tmp/work/imx8mm_var_dart-fslc-linux/freertos-variscite/2.9.x-r0/git/middleware/multicore/rpmsg_lite/lib/common/llist.c.obj
                0x000000001ffe121c                add_to_list
 .text.RL_HANG  0x000000001ffe1276        0x6 CMakeFiles/rpmsg_lite_str_echo_rtos_imxcm4.elf.dir/home/oosman/repos/nextgen/build_wayland/tmp/work/imx8mm_var_dart-fslc-linux/freertos-variscite/2.9.x-r0/git/middleware/multicore/rpmsg_lite/lib/rpmsg_lite/rpmsg_lite.c.obj
 .text.rpmsg_lite_get_endpoint_from_addr
                0x000000001ffe127c       0x40 CMakeFiles/rpmsg_lite_str_echo_rtos_imxcm4.elf.dir/home/oosman/repos/nextgen/build_wayland/tmp/work/imx8mm_var_dart-fslc-linux/freertos-variscite/2.9.x-r0/git/middleware/multicore/rpmsg_lite/lib/rpmsg_lite/rpmsg_lite.c.obj
 .text.rpmsg_lite_rx_callback
                0x000000001ffe12bc       0xb2 CMakeFiles/rpmsg_lite_str_echo_rtos_imxcm4.elf.dir/home/oosman/repos/nextgen/build_wayland/tmp/work/imx8mm_var_dart-fslc-linux/freertos-variscite/2.9.x-r0/git/middleware/multicore/rpmsg_lite/lib/rpmsg_lite/rpmsg_lite.c.obj
 .text.rpmsg_lite_tx_callback
                0x000000001ffe136e       0x26 CMakeFiles/rpmsg_lite_str_echo_rtos_imxcm4.elf.dir/home/oosman/repos/nextgen/build_wayland/tmp/work/imx8mm_var_dart-fslc-linux/freertos-variscite/2.9.x-r0/git/middleware/multicore/rpmsg_lite/lib/rpmsg_lite/rpmsg_lite.c.obj
 .text.vq_tx_remote
                0x000000001ffe1394       0x2e CMakeFiles/rpmsg_lite_str_echo_rtos_imxcm4.elf.dir/home/oosman/repos/nextgen/build_wayland/tmp/work/imx8mm_var_dart-fslc-linux/freertos-variscite/2.9.x-r0/git/middleware/multicore/rpmsg_lite/lib/rpmsg_lite/rpmsg_lite.c.obj
 .text.vq_tx_alloc_remote
                0x000000001ffe13c2       0x20 CMakeFiles/rpmsg_lite_str_echo_rtos_imxcm4.elf.dir/home/oosman/repos/nextgen/build_wayland/tmp/work/imx8mm_var_dart-fslc-linux/freertos-variscite/2.9.x-r0/git/middleware/multicore/rpmsg_lite/lib/rpmsg_lite/rpmsg_lite.c.obj
 .text.vq_rx_remote
                0x000000001ffe13e2       0x20 CMakeFiles/rpmsg_lite_str_echo_rtos_imxcm4.elf.dir/home/oosman/repos/nextgen/build_wayland/tmp/work/imx8mm_var_dart-fslc-linux/freertos-variscite/2.9.x-r0/git/middleware/multicore/rpmsg_lite/lib/rpmsg_lite/rpmsg_lite.c.obj
 .text.vq_rx_free_remote
                0x000000001ffe1402       0x2e CMakeFiles/rpmsg_lite_str_echo_rtos_imxcm4.elf.dir/home/oosman/repos/nextgen/build_wayland/tmp/work/imx8mm_var_dart-fslc-linux/freertos-variscite/2.9.x-r0/git/middleware/multicore/rpmsg_lite/lib/rpmsg_lite/rpmsg_lite.c.obj
 .text.virtqueue_notify
                0x000000001ffe1430       0x1c CMakeFiles/rpmsg_lite_str_echo_rtos_imxcm4.elf.dir/home/oosman/repos/nextgen/build_wayland/tmp/work/imx8mm_var_dart-fslc-linux/freertos-variscite/2.9.x-r0/git/middleware/multicore/rpmsg_lite/lib/rpmsg_lite/rpmsg_lite.c.obj
 .text.rpmsg_lite_create_ept
                0x000000001ffe144c      0x104 CMakeFiles/rpmsg_lite_str_echo_rtos_imxcm4.elf.dir/home/oosman/repos/nextgen/build_wayland/tmp/work/imx8mm_var_dart-fslc-linux/freertos-variscite/2.9.x-r0/git/middleware/multicore/rpmsg_lite/lib/rpmsg_lite/rpmsg_lite.c.obj
                0x000000001ffe144c                rpmsg_lite_create_ept
 .text.rpmsg_lite_is_link_up
                0x000000001ffe1550       0x22 CMakeFiles/rpmsg_lite_str_echo_rtos_imxcm4.elf.dir/home/oosman/repos/nextgen/build_wayland/tmp/work/imx8mm_var_dart-fslc-linux/freertos-variscite/2.9.x-r0/git/middleware/multicore/rpmsg_lite/lib/rpmsg_lite/rpmsg_lite.c.obj
                0x000000001ffe1550                rpmsg_lite_is_link_up
 *fill*         0x000000001ffe1572        0x2 
 .text.rpmsg_lite_format_message
                0x000000001ffe1574      0x130 CMakeFiles/rpmsg_lite_str_echo_rtos_imxcm4.elf.dir/home/oosman/repos/nextgen/build_wayland/tmp/work/imx8mm_var_dart-fslc-linux/freertos-variscite/2.9.x-r0/git/middleware/multicore/rpmsg_lite/lib/rpmsg_lite/rpmsg_lite.c.obj
 .text.rpmsg_lite_send
                0x000000001ffe16a4       0x50 CMakeFiles/rpmsg_lite_str_echo_rtos_imxcm4.elf.dir/home/oosman/repos/nextgen/build_wayland/tmp/work/imx8mm_var_dart-fslc-linux/freertos-variscite/2.9.x-r0/git/middleware/multicore/rpmsg_lite/lib/rpmsg_lite/rpmsg_lite.c.obj
                0x000000001ffe16a4                rpmsg_lite_send
 .text.rpmsg_lite_alloc_tx_buffer
                0x000000001ffe16f4       0xde CMakeFiles/rpmsg_lite_str_echo_rtos_imxcm4.elf.dir/home/oosman/repos/nextgen/build_wayland/tmp/work/imx8mm_var_dart-fslc-linux/freertos-variscite/2.9.x-r0/git/middleware/multicore/rpmsg_lite/lib/rpmsg_lite/rpmsg_lite.c.obj
                0x000000001ffe16f4                rpmsg_lite_alloc_tx_buffer
 *fill*         0x000000001ffe17d2        0x2 
 .text.rpmsg_lite_send_nocopy
                0x000000001ffe17d4       0xc0 CMakeFiles/rpmsg_lite_str_echo_rtos_imxcm4.elf.dir/home/oosman/repos/nextgen/build_wayland/tmp/work/imx8mm_var_dart-fslc-linux/freertos-variscite/2.9.x-r0/git/middleware/multicore/rpmsg_lite/lib/rpmsg_lite/rpmsg_lite.c.obj
                0x000000001ffe17d4                rpmsg_lite_send_nocopy
 .text.rpmsg_lite_release_rx_buffer
                0x000000001ffe1894       0x70 CMakeFiles/rpmsg_lite_str_echo_rtos_imxcm4.elf.dir/home/oosman/repos/nextgen/build_wayland/tmp/work/imx8mm_var_dart-fslc-linux/freertos-variscite/2.9.x-r0/git/middleware/multicore/rpmsg_lite/lib/rpmsg_lite/rpmsg_lite.c.obj
                0x000000001ffe1894                rpmsg_lite_release_rx_buffer
 .text.rpmsg_lite_remote_init
                0x000000001ffe1904      0x1e8 CMakeFiles/rpmsg_lite_str_echo_rtos_imxcm4.elf.dir/home/oosman/repos/nextgen/build_wayland/tmp/work/imx8mm_var_dart-fslc-linux/freertos-variscite/2.9.x-r0/git/middleware/multicore/rpmsg_lite/lib/rpmsg_lite/rpmsg_lite.c.obj
                0x000000001ffe1904                rpmsg_lite_remote_init
 .text.rpmsg_ns_announce
                0x000000001ffe1aec       0x60 CMakeFiles/rpmsg_lite_str_echo_rtos_imxcm4.elf.dir/home/oosman/repos/nextgen/build_wayland/tmp/work/imx8mm_var_dart-fslc-linux/freertos-variscite/2.9.x-r0/git/middleware/multicore/rpmsg_lite/lib/rpmsg_lite/rpmsg_ns.c.obj
                0x000000001ffe1aec                rpmsg_ns_announce
 .text.vring_size
                0x000000001ffe1b4c       0x46 CMakeFiles/rpmsg_lite_str_echo_rtos_imxcm4.elf.dir/home/oosman/repos/nextgen/build_wayland/tmp/work/imx8mm_var_dart-fslc-linux/freertos-variscite/2.9.x-r0/git/middleware/multicore/rpmsg_lite/lib/virtio/virtqueue.c.obj
 .text.vring_init
                0x000000001ffe1b92       0x52 CMakeFiles/rpmsg_lite_str_echo_rtos_imxcm4.elf.dir/home/oosman/repos/nextgen/build_wayland/tmp/work/imx8mm_var_dart-fslc-linux/freertos-variscite/2.9.x-r0/git/middleware/multicore/rpmsg_lite/lib/virtio/virtqueue.c.obj
 .text.vring_need_event
                0x000000001ffe1be4       0x3c CMakeFiles/rpmsg_lite_str_echo_rtos_imxcm4.elf.dir/home/oosman/repos/nextgen/build_wayland/tmp/work/imx8mm_var_dart-fslc-linux/freertos-variscite/2.9.x-r0/git/middleware/multicore/rpmsg_lite/lib/virtio/virtqueue.c.obj
 .text.virtqueue_create
                0x000000001ffe1c20       0xc4 CMakeFiles/rpmsg_lite_str_echo_rtos_imxcm4.elf.dir/home/oosman/repos/nextgen/build_wayland/tmp/work/imx8mm_var_dart-fslc-linux/freertos-variscite/2.9.x-r0/git/middleware/multicore/rpmsg_lite/lib/virtio/virtqueue.c.obj
                0x000000001ffe1c20                virtqueue_create
 .text.virtqueue_get_buffer_length
                0x000000001ffe1ce4       0x24 CMakeFiles/rpmsg_lite_str_echo_rtos_imxcm4.elf.dir/home/oosman/repos/nextgen/build_wayland/tmp/work/imx8mm_var_dart-fslc-linux/freertos-variscite/2.9.x-r0/git/middleware/multicore/rpmsg_lite/lib/virtio/virtqueue.c.obj
                0x000000001ffe1ce4                virtqueue_get_buffer_length
 .text.virtqueue_get_available_buffer
                0x000000001ffe1d08       0x8c CMakeFiles/rpmsg_lite_str_echo_rtos_imxcm4.elf.dir/home/oosman/repos/nextgen/build_wayland/tmp/work/imx8mm_var_dart-fslc-linux/freertos-variscite/2.9.x-r0/git/middleware/multicore/rpmsg_lite/lib/virtio/virtqueue.c.obj
                0x000000001ffe1d08                virtqueue_get_available_buffer
 .text.virtqueue_add_consumed_buffer
                0x000000001ffe1d94       0x38 CMakeFiles/rpmsg_lite_str_echo_rtos_imxcm4.elf.dir/home/oosman/repos/nextgen/build_wayland/tmp/work/imx8mm_var_dart-fslc-linux/freertos-variscite/2.9.x-r0/git/middleware/multicore/rpmsg_lite/lib/virtio/virtqueue.c.obj
                0x000000001ffe1d94                virtqueue_add_consumed_buffer
 .text.virtqueue_kick
                0x000000001ffe1dcc       0x2e CMakeFiles/rpmsg_lite_str_echo_rtos_imxcm4.elf.dir/home/oosman/repos/nextgen/build_wayland/tmp/work/imx8mm_var_dart-fslc-linux/freertos-variscite/2.9.x-r0/git/middleware/multicore/rpmsg_lite/lib/virtio/virtqueue.c.obj
                0x000000001ffe1dcc                virtqueue_kick
 .text.vq_ring_update_used
                0x000000001ffe1dfa       0x58 CMakeFiles/rpmsg_lite_str_echo_rtos_imxcm4.elf.dir/home/oosman/repos/nextgen/build_wayland/tmp/work/imx8mm_var_dart-fslc-linux/freertos-variscite/2.9.x-r0/git/middleware/multicore/rpmsg_lite/lib/virtio/virtqueue.c.obj
 .text.virtqueue_notification
                0x000000001ffe1e52       0x26 CMakeFiles/rpmsg_lite_str_echo_rtos_imxcm4.elf.dir/home/oosman/repos/nextgen/build_wayland/tmp/work/imx8mm_var_dart-fslc-linux/freertos-variscite/2.9.x-r0/git/middleware/multicore/rpmsg_lite/lib/virtio/virtqueue.c.obj
                0x000000001ffe1e52                virtqueue_notification
 .text.vq_ring_must_notify_host
                0x000000001ffe1e78       0x6e CMakeFiles/rpmsg_lite_str_echo_rtos_imxcm4.elf.dir/home/oosman/repos/nextgen/build_wayland/tmp/work/imx8mm_var_dart-fslc-linux/freertos-variscite/2.9.x-r0/git/middleware/multicore/rpmsg_lite/lib/virtio/virtqueue.c.obj
 .text.vq_ring_notify_host
                0x000000001ffe1ee6       0x20 CMakeFiles/rpmsg_lite_str_echo_rtos_imxcm4.elf.dir/home/oosman/repos/nextgen/build_wayland/tmp/work/imx8mm_var_dart-fslc-linux/freertos-variscite/2.9.x-r0/git/middleware/multicore/rpmsg_lite/lib/virtio/virtqueue.c.obj
 .text.RL_HANG  0x000000001ffe1f06        0x6 CMakeFiles/rpmsg_lite_str_echo_rtos_imxcm4.elf.dir/home/oosman/repos/nextgen/build_wayland/tmp/work/imx8mm_var_dart-fslc-linux/freertos-variscite/2.9.x-r0/git/middleware/multicore/rpmsg_lite/lib/rpmsg_lite/porting/environment/rpmsg_env_freertos.c.obj
 .text.env_in_isr
                0x000000001ffe1f0c        0xe CMakeFiles/rpmsg_lite_str_echo_rtos_imxcm4.elf.dir/home/oosman/repos/nextgen/build_wayland/tmp/work/imx8mm_var_dart-fslc-linux/freertos-variscite/2.9.x-r0/git/middleware/multicore/rpmsg_lite/lib/rpmsg_lite/porting/environment/rpmsg_env_freertos.c.obj
 *fill*         0x000000001ffe1f1a        0x2 
 .text.env_init
                0x000000001ffe1f1c       0xac CMakeFiles/rpmsg_lite_str_echo_rtos_imxcm4.elf.dir/home/oosman/repos/nextgen/build_wayland/tmp/work/imx8mm_var_dart-fslc-linux/freertos-variscite/2.9.x-r0/git/middleware/multicore/rpmsg_lite/lib/rpmsg_lite/porting/environment/rpmsg_env_freertos.c.obj
                0x000000001ffe1f1c                env_init
 .text.env_allocate_memory
                0x000000001ffe1fc8       0x18 CMakeFiles/rpmsg_lite_str_echo_rtos_imxcm4.elf.dir/home/oosman/repos/nextgen/build_wayland/tmp/work/imx8mm_var_dart-fslc-linux/freertos-variscite/2.9.x-r0/git/middleware/multicore/rpmsg_lite/lib/rpmsg_lite/porting/environment/rpmsg_env_freertos.c.obj
                0x000000001ffe1fc8                env_allocate_memory
 .text.env_free_memory
                0x000000001ffe1fe0       0x1c CMakeFiles/rpmsg_lite_str_echo_rtos_imxcm4.elf.dir/home/oosman/repos/nextgen/build_wayland/tmp/work/imx8mm_var_dart-fslc-linux/freertos-variscite/2.9.x-r0/git/middleware/multicore/rpmsg_lite/lib/rpmsg_lite/porting/environment/rpmsg_env_freertos.c.obj
                0x000000001ffe1fe0                env_free_memory
 .text.env_memset
                0x000000001ffe1ffc       0x1e CMakeFiles/rpmsg_lite_str_echo_rtos_imxcm4.elf.dir/home/oosman/repos/nextgen/build_wayland/tmp/work/imx8mm_var_dart-fslc-linux/freertos-variscite/2.9.x-r0/git/middleware/multicore/rpmsg_lite/lib/rpmsg_lite/porting/environment/rpmsg_env_freertos.c.obj
                0x000000001ffe1ffc                env_memset
 .text.env_memcpy
                0x000000001ffe201a       0x1e CMakeFiles/rpmsg_lite_str_echo_rtos_imxcm4.elf.dir/home/oosman/repos/nextgen/build_wayland/tmp/work/imx8mm_var_dart-fslc-linux/freertos-variscite/2.9.x-r0/git/middleware/multicore/rpmsg_lite/lib/rpmsg_lite/porting/environment/rpmsg_env_freertos.c.obj
                0x000000001ffe201a                env_memcpy
 .text.env_strncpy
                0x000000001ffe2038       0x1e CMakeFiles/rpmsg_lite_str_echo_rtos_imxcm4.elf.dir/home/oosman/repos/nextgen/build_wayland/tmp/work/imx8mm_var_dart-fslc-linux/freertos-variscite/2.9.x-r0/git/middleware/multicore/rpmsg_lite/lib/rpmsg_lite/porting/environment/rpmsg_env_freertos.c.obj
                0x000000001ffe2038                env_strncpy
 .text.env_mb   0x000000001ffe2056       0x12 CMakeFiles/rpmsg_lite_str_echo_rtos_imxcm4.elf.dir/home/oosman/repos/nextgen/build_wayland/tmp/work/imx8mm_var_dart-fslc-linux/freertos-variscite/2.9.x-r0/git/middleware/multicore/rpmsg_lite/lib/rpmsg_lite/porting/environment/rpmsg_env_freertos.c.obj
                0x000000001ffe2056                env_mb
 .text.env_rmb  0x000000001ffe2068       0x12 CMakeFiles/rpmsg_lite_str_echo_rtos_imxcm4.elf.dir/home/oosman/repos/nextgen/build_wayland/tmp/work/imx8mm_var_dart-fslc-linux/freertos-variscite/2.9.x-r0/git/middleware/multicore/rpmsg_lite/lib/rpmsg_lite/porting/environment/rpmsg_env_freertos.c.obj
                0x000000001ffe2068                env_rmb
 .text.env_wmb  0x000000001ffe207a       0x12 CMakeFiles/rpmsg_lite_str_echo_rtos_imxcm4.elf.dir/home/oosman/repos/nextgen/build_wayland/tmp/work/imx8mm_var_dart-fslc-linux/freertos-variscite/2.9.x-r0/git/middleware/multicore/rpmsg_lite/lib/rpmsg_lite/porting/environment/rpmsg_env_freertos.c.obj
                0x000000001ffe207a                env_wmb
 .text.env_map_patova
                0x000000001ffe208c       0x18 CMakeFiles/rpmsg_lite_str_echo_rtos_imxcm4.elf.dir/home/oosman/repos/nextgen/build_wayland/tmp/work/imx8mm_var_dart-fslc-linux/freertos-variscite/2.9.x-r0/git/middleware/multicore/rpmsg_lite/lib/rpmsg_lite/porting/environment/rpmsg_env_freertos.c.obj
                0x000000001ffe208c                env_map_patova
 .text.env_create_mutex
                0x000000001ffe20a4       0x3e CMakeFiles/rpmsg_lite_str_echo_rtos_imxcm4.elf.dir/home/oosman/repos/nextgen/build_wayland/tmp/work/imx8mm_var_dart-fslc-linux/freertos-variscite/2.9.x-r0/git/middleware/multicore/rpmsg_lite/lib/rpmsg_lite/porting/environment/rpmsg_env_freertos.c.obj
                0x000000001ffe20a4                env_create_mutex
 .text.env_lock_mutex
                0x000000001ffe20e2       0x28 CMakeFiles/rpmsg_lite_str_echo_rtos_imxcm4.elf.dir/home/oosman/repos/nextgen/build_wayland/tmp/work/imx8mm_var_dart-fslc-linux/freertos-variscite/2.9.x-r0/git/middleware/multicore/rpmsg_lite/lib/rpmsg_lite/porting/environment/rpmsg_env_freertos.c.obj
                0x000000001ffe20e2                env_lock_mutex
 .text.env_unlock_mutex
                0x000000001ffe210a       0x2a CMakeFiles/rpmsg_lite_str_echo_rtos_imxcm4.elf.dir/home/oosman/repos/nextgen/build_wayland/tmp/work/imx8mm_var_dart-fslc-linux/freertos-variscite/2.9.x-r0/git/middleware/multicore/rpmsg_lite/lib/rpmsg_lite/porting/environment/rpmsg_env_freertos.c.obj
                0x000000001ffe210a                env_unlock_mutex
 .text.env_sleep_msec
                0x000000001ffe2134       0x16 CMakeFiles/rpmsg_lite_str_echo_rtos_imxcm4.elf.dir/home/oosman/repos/nextgen/build_wayland/tmp/work/imx8mm_var_dart-fslc-linux/freertos-variscite/2.9.x-r0/git/middleware/multicore/rpmsg_lite/lib/rpmsg_lite/porting/environment/rpmsg_env_freertos.c.obj
                0x000000001ffe2134                env_sleep_msec
 *fill*         0x000000001ffe214a        0x2 
 .text.env_register_isr
                0x000000001ffe214c       0x30 CMakeFiles/rpmsg_lite_str_echo_rtos_imxcm4.elf.dir/home/oosman/repos/nextgen/build_wayland/tmp/work/imx8mm_var_dart-fslc-linux/freertos-variscite/2.9.x-r0/git/middleware/multicore/rpmsg_lite/lib/rpmsg_lite/porting/environment/rpmsg_env_freertos.c.obj
                0x000000001ffe214c                env_register_isr
 .text.env_enable_interrupt
                0x000000001ffe217c       0x16 CMakeFiles/rpmsg_lite_str_echo_rtos_imxcm4.elf.dir/home/oosman/repos/nextgen/build_wayland/tmp/work/imx8mm_var_dart-fslc-linux/freertos-variscite/2.9.x-r0/git/middleware/multicore/rpmsg_lite/lib/rpmsg_lite/porting/environment/rpmsg_env_freertos.c.obj
                0x000000001ffe217c                env_enable_interrupt
 .text.env_disable_interrupt
                0x000000001ffe2192       0x16 CMakeFiles/rpmsg_lite_str_echo_rtos_imxcm4.elf.dir/home/oosman/repos/nextgen/build_wayland/tmp/work/imx8mm_var_dart-fslc-linux/freertos-variscite/2.9.x-r0/git/middleware/multicore/rpmsg_lite/lib/rpmsg_lite/porting/environment/rpmsg_env_freertos.c.obj
                0x000000001ffe2192                env_disable_interrupt
 .text.env_isr  0x000000001ffe21a8       0x38 CMakeFiles/rpmsg_lite_str_echo_rtos_imxcm4.elf.dir/home/oosman/repos/nextgen/build_wayland/tmp/work/imx8mm_var_dart-fslc-linux/freertos-variscite/2.9.x-r0/git/middleware/multicore/rpmsg_lite/lib/rpmsg_lite/porting/environment/rpmsg_env_freertos.c.obj
                0x000000001ffe21a8                env_isr
 .text.env_create_queue
                0x000000001ffe21e0       0x36 CMakeFiles/rpmsg_lite_str_echo_rtos_imxcm4.elf.dir/home/oosman/repos/nextgen/build_wayland/tmp/work/imx8mm_var_dart-fslc-linux/freertos-variscite/2.9.x-r0/git/middleware/multicore/rpmsg_lite/lib/rpmsg_lite/porting/environment/rpmsg_env_freertos.c.obj
                0x000000001ffe21e0                env_create_queue
 *fill*         0x000000001ffe2216        0x2 
 .text.env_put_queue
                0x000000001ffe2218       0x6c CMakeFiles/rpmsg_lite_str_echo_rtos_imxcm4.elf.dir/home/oosman/repos/nextgen/build_wayland/tmp/work/imx8mm_var_dart-fslc-linux/freertos-variscite/2.9.x-r0/git/middleware/multicore/rpmsg_lite/lib/rpmsg_lite/porting/environment/rpmsg_env_freertos.c.obj
                0x000000001ffe2218                env_put_queue
 .text.env_get_queue
                0x000000001ffe2284       0x6c CMakeFiles/rpmsg_lite_str_echo_rtos_imxcm4.elf.dir/home/oosman/repos/nextgen/build_wayland/tmp/work/imx8mm_var_dart-fslc-linux/freertos-variscite/2.9.x-r0/git/middleware/multicore/rpmsg_lite/lib/rpmsg_lite/porting/environment/rpmsg_env_freertos.c.obj
                0x000000001ffe2284                env_get_queue
 .text.RL_HANG  0x000000001ffe22f0        0x6 CMakeFiles/rpmsg_lite_str_echo_rtos_imxcm4.elf.dir/home/oosman/repos/nextgen/build_wayland/tmp/work/imx8mm_var_dart-fslc-linux/freertos-variscite/2.9.x-r0/git/middleware/multicore/rpmsg_lite/lib/rpmsg_lite/rpmsg_queue.c.obj
 .text.rpmsg_queue_rx_cb
                0x000000001ffe22f6       0x46 CMakeFiles/rpmsg_lite_str_echo_rtos_imxcm4.elf.dir/home/oosman/repos/nextgen/build_wayland/tmp/work/imx8mm_var_dart-fslc-linux/freertos-variscite/2.9.x-r0/git/middleware/multicore/rpmsg_lite/lib/rpmsg_lite/rpmsg_queue.c.obj
                0x000000001ffe22f6                rpmsg_queue_rx_cb
 .text.rpmsg_queue_create
                0x000000001ffe233c       0x48 CMakeFiles/rpmsg_lite_str_echo_rtos_imxcm4.elf.dir/home/oosman/repos/nextgen/build_wayland/tmp/work/imx8mm_var_dart-fslc-linux/freertos-variscite/2.9.x-r0/git/middleware/multicore/rpmsg_lite/lib/rpmsg_lite/rpmsg_queue.c.obj
                0x000000001ffe233c                rpmsg_queue_create
 .text.rpmsg_queue_recv_nocopy
                0x000000001ffe2384       0x80 CMakeFiles/rpmsg_lite_str_echo_rtos_imxcm4.elf.dir/home/oosman/repos/nextgen/build_wayland/tmp/work/imx8mm_var_dart-fslc-linux/freertos-variscite/2.9.x-r0/git/middleware/multicore/rpmsg_lite/lib/rpmsg_lite/rpmsg_queue.c.obj
                0x000000001ffe2384                rpmsg_queue_recv_nocopy
 .text.rpmsg_queue_nocopy_free
                0x000000001ffe2404       0x40 CMakeFiles/rpmsg_lite_str_echo_rtos_imxcm4.elf.dir/home/oosman/repos/nextgen/build_wayland/tmp/work/imx8mm_var_dart-fslc-linux/freertos-variscite/2.9.x-r0/git/middleware/multicore/rpmsg_lite/lib/rpmsg_lite/rpmsg_queue.c.obj
                0x000000001ffe2404                rpmsg_queue_nocopy_free
 .text.vListInitialise
                0x000000001ffe2444       0x40 CMakeFiles/rpmsg_lite_str_echo_rtos_imxcm4.elf.dir/home/oosman/repos/nextgen/build_wayland/tmp/work/imx8mm_var_dart-fslc-linux/freertos-variscite/2.9.x-r0/git/rtos/freertos/freertos_kernel/list.c.obj
                0x000000001ffe2444                vListInitialise
 .text.vListInitialiseItem
                0x000000001ffe2484       0x1a CMakeFiles/rpmsg_lite_str_echo_rtos_imxcm4.elf.dir/home/oosman/repos/nextgen/build_wayland/tmp/work/imx8mm_var_dart-fslc-linux/freertos-variscite/2.9.x-r0/git/rtos/freertos/freertos_kernel/list.c.obj
                0x000000001ffe2484                vListInitialiseItem
 .text.vListInsertEnd
                0x000000001ffe249e       0x48 CMakeFiles/rpmsg_lite_str_echo_rtos_imxcm4.elf.dir/home/oosman/repos/nextgen/build_wayland/tmp/work/imx8mm_var_dart-fslc-linux/freertos-variscite/2.9.x-r0/git/rtos/freertos/freertos_kernel/list.c.obj
                0x000000001ffe249e                vListInsertEnd
 .text.vListInsert
                0x000000001ffe24e6       0x72 CMakeFiles/rpmsg_lite_str_echo_rtos_imxcm4.elf.dir/home/oosman/repos/nextgen/build_wayland/tmp/work/imx8mm_var_dart-fslc-linux/freertos-variscite/2.9.x-r0/git/rtos/freertos/freertos_kernel/list.c.obj
                0x000000001ffe24e6                vListInsert
 .text.uxListRemove
                0x000000001ffe2558       0x54 CMakeFiles/rpmsg_lite_str_echo_rtos_imxcm4.elf.dir/home/oosman/repos/nextgen/build_wayland/tmp/work/imx8mm_var_dart-fslc-linux/freertos-variscite/2.9.x-r0/git/rtos/freertos/freertos_kernel/list.c.obj
                0x000000001ffe2558                uxListRemove
 .text.pxPortInitialiseStack
                0x000000001ffe25ac       0x68 CMakeFiles/rpmsg_lite_str_echo_rtos_imxcm4.elf.dir/home/oosman/repos/nextgen/build_wayland/tmp/work/imx8mm_var_dart-fslc-linux/freertos-variscite/2.9.x-r0/git/rtos/freertos/freertos_kernel/portable/GCC/ARM_CM4F/port.c.obj
                0x000000001ffe25ac                pxPortInitialiseStack
 .text.prvTaskExitError
                0x000000001ffe2614       0x58 CMakeFiles/rpmsg_lite_str_echo_rtos_imxcm4.elf.dir/home/oosman/repos/nextgen/build_wayland/tmp/work/imx8mm_var_dart-fslc-linux/freertos-variscite/2.9.x-r0/git/rtos/freertos/freertos_kernel/portable/GCC/ARM_CM4F/port.c.obj
 *fill*         0x000000001ffe266c        0x4 
 .text.SVC_Handler
                0x000000001ffe2670       0x28 CMakeFiles/rpmsg_lite_str_echo_rtos_imxcm4.elf.dir/home/oosman/repos/nextgen/build_wayland/tmp/work/imx8mm_var_dart-fslc-linux/freertos-variscite/2.9.x-r0/git/rtos/freertos/freertos_kernel/portable/GCC/ARM_CM4F/port.c.obj
                0x000000001ffe2670                SVC_Handler
 .text.prvPortStartFirstTask
                0x000000001ffe2698       0x28 CMakeFiles/rpmsg_lite_str_echo_rtos_imxcm4.elf.dir/home/oosman/repos/nextgen/build_wayland/tmp/work/imx8mm_var_dart-fslc-linux/freertos-variscite/2.9.x-r0/git/rtos/freertos/freertos_kernel/portable/GCC/ARM_CM4F/port.c.obj
 .text.xPortStartScheduler
                0x000000001ffe26c0      0x144 CMakeFiles/rpmsg_lite_str_echo_rtos_imxcm4.elf.dir/home/oosman/repos/nextgen/build_wayland/tmp/work/imx8mm_var_dart-fslc-linux/freertos-variscite/2.9.x-r0/git/rtos/freertos/freertos_kernel/portable/GCC/ARM_CM4F/port.c.obj
                0x000000001ffe26c0                xPortStartScheduler
 .text.vPortEnterCritical
                0x000000001ffe2804       0x60 CMakeFiles/rpmsg_lite_str_echo_rtos_imxcm4.elf.dir/home/oosman/repos/nextgen/build_wayland/tmp/work/imx8mm_var_dart-fslc-linux/freertos-variscite/2.9.x-r0/git/rtos/freertos/freertos_kernel/portable/GCC/ARM_CM4F/port.c.obj
                0x000000001ffe2804                vPortEnterCritical
 .text.vPortExitCritical
                0x000000001ffe2864       0x54 CMakeFiles/rpmsg_lite_str_echo_rtos_imxcm4.elf.dir/home/oosman/repos/nextgen/build_wayland/tmp/work/imx8mm_var_dart-fslc-linux/freertos-variscite/2.9.x-r0/git/rtos/freertos/freertos_kernel/portable/GCC/ARM_CM4F/port.c.obj
                0x000000001ffe2864                vPortExitCritical
 *fill*         0x000000001ffe28b8        0x8 
 .text.PendSV_Handler
                0x000000001ffe28c0       0x68 CMakeFiles/rpmsg_lite_str_echo_rtos_imxcm4.elf.dir/home/oosman/repos/nextgen/build_wayland/tmp/work/imx8mm_var_dart-fslc-linux/freertos-variscite/2.9.x-r0/git/rtos/freertos/freertos_kernel/portable/GCC/ARM_CM4F/port.c.obj
                0x000000001ffe28c0                PendSV_Handler
 .text.SysTick_Handler
                0x000000001ffe2928       0x44 CMakeFiles/rpmsg_lite_str_echo_rtos_imxcm4.elf.dir/home/oosman/repos/nextgen/build_wayland/tmp/work/imx8mm_var_dart-fslc-linux/freertos-variscite/2.9.x-r0/git/rtos/freertos/freertos_kernel/portable/GCC/ARM_CM4F/port.c.obj
                0x000000001ffe2928                SysTick_Handler
 .text.vPortSetupTimerInterrupt
                0x000000001ffe296c       0x48 CMakeFiles/rpmsg_lite_str_echo_rtos_imxcm4.elf.dir/home/oosman/repos/nextgen/build_wayland/tmp/work/imx8mm_var_dart-fslc-linux/freertos-variscite/2.9.x-r0/git/rtos/freertos/freertos_kernel/portable/GCC/ARM_CM4F/port.c.obj
                0x000000001ffe296c                vPortSetupTimerInterrupt
 .text.vPortEnableVFP
                0x000000001ffe29b4       0x14 CMakeFiles/rpmsg_lite_str_echo_rtos_imxcm4.elf.dir/home/oosman/repos/nextgen/build_wayland/tmp/work/imx8mm_var_dart-fslc-linux/freertos-variscite/2.9.x-r0/git/rtos/freertos/freertos_kernel/portable/GCC/ARM_CM4F/port.c.obj
 .text.vPortValidateInterruptPriority
                0x000000001ffe29c8       0x80 CMakeFiles/rpmsg_lite_str_echo_rtos_imxcm4.elf.dir/home/oosman/repos/nextgen/build_wayland/tmp/work/imx8mm_var_dart-fslc-linux/freertos-variscite/2.9.x-r0/git/rtos/freertos/freertos_kernel/portable/GCC/ARM_CM4F/port.c.obj
                0x000000001ffe29c8                vPortValidateInterruptPriority
 .text.xQueueGenericReset
                0x000000001ffe2a48       0xd0 CMakeFiles/rpmsg_lite_str_echo_rtos_imxcm4.elf.dir/home/oosman/repos/nextgen/build_wayland/tmp/work/imx8mm_var_dart-fslc-linux/freertos-variscite/2.9.x-r0/git/rtos/freertos/freertos_kernel/queue.c.obj
                0x000000001ffe2a48                xQueueGenericReset
 .text.xQueueGenericCreate
                0x000000001ffe2b18       0x6c CMakeFiles/rpmsg_lite_str_echo_rtos_imxcm4.elf.dir/home/oosman/repos/nextgen/build_wayland/tmp/work/imx8mm_var_dart-fslc-linux/freertos-variscite/2.9.x-r0/git/rtos/freertos/freertos_kernel/queue.c.obj
                0x000000001ffe2b18                xQueueGenericCreate
 .text.prvInitialiseNewQueue
                0x000000001ffe2b84       0x46 CMakeFiles/rpmsg_lite_str_echo_rtos_imxcm4.elf.dir/home/oosman/repos/nextgen/build_wayland/tmp/work/imx8mm_var_dart-fslc-linux/freertos-variscite/2.9.x-r0/git/rtos/freertos/freertos_kernel/queue.c.obj
 .text.xQueueCreateCountingSemaphore
                0x000000001ffe2bca       0x66 CMakeFiles/rpmsg_lite_str_echo_rtos_imxcm4.elf.dir/home/oosman/repos/nextgen/build_wayland/tmp/work/imx8mm_var_dart-fslc-linux/freertos-variscite/2.9.x-r0/git/rtos/freertos/freertos_kernel/queue.c.obj
                0x000000001ffe2bca                xQueueCreateCountingSemaphore
 .text.xQueueGenericSend
                0x000000001ffe2c30      0x1fc CMakeFiles/rpmsg_lite_str_echo_rtos_imxcm4.elf.dir/home/oosman/repos/nextgen/build_wayland/tmp/work/imx8mm_var_dart-fslc-linux/freertos-variscite/2.9.x-r0/git/rtos/freertos/freertos_kernel/queue.c.obj
                0x000000001ffe2c30                xQueueGenericSend
 .text.xQueueGenericSendFromISR
                0x000000001ffe2e2c      0x136 CMakeFiles/rpmsg_lite_str_echo_rtos_imxcm4.elf.dir/home/oosman/repos/nextgen/build_wayland/tmp/work/imx8mm_var_dart-fslc-linux/freertos-variscite/2.9.x-r0/git/rtos/freertos/freertos_kernel/queue.c.obj
                0x000000001ffe2e2c                xQueueGenericSendFromISR
 *fill*         0x000000001ffe2f62        0x2 
 .text.xQueueReceive
                0x000000001ffe2f64      0x1c0 CMakeFiles/rpmsg_lite_str_echo_rtos_imxcm4.elf.dir/home/oosman/repos/nextgen/build_wayland/tmp/work/imx8mm_var_dart-fslc-linux/freertos-variscite/2.9.x-r0/git/rtos/freertos/freertos_kernel/queue.c.obj
                0x000000001ffe2f64                xQueueReceive
 .text.xQueueSemaphoreTake
                0x000000001ffe3124      0x21c CMakeFiles/rpmsg_lite_str_echo_rtos_imxcm4.elf.dir/home/oosman/repos/nextgen/build_wayland/tmp/work/imx8mm_var_dart-fslc-linux/freertos-variscite/2.9.x-r0/git/rtos/freertos/freertos_kernel/queue.c.obj
                0x000000001ffe3124                xQueueSemaphoreTake
 .text.xQueueReceiveFromISR
                0x000000001ffe3340      0x100 CMakeFiles/rpmsg_lite_str_echo_rtos_imxcm4.elf.dir/home/oosman/repos/nextgen/build_wayland/tmp/work/imx8mm_var_dart-fslc-linux/freertos-variscite/2.9.x-r0/git/rtos/freertos/freertos_kernel/queue.c.obj
                0x000000001ffe3340                xQueueReceiveFromISR
 .text.prvGetDisinheritPriorityAfterTimeout
                0x000000001ffe3440       0x30 CMakeFiles/rpmsg_lite_str_echo_rtos_imxcm4.elf.dir/home/oosman/repos/nextgen/build_wayland/tmp/work/imx8mm_var_dart-fslc-linux/freertos-variscite/2.9.x-r0/git/rtos/freertos/freertos_kernel/queue.c.obj
 .text.prvCopyDataToQueue
                0x000000001ffe3470       0xd4 CMakeFiles/rpmsg_lite_str_echo_rtos_imxcm4.elf.dir/home/oosman/repos/nextgen/build_wayland/tmp/work/imx8mm_var_dart-fslc-linux/freertos-variscite/2.9.x-r0/git/rtos/freertos/freertos_kernel/queue.c.obj
 .text.prvCopyDataFromQueue
                0x000000001ffe3544       0x4c CMakeFiles/rpmsg_lite_str_echo_rtos_imxcm4.elf.dir/home/oosman/repos/nextgen/build_wayland/tmp/work/imx8mm_var_dart-fslc-linux/freertos-variscite/2.9.x-r0/git/rtos/freertos/freertos_kernel/queue.c.obj
 .text.prvUnlockQueue
                0x000000001ffe3590       0xa4 CMakeFiles/rpmsg_lite_str_echo_rtos_imxcm4.elf.dir/home/oosman/repos/nextgen/build_wayland/tmp/work/imx8mm_var_dart-fslc-linux/freertos-variscite/2.9.x-r0/git/rtos/freertos/freertos_kernel/queue.c.obj
 .text.prvIsQueueEmpty
                0x000000001ffe3634       0x2c CMakeFiles/rpmsg_lite_str_echo_rtos_imxcm4.elf.dir/home/oosman/repos/nextgen/build_wayland/tmp/work/imx8mm_var_dart-fslc-linux/freertos-variscite/2.9.x-r0/git/rtos/freertos/freertos_kernel/queue.c.obj
 .text.prvIsQueueFull
                0x000000001ffe3660       0x30 CMakeFiles/rpmsg_lite_str_echo_rtos_imxcm4.elf.dir/home/oosman/repos/nextgen/build_wayland/tmp/work/imx8mm_var_dart-fslc-linux/freertos-variscite/2.9.x-r0/git/rtos/freertos/freertos_kernel/queue.c.obj
 .text.vQueueAddToRegistry
                0x000000001ffe3690       0x54 CMakeFiles/rpmsg_lite_str_echo_rtos_imxcm4.elf.dir/home/oosman/repos/nextgen/build_wayland/tmp/work/imx8mm_var_dart-fslc-linux/freertos-variscite/2.9.x-r0/git/rtos/freertos/freertos_kernel/queue.c.obj
                0x000000001ffe3690                vQueueAddToRegistry
 .text.vQueueWaitForMessageRestricted
                0x000000001ffe36e4       0x68 CMakeFiles/rpmsg_lite_str_echo_rtos_imxcm4.elf.dir/home/oosman/repos/nextgen/build_wayland/tmp/work/imx8mm_var_dart-fslc-linux/freertos-variscite/2.9.x-r0/git/rtos/freertos/freertos_kernel/queue.c.obj
                0x000000001ffe36e4                vQueueWaitForMessageRestricted
 .text.xTaskCreate
                0x000000001ffe374c       0x82 CMakeFiles/rpmsg_lite_str_echo_rtos_imxcm4.elf.dir/home/oosman/repos/nextgen/build_wayland/tmp/work/imx8mm_var_dart-fslc-linux/freertos-variscite/2.9.x-r0/git/rtos/freertos/freertos_kernel/tasks.c.obj
                0x000000001ffe374c                xTaskCreate
 .text.prvInitialiseNewTask
                0x000000001ffe37ce      0x144 CMakeFiles/rpmsg_lite_str_echo_rtos_imxcm4.elf.dir/home/oosman/repos/nextgen/build_wayland/tmp/work/imx8mm_var_dart-fslc-linux/freertos-variscite/2.9.x-r0/git/rtos/freertos/freertos_kernel/tasks.c.obj
 *fill*         0x000000001ffe3912        0x2 
 .text.prvAddNewTaskToReadyList
                0x000000001ffe3914       0xdc CMakeFiles/rpmsg_lite_str_echo_rtos_imxcm4.elf.dir/home/oosman/repos/nextgen/build_wayland/tmp/work/imx8mm_var_dart-fslc-linux/freertos-variscite/2.9.x-r0/git/rtos/freertos/freertos_kernel/tasks.c.obj
 .text.vTaskDelay
                0x000000001ffe39f0       0x68 CMakeFiles/rpmsg_lite_str_echo_rtos_imxcm4.elf.dir/home/oosman/repos/nextgen/build_wayland/tmp/work/imx8mm_var_dart-fslc-linux/freertos-variscite/2.9.x-r0/git/rtos/freertos/freertos_kernel/tasks.c.obj
                0x000000001ffe39f0                vTaskDelay
 .text.vTaskStartScheduler
                0x000000001ffe3a58       0x9c CMakeFiles/rpmsg_lite_str_echo_rtos_imxcm4.elf.dir/home/oosman/repos/nextgen/build_wayland/tmp/work/imx8mm_var_dart-fslc-linux/freertos-variscite/2.9.x-r0/git/rtos/freertos/freertos_kernel/tasks.c.obj
                0x000000001ffe3a58                vTaskStartScheduler
 .text.vTaskSuspendAll
                0x000000001ffe3af4       0x1c CMakeFiles/rpmsg_lite_str_echo_rtos_imxcm4.elf.dir/home/oosman/repos/nextgen/build_wayland/tmp/work/imx8mm_var_dart-fslc-linux/freertos-variscite/2.9.x-r0/git/rtos/freertos/freertos_kernel/tasks.c.obj
                0x000000001ffe3af4                vTaskSuspendAll
 .text.xTaskResumeAll
                0x000000001ffe3b10      0x138 CMakeFiles/rpmsg_lite_str_echo_rtos_imxcm4.elf.dir/home/oosman/repos/nextgen/build_wayland/tmp/work/imx8mm_var_dart-fslc-linux/freertos-variscite/2.9.x-r0/git/rtos/freertos/freertos_kernel/tasks.c.obj
                0x000000001ffe3b10                xTaskResumeAll
 .text.xTaskGetTickCount
                0x000000001ffe3c48       0x20 CMakeFiles/rpmsg_lite_str_echo_rtos_imxcm4.elf.dir/home/oosman/repos/nextgen/build_wayland/tmp/work/imx8mm_var_dart-fslc-linux/freertos-variscite/2.9.x-r0/git/rtos/freertos/freertos_kernel/tasks.c.obj
                0x000000001ffe3c48                xTaskGetTickCount
 .text.xTaskIncrementTick
                0x000000001ffe3c68      0x154 CMakeFiles/rpmsg_lite_str_echo_rtos_imxcm4.elf.dir/home/oosman/repos/nextgen/build_wayland/tmp/work/imx8mm_var_dart-fslc-linux/freertos-variscite/2.9.x-r0/git/rtos/freertos/freertos_kernel/tasks.c.obj
                0x000000001ffe3c68                xTaskIncrementTick
 .text.vTaskSwitchContext
                0x000000001ffe3dbc       0xb8 CMakeFiles/rpmsg_lite_str_echo_rtos_imxcm4.elf.dir/home/oosman/repos/nextgen/build_wayland/tmp/work/imx8mm_var_dart-fslc-linux/freertos-variscite/2.9.x-r0/git/rtos/freertos/freertos_kernel/tasks.c.obj
                0x000000001ffe3dbc                vTaskSwitchContext
 .text.vTaskPlaceOnEventList
                0x000000001ffe3e74       0x48 CMakeFiles/rpmsg_lite_str_echo_rtos_imxcm4.elf.dir/home/oosman/repos/nextgen/build_wayland/tmp/work/imx8mm_var_dart-fslc-linux/freertos-variscite/2.9.x-r0/git/rtos/freertos/freertos_kernel/tasks.c.obj
                0x000000001ffe3e74                vTaskPlaceOnEventList
 .text.vTaskPlaceOnEventListRestricted
                0x000000001ffe3ebc       0x58 CMakeFiles/rpmsg_lite_str_echo_rtos_imxcm4.elf.dir/home/oosman/repos/nextgen/build_wayland/tmp/work/imx8mm_var_dart-fslc-linux/freertos-variscite/2.9.x-r0/git/rtos/freertos/freertos_kernel/tasks.c.obj
                0x000000001ffe3ebc                vTaskPlaceOnEventListRestricted
 .text.xTaskRemoveFromEventList
                0x000000001ffe3f14       0xc4 CMakeFiles/rpmsg_lite_str_echo_rtos_imxcm4.elf.dir/home/oosman/repos/nextgen/build_wayland/tmp/work/imx8mm_var_dart-fslc-linux/freertos-variscite/2.9.x-r0/git/rtos/freertos/freertos_kernel/tasks.c.obj
                0x000000001ffe3f14                xTaskRemoveFromEventList
 .text.vTaskInternalSetTimeOutState
                0x000000001ffe3fd8       0x2c CMakeFiles/rpmsg_lite_str_echo_rtos_imxcm4.elf.dir/home/oosman/repos/nextgen/build_wayland/tmp/work/imx8mm_var_dart-fslc-linux/freertos-variscite/2.9.x-r0/git/rtos/freertos/freertos_kernel/tasks.c.obj
                0x000000001ffe3fd8                vTaskInternalSetTimeOutState
 .text.xTaskCheckForTimeOut
                0x000000001ffe4004       0xc4 CMakeFiles/rpmsg_lite_str_echo_rtos_imxcm4.elf.dir/home/oosman/repos/nextgen/build_wayland/tmp/work/imx8mm_var_dart-fslc-linux/freertos-variscite/2.9.x-r0/git/rtos/freertos/freertos_kernel/tasks.c.obj
                0x000000001ffe4004                xTaskCheckForTimeOut
 .text.vTaskMissedYield
                0x000000001ffe40c8       0x18 CMakeFiles/rpmsg_lite_str_echo_rtos_imxcm4.elf.dir/home/oosman/repos/nextgen/build_wayland/tmp/work/imx8mm_var_dart-fslc-linux/freertos-variscite/2.9.x-r0/git/rtos/freertos/freertos_kernel/tasks.c.obj
                0x000000001ffe40c8                vTaskMissedYield
 .text.prvIdleTask
                0x000000001ffe40e0       0x30 CMakeFiles/rpmsg_lite_str_echo_rtos_imxcm4.elf.dir/home/oosman/repos/nextgen/build_wayland/tmp/work/imx8mm_var_dart-fslc-linux/freertos-variscite/2.9.x-r0/git/rtos/freertos/freertos_kernel/tasks.c.obj
 .text.prvInitialiseTaskLists
                0x000000001ffe4110       0x80 CMakeFiles/rpmsg_lite_str_echo_rtos_imxcm4.elf.dir/home/oosman/repos/nextgen/build_wayland/tmp/work/imx8mm_var_dart-fslc-linux/freertos-variscite/2.9.x-r0/git/rtos/freertos/freertos_kernel/tasks.c.obj
 .text.prvCheckTasksWaitingTermination
                0x000000001ffe4190       0x5c CMakeFiles/rpmsg_lite_str_echo_rtos_imxcm4.elf.dir/home/oosman/repos/nextgen/build_wayland/tmp/work/imx8mm_var_dart-fslc-linux/freertos-variscite/2.9.x-r0/git/rtos/freertos/freertos_kernel/tasks.c.obj
 .text.prvDeleteTCB
                0x000000001ffe41ec       0x20 CMakeFiles/rpmsg_lite_str_echo_rtos_imxcm4.elf.dir/home/oosman/repos/nextgen/build_wayland/tmp/work/imx8mm_var_dart-fslc-linux/freertos-variscite/2.9.x-r0/git/rtos/freertos/freertos_kernel/tasks.c.obj
 .text.prvResetNextTaskUnblockTime
                0x000000001ffe420c       0x40 CMakeFiles/rpmsg_lite_str_echo_rtos_imxcm4.elf.dir/home/oosman/repos/nextgen/build_wayland/tmp/work/imx8mm_var_dart-fslc-linux/freertos-variscite/2.9.x-r0/git/rtos/freertos/freertos_kernel/tasks.c.obj
 .text.xTaskGetSchedulerState
                0x000000001ffe424c       0x3c CMakeFiles/rpmsg_lite_str_echo_rtos_imxcm4.elf.dir/home/oosman/repos/nextgen/build_wayland/tmp/work/imx8mm_var_dart-fslc-linux/freertos-variscite/2.9.x-r0/git/rtos/freertos/freertos_kernel/tasks.c.obj
                0x000000001ffe424c                xTaskGetSchedulerState
 .text.xTaskPriorityInherit
                0x000000001ffe4288       0xec CMakeFiles/rpmsg_lite_str_echo_rtos_imxcm4.elf.dir/home/oosman/repos/nextgen/build_wayland/tmp/work/imx8mm_var_dart-fslc-linux/freertos-variscite/2.9.x-r0/git/rtos/freertos/freertos_kernel/tasks.c.obj
                0x000000001ffe4288                xTaskPriorityInherit
 .text.xTaskPriorityDisinherit
                0x000000001ffe4374      0x10c CMakeFiles/rpmsg_lite_str_echo_rtos_imxcm4.elf.dir/home/oosman/repos/nextgen/build_wayland/tmp/work/imx8mm_var_dart-fslc-linux/freertos-variscite/2.9.x-r0/git/rtos/freertos/freertos_kernel/tasks.c.obj
                0x000000001ffe4374                xTaskPriorityDisinherit
 .text.vTaskPriorityDisinheritAfterTimeout
                0x000000001ffe4480      0x11c CMakeFiles/rpmsg_lite_str_echo_rtos_imxcm4.elf.dir/home/oosman/repos/nextgen/build_wayland/tmp/work/imx8mm_var_dart-fslc-linux/freertos-variscite/2.9.x-r0/git/rtos/freertos/freertos_kernel/tasks.c.obj
                0x000000001ffe4480                vTaskPriorityDisinheritAfterTimeout
 .text.pvTaskIncrementMutexHeldCount
                0x000000001ffe459c       0x28 CMakeFiles/rpmsg_lite_str_echo_rtos_imxcm4.elf.dir/home/oosman/repos/nextgen/build_wayland/tmp/work/imx8mm_var_dart-fslc-linux/freertos-variscite/2.9.x-r0/git/rtos/freertos/freertos_kernel/tasks.c.obj
                0x000000001ffe459c                pvTaskIncrementMutexHeldCount
 .text.prvAddCurrentTaskToDelayedList
                0x000000001ffe45c4       0xcc CMakeFiles/rpmsg_lite_str_echo_rtos_imxcm4.elf.dir/home/oosman/repos/nextgen/build_wayland/tmp/work/imx8mm_var_dart-fslc-linux/freertos-variscite/2.9.x-r0/git/rtos/freertos/freertos_kernel/tasks.c.obj
 .text.xTimerCreateTimerTask
                0x000000001ffe4690       0x64 CMakeFiles/rpmsg_lite_str_echo_rtos_imxcm4.elf.dir/home/oosman/repos/nextgen/build_wayland/tmp/work/imx8mm_var_dart-fslc-linux/freertos-variscite/2.9.x-r0/git/rtos/freertos/freertos_kernel/timers.c.obj
                0x000000001ffe4690                xTimerCreateTimerTask
 .text.xTimerGenericCommand
                0x000000001ffe46f4       0x9c CMakeFiles/rpmsg_lite_str_echo_rtos_imxcm4.elf.dir/home/oosman/repos/nextgen/build_wayland/tmp/work/imx8mm_var_dart-fslc-linux/freertos-variscite/2.9.x-r0/git/rtos/freertos/freertos_kernel/timers.c.obj
                0x000000001ffe46f4                xTimerGenericCommand
 .text.prvProcessExpiredTimer
                0x000000001ffe4790       0x98 CMakeFiles/rpmsg_lite_str_echo_rtos_imxcm4.elf.dir/home/oosman/repos/nextgen/build_wayland/tmp/work/imx8mm_var_dart-fslc-linux/freertos-variscite/2.9.x-r0/git/rtos/freertos/freertos_kernel/timers.c.obj
 .text.prvTimerTask
                0x000000001ffe4828       0x24 CMakeFiles/rpmsg_lite_str_echo_rtos_imxcm4.elf.dir/home/oosman/repos/nextgen/build_wayland/tmp/work/imx8mm_var_dart-fslc-linux/freertos-variscite/2.9.x-r0/git/rtos/freertos/freertos_kernel/timers.c.obj
 .text.prvProcessTimerOrBlockTask
                0x000000001ffe484c       0x9c CMakeFiles/rpmsg_lite_str_echo_rtos_imxcm4.elf.dir/home/oosman/repos/nextgen/build_wayland/tmp/work/imx8mm_var_dart-fslc-linux/freertos-variscite/2.9.x-r0/git/rtos/freertos/freertos_kernel/timers.c.obj
 .text.prvGetNextExpireTime
                0x000000001ffe48e8       0x48 CMakeFiles/rpmsg_lite_str_echo_rtos_imxcm4.elf.dir/home/oosman/repos/nextgen/build_wayland/tmp/work/imx8mm_var_dart-fslc-linux/freertos-variscite/2.9.x-r0/git/rtos/freertos/freertos_kernel/timers.c.obj
 .text.prvSampleTimeNow
                0x000000001ffe4930       0x40 CMakeFiles/rpmsg_lite_str_echo_rtos_imxcm4.elf.dir/home/oosman/repos/nextgen/build_wayland/tmp/work/imx8mm_var_dart-fslc-linux/freertos-variscite/2.9.x-r0/git/rtos/freertos/freertos_kernel/timers.c.obj
 .text.prvInsertTimerInActiveList
                0x000000001ffe4970       0x84 CMakeFiles/rpmsg_lite_str_echo_rtos_imxcm4.elf.dir/home/oosman/repos/nextgen/build_wayland/tmp/work/imx8mm_var_dart-fslc-linux/freertos-variscite/2.9.x-r0/git/rtos/freertos/freertos_kernel/timers.c.obj
 .text.prvProcessReceivedCommands
                0x000000001ffe49f4      0x1c4 CMakeFiles/rpmsg_lite_str_echo_rtos_imxcm4.elf.dir/home/oosman/repos/nextgen/build_wayland/tmp/work/imx8mm_var_dart-fslc-linux/freertos-variscite/2.9.x-r0/git/rtos/freertos/freertos_kernel/timers.c.obj
 .text.prvSwitchTimerLists
                0x000000001ffe4bb8       0xc8 CMakeFiles/rpmsg_lite_str_echo_rtos_imxcm4.elf.dir/home/oosman/repos/nextgen/build_wayland/tmp/work/imx8mm_var_dart-fslc-linux/freertos-variscite/2.9.x-r0/git/rtos/freertos/freertos_kernel/timers.c.obj
 .text.prvCheckForValidListAndQueue
                0x000000001ffe4c80       0x6c CMakeFiles/rpmsg_lite_str_echo_rtos_imxcm4.elf.dir/home/oosman/repos/nextgen/build_wayland/tmp/work/imx8mm_var_dart-fslc-linux/freertos-variscite/2.9.x-r0/git/rtos/freertos/freertos_kernel/timers.c.obj
 .text.pvPortMalloc
                0x000000001ffe4cec      0x198 CMakeFiles/rpmsg_lite_str_echo_rtos_imxcm4.elf.dir/home/oosman/repos/nextgen/build_wayland/tmp/work/imx8mm_var_dart-fslc-linux/freertos-variscite/2.9.x-r0/git/rtos/freertos/freertos_kernel/portable/MemMang/heap_4.c.obj
                0x000000001ffe4cec                pvPortMalloc
 .text.vPortFree
                0x000000001ffe4e84       0xc4 CMakeFiles/rpmsg_lite_str_echo_rtos_imxcm4.elf.dir/home/oosman/repos/nextgen/build_wayland/tmp/work/imx8mm_var_dart-fslc-linux/freertos-variscite/2.9.x-r0/git/rtos/freertos/freertos_kernel/portable/MemMang/heap_4.c.obj
                0x000000001ffe4e84                vPortFree
 .text.prvHeapInit
                0x000000001ffe4f48       0xc4 CMakeFiles/rpmsg_lite_str_echo_rtos_imxcm4.elf.dir/home/oosman/repos/nextgen/build_wayland/tmp/work/imx8mm_var_dart-fslc-linux/freertos-variscite/2.9.x-r0/git/rtos/freertos/freertos_kernel/portable/MemMang/heap_4.c.obj
 .text.prvInsertBlockIntoFreeList
                0x000000001ffe500c       0xb4 CMakeFiles/rpmsg_lite_str_echo_rtos_imxcm4.elf.dir/home/oosman/repos/nextgen/build_wayland/tmp/work/imx8mm_var_dart-fslc-linux/freertos-variscite/2.9.x-r0/git/rtos/freertos/freertos_kernel/portable/MemMang/heap_4.c.obj
 .text.CLOCK_SetPllBypass
                0x000000001ffe50c0       0x68 CMakeFiles/rpmsg_lite_str_echo_rtos_imxcm4.elf.dir/home/oosman/repos/nextgen/build_wayland/tmp/work/imx8mm_var_dart-fslc-linux/freertos-variscite/2.9.x-r0/git/devices/MIMX8MM6/drivers/fsl_clock.c.obj
 .text.CLOCK_IsPllBypassed
                0x000000001ffe5128       0x38 CMakeFiles/rpmsg_lite_str_echo_rtos_imxcm4.elf.dir/home/oosman/repos/nextgen/build_wayland/tmp/work/imx8mm_var_dart-fslc-linux/freertos-variscite/2.9.x-r0/git/devices/MIMX8MM6/drivers/fsl_clock.c.obj
 .text.CLOCK_IsPllLocked
                0x000000001ffe5160       0x24 CMakeFiles/rpmsg_lite_str_echo_rtos_imxcm4.elf.dir/home/oosman/repos/nextgen/build_wayland/tmp/work/imx8mm_var_dart-fslc-linux/freertos-variscite/2.9.x-r0/git/devices/MIMX8MM6/drivers/fsl_clock.c.obj
 .text.CLOCK_EnableAnalogClock
                0x000000001ffe5184       0x38 CMakeFiles/rpmsg_lite_str_echo_rtos_imxcm4.elf.dir/home/oosman/repos/nextgen/build_wayland/tmp/work/imx8mm_var_dart-fslc-linux/freertos-variscite/2.9.x-r0/git/devices/MIMX8MM6/drivers/fsl_clock.c.obj
 .text.CLOCK_GetPllRefClkFreq
                0x000000001ffe51bc       0x7c CMakeFiles/rpmsg_lite_str_echo_rtos_imxcm4.elf.dir/home/oosman/repos/nextgen/build_wayland/tmp/work/imx8mm_var_dart-fslc-linux/freertos-variscite/2.9.x-r0/git/devices/MIMX8MM6/drivers/fsl_clock.c.obj
                0x000000001ffe51bc                CLOCK_GetPllRefClkFreq
 .text.CLOCK_GetPllFreq
                0x000000001ffe5238      0x1dc CMakeFiles/rpmsg_lite_str_echo_rtos_imxcm4.elf.dir/home/oosman/repos/nextgen/build_wayland/tmp/work/imx8mm_var_dart-fslc-linux/freertos-variscite/2.9.x-r0/git/devices/MIMX8MM6/drivers/fsl_clock.c.obj
                0x000000001ffe5238                CLOCK_GetPllFreq
 .text.CLOCK_InitAudioPll1
                0x000000001ffe5414       0x68 CMakeFiles/rpmsg_lite_str_echo_rtos_imxcm4.elf.dir/home/oosman/repos/nextgen/build_wayland/tmp/work/imx8mm_var_dart-fslc-linux/freertos-variscite/2.9.x-r0/git/devices/MIMX8MM6/drivers/fsl_clock.c.obj
                0x000000001ffe5414                CLOCK_InitAudioPll1
 .text.CLOCK_InitAudioPll2
                0x000000001ffe547c       0x74 CMakeFiles/rpmsg_lite_str_echo_rtos_imxcm4.elf.dir/home/oosman/repos/nextgen/build_wayland/tmp/work/imx8mm_var_dart-fslc-linux/freertos-variscite/2.9.x-r0/git/devices/MIMX8MM6/drivers/fsl_clock.c.obj
                0x000000001ffe547c                CLOCK_InitAudioPll2
 .text.CLOCK_InitFracPll
                0x000000001ffe54f0      0x15c CMakeFiles/rpmsg_lite_str_echo_rtos_imxcm4.elf.dir/home/oosman/repos/nextgen/build_wayland/tmp/work/imx8mm_var_dart-fslc-linux/freertos-variscite/2.9.x-r0/git/devices/MIMX8MM6/drivers/fsl_clock.c.obj
                0x000000001ffe54f0                CLOCK_InitFracPll
 .text.CLOCK_GetFracPllFreq
                0x000000001ffe564c      0x11c CMakeFiles/rpmsg_lite_str_echo_rtos_imxcm4.elf.dir/home/oosman/repos/nextgen/build_wayland/tmp/work/imx8mm_var_dart-fslc-linux/freertos-variscite/2.9.x-r0/git/devices/MIMX8MM6/drivers/fsl_clock.c.obj
                0x000000001ffe564c                CLOCK_GetFracPllFreq
 .text.CLOCK_GetIntegerPllFreq
                0x000000001ffe5768       0xe8 CMakeFiles/rpmsg_lite_str_echo_rtos_imxcm4.elf.dir/home/oosman/repos/nextgen/build_wayland/tmp/work/imx8mm_var_dart-fslc-linux/freertos-variscite/2.9.x-r0/git/devices/MIMX8MM6/drivers/fsl_clock.c.obj
                0x000000001ffe5768                CLOCK_GetIntegerPllFreq
 .text.CLOCK_SetRootDivider
                0x000000001ffe5850       0x80 CMakeFiles/rpmsg_lite_str_echo_rtos_imxcm4.elf.dir/home/oosman/repos/nextgen/build_wayland/tmp/work/imx8mm_var_dart-fslc-linux/freertos-variscite/2.9.x-r0/git/devices/MIMX8MM6/drivers/fsl_clock.c.obj
                0x000000001ffe5850                CLOCK_SetRootDivider
 .text.CLOCK_EnableClock
                0x000000001ffe58d0       0x56 CMakeFiles/rpmsg_lite_str_echo_rtos_imxcm4.elf.dir/home/oosman/repos/nextgen/build_wayland/tmp/work/imx8mm_var_dart-fslc-linux/freertos-variscite/2.9.x-r0/git/devices/MIMX8MM6/drivers/fsl_clock.c.obj
                0x000000001ffe58d0                CLOCK_EnableClock
 *fill*         0x000000001ffe5926        0x2 
 .text.MU_GetInstance
                0x000000001ffe5928       0x54 CMakeFiles/rpmsg_lite_str_echo_rtos_imxcm4.elf.dir/home/oosman/repos/nextgen/build_wayland/tmp/work/imx8mm_var_dart-fslc-linux/freertos-variscite/2.9.x-r0/git/devices/MIMX8MM6/drivers/fsl_mu.c.obj
 .text.MU_Init  0x000000001ffe597c       0x20 CMakeFiles/rpmsg_lite_str_echo_rtos_imxcm4.elf.dir/home/oosman/repos/nextgen/build_wayland/tmp/work/imx8mm_var_dart-fslc-linux/freertos-variscite/2.9.x-r0/git/devices/MIMX8MM6/drivers/fsl_mu.c.obj
                0x000000001ffe597c                MU_Init
 .text.MU_SendMsg
                0x000000001ffe599c       0x54 CMakeFiles/rpmsg_lite_str_echo_rtos_imxcm4.elf.dir/home/oosman/repos/nextgen/build_wayland/tmp/work/imx8mm_var_dart-fslc-linux/freertos-variscite/2.9.x-r0/git/devices/MIMX8MM6/drivers/fsl_mu.c.obj
                0x000000001ffe599c                MU_SendMsg
 .text.RDC_SetMasterDomainAssignment
                0x000000001ffe59f0       0x48 CMakeFiles/rpmsg_lite_str_echo_rtos_imxcm4.elf.dir/home/oosman/repos/nextgen/build_wayland/tmp/work/imx8mm_var_dart-fslc-linux/freertos-variscite/2.9.x-r0/git/devices/MIMX8MM6/drivers/fsl_rdc.c.obj
                0x000000001ffe59f0                RDC_SetMasterDomainAssignment
 .text.PrintGetWidth
                0x000000001ffe5a38       0x6a CMakeFiles/rpmsg_lite_str_echo_rtos_imxcm4.elf.dir/home/oosman/repos/nextgen/build_wayland/tmp/work/imx8mm_var_dart-fslc-linux/freertos-variscite/2.9.x-r0/git/devices/MIMX8MM6/utilities/str/fsl_str.c.obj
 .text.PrintGetPrecision
                0x000000001ffe5aa2       0x8c CMakeFiles/rpmsg_lite_str_echo_rtos_imxcm4.elf.dir/home/oosman/repos/nextgen/build_wayland/tmp/work/imx8mm_var_dart-fslc-linux/freertos-variscite/2.9.x-r0/git/devices/MIMX8MM6/utilities/str/fsl_str.c.obj
 .text.PrintIsobpu
                0x000000001ffe5b2e       0x38 CMakeFiles/rpmsg_lite_str_echo_rtos_imxcm4.elf.dir/home/oosman/repos/nextgen/build_wayland/tmp/work/imx8mm_var_dart-fslc-linux/freertos-variscite/2.9.x-r0/git/devices/MIMX8MM6/utilities/str/fsl_str.c.obj
 .text.PrintIsdi
                0x000000001ffe5b66       0x2c CMakeFiles/rpmsg_lite_str_echo_rtos_imxcm4.elf.dir/home/oosman/repos/nextgen/build_wayland/tmp/work/imx8mm_var_dart-fslc-linux/freertos-variscite/2.9.x-r0/git/devices/MIMX8MM6/utilities/str/fsl_str.c.obj
 .text.PrintOutputdifFobpu
                0x000000001ffe5b92       0x44 CMakeFiles/rpmsg_lite_str_echo_rtos_imxcm4.elf.dir/home/oosman/repos/nextgen/build_wayland/tmp/work/imx8mm_var_dart-fslc-linux/freertos-variscite/2.9.x-r0/git/devices/MIMX8MM6/utilities/str/fsl_str.c.obj
 .text.PrintOutputxX
                0x000000001ffe5bd6       0x44 CMakeFiles/rpmsg_lite_str_echo_rtos_imxcm4.elf.dir/home/oosman/repos/nextgen/build_wayland/tmp/work/imx8mm_var_dart-fslc-linux/freertos-variscite/2.9.x-r0/git/devices/MIMX8MM6/utilities/str/fsl_str.c.obj
 .text.PrintIsfF
                0x000000001ffe5c1a       0x2c CMakeFiles/rpmsg_lite_str_echo_rtos_imxcm4.elf.dir/home/oosman/repos/nextgen/build_wayland/tmp/work/imx8mm_var_dart-fslc-linux/freertos-variscite/2.9.x-r0/git/devices/MIMX8MM6/utilities/str/fsl_str.c.obj
 .text.PrintIsxX
                0x000000001ffe5c46       0x2c CMakeFiles/rpmsg_lite_str_echo_rtos_imxcm4.elf.dir/home/oosman/repos/nextgen/build_wayland/tmp/work/imx8mm_var_dart-fslc-linux/freertos-variscite/2.9.x-r0/git/devices/MIMX8MM6/utilities/str/fsl_str.c.obj
 .text.PrintFilterLengthFlag
                0x000000001ffe5c72       0x3e CMakeFiles/rpmsg_lite_str_echo_rtos_imxcm4.elf.dir/home/oosman/repos/nextgen/build_wayland/tmp/work/imx8mm_var_dart-fslc-linux/freertos-variscite/2.9.x-r0/git/devices/MIMX8MM6/utilities/str/fsl_str.c.obj
 .text.PrintGetRadixFromobpu
                0x000000001ffe5cb0       0x40 CMakeFiles/rpmsg_lite_str_echo_rtos_imxcm4.elf.dir/home/oosman/repos/nextgen/build_wayland/tmp/work/imx8mm_var_dart-fslc-linux/freertos-variscite/2.9.x-r0/git/devices/MIMX8MM6/utilities/str/fsl_str.c.obj
 .text.ConvertRadixNumToString
                0x000000001ffe5cf0      0x110 CMakeFiles/rpmsg_lite_str_echo_rtos_imxcm4.elf.dir/home/oosman/repos/nextgen/build_wayland/tmp/work/imx8mm_var_dart-fslc-linux/freertos-variscite/2.9.x-r0/git/devices/MIMX8MM6/utilities/str/fsl_str.c.obj
 .text.StrFormatPrintf
                0x000000001ffe5e00      0x290 CMakeFiles/rpmsg_lite_str_echo_rtos_imxcm4.elf.dir/home/oosman/repos/nextgen/build_wayland/tmp/work/imx8mm_var_dart-fslc-linux/freertos-variscite/2.9.x-r0/git/devices/MIMX8MM6/utilities/str/fsl_str.c.obj
                0x000000001ffe5e00                StrFormatPrintf
 .text.DbgConsole_SendDataReliable
                0x000000001ffe6090       0x50 CMakeFiles/rpmsg_lite_str_echo_rtos_imxcm4.elf.dir/home/oosman/repos/nextgen/build_wayland/tmp/work/imx8mm_var_dart-fslc-linux/freertos-variscite/2.9.x-r0/git/devices/MIMX8MM6/utilities/debug_console/fsl_debug_console.c.obj
                0x000000001ffe6090                DbgConsole_SendDataReliable
 .text.DbgConsole_PrintCallback
                0x000000001ffe60e0       0x66 CMakeFiles/rpmsg_lite_str_echo_rtos_imxcm4.elf.dir/home/oosman/repos/nextgen/build_wayland/tmp/work/imx8mm_var_dart-fslc-linux/freertos-variscite/2.9.x-r0/git/devices/MIMX8MM6/utilities/debug_console/fsl_debug_console.c.obj
 *fill*         0x000000001ffe6146        0x2 
 .text.DbgConsole_Init
                0x000000001ffe6148      0x118 CMakeFiles/rpmsg_lite_str_echo_rtos_imxcm4.elf.dir/home/oosman/repos/nextgen/build_wayland/tmp/work/imx8mm_var_dart-fslc-linux/freertos-variscite/2.9.x-r0/git/devices/MIMX8MM6/utilities/debug_console/fsl_debug_console.c.obj
                0x000000001ffe6148                DbgConsole_Init
 .text.DbgConsole_Printf
                0x000000001ffe6260       0x78 CMakeFiles/rpmsg_lite_str_echo_rtos_imxcm4.elf.dir/home/oosman/repos/nextgen/build_wayland/tmp/work/imx8mm_var_dart-fslc-linux/freertos-variscite/2.9.x-r0/git/devices/MIMX8MM6/utilities/debug_console/fsl_debug_console.c.obj